Component: ARM Compiler 5.06 update 5 (build 528) Tool: armlink [4d35e2]

==============================================================================

Section Cross References

    ece_spi.o(i.SPI_readBytes) refers to ece_spi.o(i.SPI_select) for SPI_select
    ece_spi.o(i.SPI_readBytes) refers to ece_spi.o(i.SPI_xfer) for SPI_xfer
    ece_spi.o(i.SPI_readBytes) refers to ece_spi.o(i.SPI_deselect) for SPI_deselect
    ece_spi.o(i.SPI_readRegister) refers to ece_spi.o(i.SPI_select) for SPI_select
    ece_spi.o(i.SPI_readRegister) refers to ece_spi.o(i.SPI_xfer) for SPI_xfer
    ece_spi.o(i.SPI_readRegister) refers to ece_spi.o(i.SPI_deselect) for SPI_deselect
    ece_spi.o(i.SPI_writeRegister) refers to ece_spi.o(i.SPI_select) for SPI_select
    ece_spi.o(i.SPI_writeRegister) refers to ece_spi.o(i.SPI_xfer) for SPI_xfer
    ece_spi.o(i.SPI_writeRegister) refers to ece_spi.o(i.SPI_deselect) for SPI_deselect
    mpu9250.o(i.DelayMilliseconds) refers to mpu9250.o(i.DelayOneMillisecond) for DelayOneMillisecond
    mpu9250.o(i.MPU9250_AK8963_whoami) refers to mpu9250.o(i.MPU9250_WriteReg) for MPU9250_WriteReg
    mpu9250.o(i.MPU9250_AK8963_whoami) refers to mpu9250.o(i.DelayOneMillisecond) for DelayOneMillisecond
    mpu9250.o(i.MPU9250_ReadReg) refers to mpu9250.o(i.MPU9250_WriteReg) for MPU9250_WriteReg
    mpu9250.o(i.MPU9250_ReadRegs) refers to ece_spi.o(i.SPI_select) for SPI_select
    mpu9250.o(i.MPU9250_ReadRegs) refers to ece_spi.o(i.SPI_xfer) for SPI_xfer
    mpu9250.o(i.MPU9250_ReadRegs) refers to ece_spi.o(i.SPI_deselect) for SPI_deselect
    mpu9250.o(i.MPU9250_WriteReg) refers to ece_spi.o(i.SPI_select) for SPI_select
    mpu9250.o(i.MPU9250_WriteReg) refers to ece_spi.o(i.SPI_xfer) for SPI_xfer
    mpu9250.o(i.MPU9250_WriteReg) refers to ece_spi.o(i.SPI_deselect) for SPI_deselect
    mpu9250.o(i.MPU9250_calib_acc) refers to mpu9250.o(i.MPU9250_WriteReg) for MPU9250_WriteReg
    mpu9250.o(i.MPU9250_calib_acc) refers to mpu9250.o(i.MPU9250_set_acc_scale) for MPU9250_set_acc_scale
    mpu9250.o(i.MPU9250_calib_acc) refers to mpu9250.o(i.MPU9250_ReadRegs) for MPU9250_ReadRegs
    mpu9250.o(i.MPU9250_calib_acc) refers to mpu9250.o(.bss) for calib_data
    mpu9250.o(i.MPU9250_calib_mag) refers to mpu9250.o(i.MPU9250_WriteReg) for MPU9250_WriteReg
    mpu9250.o(i.MPU9250_calib_mag) refers to mpu9250.o(i.DelayMilliseconds) for DelayMilliseconds
    mpu9250.o(i.MPU9250_calib_mag) refers to mpu9250.o(i.MPU9250_ReadRegs) for MPU9250_ReadRegs
    mpu9250.o(i.MPU9250_calib_mag) refers to ffltui.o(.text) for __aeabi_ui2f
    mpu9250.o(i.MPU9250_calib_mag) refers to fadd.o(.text) for __aeabi_fsub
    mpu9250.o(i.MPU9250_calib_mag) refers to fdiv.o(.text) for __aeabi_fdiv
    mpu9250.o(i.MPU9250_calib_mag) refers to fmul.o(.text) for __aeabi_fmul
    mpu9250.o(i.MPU9250_calib_mag) refers to mpu9250.o(.bss) for Magnetometer_ASA
    mpu9250.o(i.MPU9250_calibrate) refers to mpu9250.o(i.MPU9250_WriteReg) for MPU9250_WriteReg
    mpu9250.o(i.MPU9250_calibrate) refers to mpu9250.o(i.DelayMilliseconds) for DelayMilliseconds
    mpu9250.o(i.MPU9250_calibrate) refers to mpu9250.o(i.MPU9250_ReadRegs) for MPU9250_ReadRegs
    mpu9250.o(i.MPU9250_calibrate) refers to ffltui.o(.text) for __aeabi_ui2f
    mpu9250.o(i.MPU9250_calibrate) refers to fflti.o(.text) for __aeabi_i2f
    mpu9250.o(i.MPU9250_calibrate) refers to fdiv.o(.text) for __aeabi_fdiv
    mpu9250.o(i.MPU9250_get_CNTL1) refers to mpu9250.o(i.MPU9250_WriteReg) for MPU9250_WriteReg
    mpu9250.o(i.MPU9250_init) refers to memcpya.o(.text) for __aeabi_memcpy4
    mpu9250.o(i.MPU9250_init) refers to ece_spi.o(i.SPI_setup) for SPI_setup
    mpu9250.o(i.MPU9250_init) refers to mpu9250.o(i.MPU9250_calibrate) for MPU9250_calibrate
    mpu9250.o(i.MPU9250_init) refers to mpu9250.o(i.MPU9250_WriteReg) for MPU9250_WriteReg
    mpu9250.o(i.MPU9250_init) refers to mpu9250.o(i.DelayMilliseconds) for DelayMilliseconds
    mpu9250.o(i.MPU9250_init) refers to mpu9250.o(i.MPU9250_set_acc_scale) for MPU9250_set_acc_scale
    mpu9250.o(i.MPU9250_init) refers to mpu9250.o(i.MPU9250_set_gyro_scale) for MPU9250_set_gyro_scale
    mpu9250.o(i.MPU9250_init) refers to mpu9250.o(i.MPU9250_calib_mag) for MPU9250_calib_mag
    mpu9250.o(i.MPU9250_init) refers to mpu9250.o(.constdata) for .constdata
    mpu9250.o(i.MPU9250_init) refers to mpu9250.o(.bss) for a_bias
    mpu9250.o(i.MPU9250_read_acc) refers to mpu9250.o(i.MPU9250_ReadRegs) for MPU9250_ReadRegs
    mpu9250.o(i.MPU9250_read_acc) refers to fflti.o(.text) for __aeabi_i2f
    mpu9250.o(i.MPU9250_read_acc) refers to fdiv.o(.text) for __aeabi_fdiv
    mpu9250.o(i.MPU9250_read_acc) refers to fadd.o(.text) for __aeabi_fsub
    mpu9250.o(i.MPU9250_read_acc) refers to mpu9250.o(.data) for acc_divider
    mpu9250.o(i.MPU9250_read_acc) refers to mpu9250.o(.bss) for a_bias
    mpu9250.o(i.MPU9250_read_all) refers to mpu9250.o(i.MPU9250_WriteReg) for MPU9250_WriteReg
[...]
    RTE\CMSIS\RTX_Conf_CM.c                  0x00000000   Number         0  rtx_conf_cm.o ABSOLUTE
    RTE\Device\LPC1768\startup_LPC17xx.s     0x00000000   Number         0  startup_lpc17xx.o ABSOLUTE
    RTE\Device\LPC1768\system_LPC17xx.c      0x00000000   Number         0  system_lpc17xx.o ABSOLUTE
    RTE\\Device\\LPC1768\\system_LPC17xx.c   0x00000000   Number         0  system_lpc17xx.o ABSOLUTE
    Retarget.c                               0x00000000   Number         0  retarget.o ABSOLUTE
    SVC_Table.s                              0x00000000   Number         0  svc_table.o ABSOLUTE
    cdrcmple.s                               0x00000000   Number         0  cdrcmple.o ABSOLUTE
    cfcmple.s                                0x00000000   Number         0  cfcmple.o ABSOLUTE
    cfrcmple.s                               0x00000000   Number         0  cfrcmple.o ABSOLUTE
    dc.s                                     0x00000000   Number         0  dc.o ABSOLUTE
    ece_spi.c                                0x00000000   Number         0  ece_spi.o ABSOLUTE
    ece_spi.c                                0x00000000   Number         0  ece_spi.o ABSOLUTE
    handlers.s                               0x00000000   Number         0  handlers.o ABSOLUTE
    init.s                                   0x00000000   Number         0  init.o ABSOLUTE
    led.c                                    0x00000000   Number         0  led.o ABSOLUTE
    led.c                                    0x00000000   Number         0  led.o ABSOLUTE
    sensor_fusion.c                          0x00000000   Number         0  sensor_fusion.o ABSOLUTE
    timer.c                                  0x00000000   Number         0  timer.o ABSOLUTE
    timer.c                                  0x00000000   Number         0  timer.o ABSOLUTE
    uart.c                                   0x00000000   Number         0  uart.o ABSOLUTE
    uart.c                                   0x00000000   Number         0  uart.o ABSOLUTE
    .ARM.Collect$$$$00000000                 0x000000cc   Section        0  entry.o(.ARM.Collect$$$$00000000)
    .ARM.Collect$$$$00000001                 0x000000cc   Section        4  entry2.o(.ARM.Collect$$$$00000001)
    .ARM.Collect$$$$00000004                 0x000000d0   Section        4  entry5.o(.ARM.Collect$$$$00000004)
    .ARM.Collect$$$$00000008                 0x000000d4   Section        0  entry7b.o(.ARM.Collect$$$$00000008)
    .ARM.Collect$$$$0000000A                 0x000000d4   Section        0  entry8b.o(.ARM.Collect$$$$0000000A)
    .ARM.Collect$$$$0000000D                 0x000000d4   Section        0  entry10a.o(.ARM.Collect$$$$0000000D)
    .ARM.Collect$$$$0000000F                 0x000000d4   Section        0  entry11a.o(.ARM.Collect$$$$0000000F)
    .ARM.Collect$$$$000000FF                 0x000000d4   Section        0  rtx_conf_cm.o(.ARM.Collect$$$$000000FF)
    .ARM.Collect$$$$00002712                 0x000000ec   Section        4  entry2.o(.ARM.Collect$$$$00002712)
    __lit__00000000                          0x000000ec   Data           4  entry2.o(.ARM.Collect$$$$00002712)
    .emb_text                                0x000000f0   Section      304  hal_cm3.o(.emb_text)
    .text                                    0x00000220   Section       36  startup_lpc17xx.o(.text)
    .text                                    0x00000244   Section        0  uldiv.o(.text)
    .text                                    0x000002a6   Section        0  memcpya.o(.text)
    .text                                    0x000002ca   Section        0  fflti.o(.text)
    .text                                    0x000002dc   Section        0  ffltui.o(.text)
    .text                                    0x000002e8   Section       20  cfcmple.o(.text)
    .ARM.__at_0x02FC                         0x000002fc   Section        4  startup_lpc17xx.o(.ARM.__at_0x02FC)
    .text                                    0x00000300   Section        0  fadd.o(.text)
    .text                                    0x000003b0   Section        0  fmul.o(.text)
    .text                                    0x00000414   Section        0  fdiv.o(.text)
    .text                                    0x00000490   Section        0  dadd.o(.text)
    .text                                    0x000005de   Section        0  ddiv.o(.text)
    .text                                    0x000006bc   Section        0  f2d.o(.text)
    .text                                    0x000006e4   Section       20  cfrcmple.o(.text)
    .text                                    0x000006f8   Section        0  uidiv.o(.text)
    .text                                    0x00000724   Section        0  llshl.o(.text)
    .text                                    0x00000742   Section        0  llushr.o(.text)
    .text                                    0x00000762   Section        0  llsshr.o(.text)
    .text                                    0x00000786   Section        0  fepilogue.o(.text)
    .text                                    0x00000786   Section        0  iusefp.o(.text)
    .text                                    0x000007f4   Section        0  fscalb.o(.text)
    .text                                    0x0000080c   Section        0  fsqrt.o(.text)
    .text                                    0x0000086a   Section        0  depilogue.o(.text)
    .text                                    0x00000924   Section        0  dmul.o(.text)
    .text                                    0x00000a08   Section        0  dfixul.o(.text)
    .text                                    0x00000a38   Section       48  cdrcmple.o(.text)
    .text                                    0x00000a68   Section       36  init.o(.text)
    SVC_TABLE                                0x00000a8c   Section        4  svc_table.o(SVC_TABLE)
    i.DelayMilliseconds                      0x00000a90   Section        0  mpu9250.o(i.DelayMilliseconds)
    DelayMilliseconds                        0x00000a91   Thumb Code    20  mpu9250.o(i.DelayMilliseconds)
    i.DelayOneMillisecond                    0x00000aa4   Section        0  mpu9250.o(i.DelayOneMillisecond)
    DelayOneMillisecond                      0x00000aa5   Thumb Code    16  mpu9250.o(i.DelayOneMillisecond)
    i.Free                                   0x00000ab4   Section        0  uart.o(i.Free)
    i.FreeRcv                                0x00000abc   Section        0  uart.o(i.FreeRcv)
    i.FreeSnd                                0x00000ae0   Section        0  uart.o(i.FreeSnd)
    i.LED_clear                              0x00000b04   Section        0  led.o(i.LED_clear)
    i.LED_display                            0x00000b28   Section        0  led.o(i.LED_display)
    i.LED_set                                0x00000b50   Section        0  led.o(i.LED_set)
    i.LED_setup                              0x00000b74   Section        0  led.o(i.LED_setup)
    i.MPU9250_ReadRegs                       0x00000b9c   Section        0  mpu9250.o(i.MPU9250_ReadRegs)
    i.MPU9250_WriteReg                       0x00000bce   Section        0  mpu9250.o(i.MPU9250_WriteReg)
    i.MPU9250_calib_mag                      0x00000bf0   Section        0  mpu9250.o(i.MPU9250_calib_mag)
    i.MPU9250_calibrate                      0x00000ca8   Section        0  mpu9250.o(i.MPU9250_calibrate)
    i.MPU9250_init                           0x00001104   Section        0  mpu9250.o(i.MPU9250_init)
    i.MPU9250_read_acc                       0x00001184   Section        0  mpu9250.o(i.MPU9250_read_acc)
    i.MPU9250_read_gyro                      0x000011e8   Section        0  mpu9250.o(i.MPU9250_read_gyro)
    i.MPU9250_read_mag                       0x0000124c   Section        0  mpu9250.o(i.MPU9250_read_mag)
    i.MPU9250_set_acc_scale                  0x000012dc   Section        0  mpu9250.o(i.MPU9250_set_acc_scale)
    i.MPU9250_set_gyro_scale                 0x00001358   Section        0  mpu9250.o(i.MPU9250_set_gyro_scale)
    i.MPU9250_whoami                         0x000013e0   Section        0  mpu9250.o(i.MPU9250_whoami)
    i.SPI_deselect                           0x000013f0   Section        0  ece_spi.o(i.SPI_deselect)
    i.SPI_select                             0x00001400   Section        0  ece_spi.o(i.SPI_select)
    i.SPI_setup                              0x00001410   Section        0  ece_spi.o(i.SPI_setup)
    i.SPI_xfer                               0x00001478   Section        0  ece_spi.o(i.SPI_xfer)
    i.SystemInit                             0x00001498   Section        0  system_lpc17xx.o(i.SystemInit)
    i.UART0_IRQHandler                       0x000015d8   Section        0  uart.o(i.UART0_IRQHandler)
    i.UART1_IRQHandler                       0x00001640   Section        0  uart.o(i.UART1_IRQHandler)
    i.UARTInit                               0x000016b0   Section        0  uart.o(i.UARTInit)
    i.UARTSendChar                           0x0000176c   Section        0  uart.o(i.UARTSendChar)
    i.__0printf                              0x00001790   Section        0  printfa.o(i.__0printf)
    i.__ARM_fpclassifyf                      0x000017b0   Section        0  fpclassifyf.o(i.__ARM_fpclassifyf)
    i.__NVIC_EnableIRQ                       0x000017d6   Section        0  uart.o(i.__NVIC_EnableIRQ)
    __NVIC_EnableIRQ                         0x000017d7   Thumb Code    26  uart.o(i.__NVIC_EnableIRQ)
    i.__mathlib_flt_infnan                   0x000017f0   Section        0  funder.o(i.__mathlib_flt_infnan)
    i.__mathlib_flt_infnan2                  0x000017f6   Section        0  funder.o(i.__mathlib_flt_infnan2)
    i.__mathlib_flt_invalid                  0x000017fa   Section        0  funder.o(i.__mathlib_flt_invalid)
    i.__mathlib_flt_underflow                0x00001802   Section        0  funder.o(i.__mathlib_flt_underflow)
    i.__scatterload_copy                     0x0000180c   Section       14  handlers.o(i.__scatterload_copy)
    i.__scatterload_null                     0x0000181a   Section        2  handlers.o(i.__scatterload_null)
    i.__scatterload_zeroinit                 0x0000181c   Section       14  handlers.o(i.__scatterload_zeroinit)
    i.__set_errno                            0x0000182c   Section        0  errno.o(i.__set_errno)
    i._fp_digits                             0x00001838   Section        0  printfa.o(i._fp_digits)
    _fp_digits                               0x00001839   Thumb Code   366  printfa.o(i._fp_digits)
    i._init_box                              0x000019bc   Section        0  rt_membox.o(i._init_box)
    i._printf_core                           0x00001a04   Section        0  printfa.o(i._printf_core)
    _printf_core                             0x00001a05   Thumb Code  1744  printfa.o(i._printf_core)
    i._printf_post_padding                   0x000020e0   Section        0  printfa.o(i._printf_post_padding)
    _printf_post_padding                     0x000020e1   Thumb Code    36  printfa.o(i._printf_post_padding)
    i._printf_pre_padding                    0x00002104   Section        0  printfa.o(i._printf_pre_padding)
    _printf_pre_padding                      0x00002105   Thumb Code    46  printfa.o(i._printf_pre_padding)
    i.asinf                                  0x00002134   Section        0  asinf.o(i.asinf)
    i.atan2f                                 0x00002258   Section        0  atan2f.o(i.atan2f)
    i.commit_data                            0x000024b4   Section        0  multi_thread.o(i.commit_data)
    i.computeAngles                          0x00002540   Section        0  sensor_fusion.o(i.computeAngles)
    i.dbg_init                               0x00002654   Section        0  hal_cm.o(i.dbg_init)
    i.dbg_task_notify                        0x00002684   Section        0  hal_cm.o(i.dbg_task_notify)
    i.dbg_task_switch                        0x000026a4   Section        0  hal_cm.o(i.dbg_task_switch)
    i.fputc                                  0x000026b4   Section        0  retarget.o(i.fputc)
    i.getFrequency                           0x000026c4   Section        0  uart.o(i.getFrequency)
    i.invSqrt                                0x0000270c   Section        0  sensor_fusion.o(i.invSqrt)
    i.isrMessageGet                          0x0000277c   Section        0  rt_cmsis.o(i.isrMessageGet)
    i.isrMessagePut                          0x000027a6   Section        0  rt_cmsis.o(i.isrMessagePut)
    i.isr_mbx_receive                        0x000027d4   Section        0  rt_mailbox.o(i.isr_mbx_receive)
    i.isr_mbx_send                           0x0000282a   Section        0  rt_mailbox.o(i.isr_mbx_send)
    i.main                                   0x00002838   Section        0  multi_thread.o(i.main)
    i.osKernelInitialize                     0x0000289c   Section        0  rt_cmsis.o(i.osKernelInitialize)
    i.osKernelStart                          0x000028c0   Section        0  rt_cmsis.o(i.osKernelStart)
    i.osMessageGet                           0x0000292c   Section        0  rt_cmsis.o(i.osMessageGet)
    i.osMutexCreate                          0x00002944   Section        0  rt_cmsis.o(i.osMutexCreate)
    i.osMutexRelease                         0x00002970   Section        0  rt_cmsis.o(i.osMutexRelease)
    i.osMutexWait                            0x00002988   Section        0  rt_cmsis.o(i.osMutexWait)
    i.osThreadCreate                         0x000029a0   Section        0  rt_cmsis.o(i.osThreadCreate)
    i.osThreadExit                           0x000029cc   Section        0  rt_cmsis.o(i.osThreadExit)
    i.osTimerCall                            0x000029e4   Section        0  rt_cmsis.o(i.osTimerCall)
    i.osTimerThread                          0x000029f0   Section        0  rt_cmsis.o(i.osTimerThread)
    i.os_error                               0x00002a1c   Section        0  rtx_conf_cm.o(i.os_error)
    i.os_idle_demon                          0x00002a3e   Section        0  rtx_conf_cm.o(i.os_idle_demon)
    i.os_tick_init                           0x00002a44   Section        0  rt_system.o(i.os_tick_init)
    i.os_tick_irqack                         0x00002a6c   Section        0  rt_system.o(i.os_tick_irqack)
    i.pull_data                              0x00002a70   Section        0  multi_thread.o(i.pull_data)
    i.push_data                              0x00002ad0   Section        0  multi_thread.o(i.push_data)
    i.rt_alloc_box                           0x00002b6c   Section        0  rt_membox.o(i.rt_alloc_box)
    i.rt_alloc_mem                           0x00002b86   Section        0  rt_memory.o(i.rt_alloc_mem)
    i.rt_block                               0x00002bc4   Section        0  rt_task.o(i.rt_block)
    i.rt_chk_robin                           0x00002bfc   Section        0  rt_robin.o(i.rt_chk_robin)
    i.rt_dec_dly                             0x00002c44   Section        0  rt_list.o(i.rt_dec_dly)
    i.rt_dispatch                            0x00002cb4   Section        0  rt_task.o(i.rt_dispatch)
    i.rt_evt_psh                             0x00002cf8   Section        0  rt_event.o(i.rt_evt_psh)
    i.rt_free_box                            0x00002d48   Section        0  rt_membox.o(i.rt_free_box)
    i.rt_free_mem                            0x00002d74   Section        0  rt_memory.o(i.rt_free_mem)
    i.rt_get_first                           0x00002d9c   Section        0  rt_list.o(i.rt_get_first)
    i.rt_id2obj                              0x00002dc4   Section        0  rt_cmsis.o(i.rt_id2obj)
    rt_id2obj                                0x00002dc5   Thumb Code     8  rt_cmsis.o(i.rt_id2obj)
    i.rt_init_context                        0x00002dcc   Section        0  rt_task.o(i.rt_init_context)
    rt_init_context                          0x00002dcd   Thumb Code    66  rt_task.o(i.rt_init_context)
    i.rt_init_mem                            0x00002e14   Section        0  rt_memory.o(i.rt_init_mem)
    i.rt_init_robin                          0x00002e30   Section        0  rt_robin.o(i.rt_init_robin)
    i.rt_init_stack                          0x00002e48   Section        0  hal_cm.o(i.rt_init_stack)
    i.rt_mbx_check                           0x00002ec8   Section        0  rt_mailbox.o(i.rt_mbx_check)
    i.rt_mbx_init                            0x00002ed0   Section        0  rt_mailbox.o(i.rt_mbx_init)
    i.rt_mbx_psh                             0x00002eec   Section        0  rt_mailbox.o(i.rt_mbx_psh)
    i.rt_mbx_wait                            0x00002fdc   Section        0  rt_mailbox.o(i.rt_mbx_wait)
    i.rt_ms2tick                             0x00003090   Section        0  rt_cmsis.o(i.rt_ms2tick)
    rt_ms2tick                               0x00003091   Thumb Code    58  rt_cmsis.o(i.rt_ms2tick)
    i.rt_mut_init                            0x000030d4   Section        0  rt_mutex.o(i.rt_mut_init)
    i.rt_mut_release                         0x000030e4   Section        0  rt_mutex.o(i.rt_mut_release)
    i.rt_mut_wait                            0x000031bc   Section        0  rt_mutex.o(i.rt_mut_wait)
    i.rt_pop_req                             0x00003234   Section        0  rt_system.o(i.rt_pop_req)
    i.rt_psh_req                             0x000032b0   Section        0  rt_system.o(i.rt_psh_req)
    i.rt_psq_enq                             0x000032d0   Section        0  rt_list.o(i.rt_psq_enq)
    i.rt_put_dly                             0x0000332c   Section        0  rt_list.o(i.rt_put_dly)
    i.rt_put_prio                            0x00003374   Section        0  rt_list.o(i.rt_put_prio)
    i.rt_put_rdy_first                       0x000033ac   Section        0  rt_list.o(i.rt_put_rdy_first)
    i.rt_resort_prio                         0x000033c0   Section        0  rt_list.o(i.rt_resort_prio)
    i.rt_ret_val                             0x000033f4   Section        0  hal_cm.o(i.rt_ret_val)
    i.rt_ret_val2                            0x000033fa   Section        0  hal_cm.o(i.rt_ret_val2)
    i.rt_rmv_dly                             0x00003402   Section        0  rt_list.o(i.rt_rmv_dly)
    i.rt_rmv_list                            0x0000342c   Section        0  rt_list.o(i.rt_rmv_list)
    i.rt_sem_psh                             0x0000345c   Section        0  rt_semaphore.o(i.rt_sem_psh)
    i.rt_stk_check                           0x00003490   Section        0  rt_system.o(i.rt_stk_check)
    i.rt_switch_req                          0x000034b4   Section        0  rt_task.o(i.rt_switch_req)
    i.rt_sys_init                            0x000034dc   Section        0  rt_task.o(i.rt_sys_init)
    i.rt_sys_start                           0x000035a8   Section        0  rt_task.o(i.rt_sys_start)
    i.rt_systick                             0x00003620   Section        0  rt_system.o(i.rt_systick)
    i.rt_tid2ptcb                            0x00003660   Section        0  rt_cmsis.o(i.rt_tid2ptcb)
    rt_tid2ptcb                              0x00003661   Thumb Code    18  rt_cmsis.o(i.rt_tid2ptcb)
    i.rt_timer_insert                        0x00003674   Section        0  rt_cmsis.o(i.rt_timer_insert)
    rt_timer_insert                          0x00003675   Thumb Code    48  rt_cmsis.o(i.rt_timer_insert)
    i.rt_tsk_create                          0x000036a8   Section        0  rt_task.o(i.rt_tsk_create)
    i.rt_tsk_delete                          0x00003730   Section        0  rt_task.o(i.rt_tsk_delete)
    i.rt_tsk_prio                            0x000038ac   Section        0  rt_task.o(i.rt_tsk_prio)
    i.rt_tsk_self                            0x00003928   Section        0  rt_task.o(i.rt_tsk_self)
    i.sendchar                               0x00003938   Section        0  retarget.o(i.sendchar)
    i.sensor_fusion_begin                    0x0000397c   Section        0  sensor_fusion.o(i.sensor_fusion_begin)
    i.sensor_fusion_getPitch                 0x00003994   Section        0  sensor_fusion.o(i.sensor_fusion_getPitch)
    i.sensor_fusion_getRoll                  0x000039b8   Section        0  sensor_fusion.o(i.sensor_fusion_getRoll)
    i.sensor_fusion_getYaw                   0x000039dc   Section        0  sensor_fusion.o(i.sensor_fusion_getYaw)
    i.sensor_fusion_init                     0x00003a0c   Section        0  sensor_fusion.o(i.sensor_fusion_init)
    i.sensor_fusion_update                   0x00003a78   Section        0  sensor_fusion.o(i.sensor_fusion_update)
    i.sensor_fusion_updateIMU                0x000041d8   Section        0  sensor_fusion.o(i.sensor_fusion_updateIMU)
    i.sqrtf                                  0x00004640   Section        0  sqrtf.o(i.sqrtf)
    i.svcKernelInitialize                    0x0000466c   Section        0  rt_cmsis.o(i.svcKernelInitialize)
    i.svcKernelStart                         0x000046dc   Section        0  rt_cmsis.o(i.svcKernelStart)
    i.svcMessageCreate                       0x00004724   Section        0  rt_cmsis.o(i.svcMessageCreate)
    i.svcMessageGet                          0x00004748   Section        0  rt_cmsis.o(i.svcMessageGet)
    i.svcMutexCreate                         0x00004782   Section        0  rt_cmsis.o(i.svcMutexCreate)
    i.svcMutexRelease                        0x0000479e   Section        0  rt_cmsis.o(i.svcMutexRelease)
    i.svcMutexWait                           0x000047c0   Section        0  rt_cmsis.o(i.svcMutexWait)
    i.svcThreadCreate                        0x000047fc   Section        0  rt_cmsis.o(i.svcThreadCreate)
    i.svcThreadGetId                         0x00004868   Section        0  rt_cmsis.o(i.svcThreadGetId)
    i.svcThreadTerminate                     0x00004884   Section        0  rt_cmsis.o(i.svcThreadTerminate)
    i.svcTimerCall                           0x000048bc   Section        0  rt_cmsis.o(i.svcTimerCall)
    i.sysTimerTick                           0x000048d4   Section        0  rt_cmsis.o(i.sysTimerTick)
    .constdata                               0x00004930   Section       34  mpu9250.o(.constdata)
    .constdata                               0x00004954   Section       60  multi_thread.o(.constdata)
    .constdata                               0x00004990   Section        8  led.o(.constdata)
    .constdata                               0x00004998   Section      104  rtx_conf_cm.o(.constdata)
    __tagsym$$used                           0x000049b4   Number         0  rtx_conf_cm.o(.constdata)
    __tagsym$$used                           0x000049b8   Number         0  rtx_conf_cm.o(.constdata)
    __tagsym$$used                           0x000049bc   Number         0  rtx_conf_cm.o(.constdata)
    __tagsym$$used                           0x000049c0   Number         0  rtx_conf_cm.o(.constdata)
    .data                                    0x10000000   Section       20  mpu9250.o(.data)
    .data                                    0x10000014   Section       12  retarget.o(.data)
    .data                                    0x10000020   Section       53  sensor_fusion.o(.data)
    .data                                    0x10000058   Section       32  uart.o(.data)
    .data                                    0x10000078   Section       12  multi_thread.o(.data)
    .data                                    0x10000084   Section       16  rtx_conf_cm.o(.data)
    .data                                    0x10000094   Section        4  system_lpc17xx.o(.data)
    .data                                    0x10000098   Section        8  rt_cmsis.o(.data)
    .data                                    0x100000a0   Section        8  rt_task.o(.data)
    .data                                    0x100000a8   Section        8  rt_system.o(.data)
    os_lock                                  0x100000a8   Data           1  rt_system.o(.data)
    os_psh_flag                              0x100000a9   Data           1  rt_system.o(.data)
    pend_flags                               0x100000aa   Data           1  rt_system.o(.data)
    .data                                    0x100000b0   Section        4  rt_time.o(.data)
    .data                                    0x100000b4   Section        1  hal_cm.o(.data)
    .data                                    0x100000b8   Section        8  rt_robin.o(.data)
    .data                                    0x100000c0   Section        4  errno.o(.data)
    _errno                                   0x100000c0   Data           4  errno.o(.data)
    .bss                                     0x100000c4   Section       84  mpu9250.o(.bss)
    .bss                                     0x10000118   Section      128  uart.o(.bss)
    .bss                                     0x10000198   Section       48  multi_thread.o(.bss)
    .bss                                     0x100001c8   Section     4400  rtx_conf_cm.o(.bss)
    .bss                                     0x100012f8   Section       52  rt_task.o(.bss)
    .bss                                     0x1000132c   Section       48  rt_list.o(.bss)
    STACK                                    0x10001360   Section     8192  startup_lpc17xx.o(STACK)

    Global Symbols

    Symbol Name                              Value     Ov Type        Size  Object(Section)

    BuildAttributes$$THM_ISAv4$P$D$K$B$S$PE$A:L22UL41UL21$X:L11$S22US41US21$IEEE1$IW$USESV6$~STKCKD$USESV7$~SHL$OTIME$ROPI$IEEEX$EBA8$MICROLIB$REQ8$PRES8$EABIv2 0x00000000   Number         0  anon$$obj.o ABSOLUTE
    __ARM_use_no_argv                        0x00000000   Number         0  multi_thread.o ABSOLUTE
    __Vectors                                0x00000000   Data           4  startup_lpc17xx.o(RESET)
    _printf_a                                0x00000000   Number         0  stubs.o ABSOLUTE
    _printf_c                                0x00000000   Number         0  stubs.o ABSOLUTE
    _printf_charcount                        0x00000000   Number         0  stubs.o ABSOLUTE
    _printf_d                                0x00000000   Number         0  stubs.o ABSOLUTE
    _printf_e                                0x00000000   Number         0  stubs.o ABSOLUTE
    _printf_f                                0x00000000   Number         0  stubs.o ABSOLUTE
    _printf_flags                            0x00000000   Number         0  stubs.o ABSOLUTE
    _printf_fp_dec                           0x00000000   Number         0  stubs.o ABSOLUTE
    _printf_fp_hex                           0x00000000   Number         0  stubs.o ABSOLUTE
    _printf_g                                0x00000000   Number         0  stubs.o ABSOLUTE
    _printf_i                                0x00000000   Number         0  stubs.o ABSOLUTE
    _printf_int_dec                          0x00000000   Number         0  stubs.o ABSOLUTE
    _printf_l                                0x00000000   Number         0  stubs.o ABSOLUTE
    _printf_lc                               0x00000000   Number         0  stubs.o ABSOLUTE
    _printf_ll                               0x00000000   Number         0  stubs.o ABSOLUTE
    _printf_lld                              0x00000000   Number         0  stubs.o ABSOLUTE
    _printf_lli                              0x00000000   Number         0  stubs.o ABSOLUTE
    _printf_llo                              0x00000000   Number         0  stubs.o ABSOLUTE
    _printf_llu                              0x00000000   Number         0  stubs.o ABSOLUTE
    _printf_llx                              0x00000000   Number         0  stubs.o ABSOLUTE
    _printf_longlong_dec                     0x00000000   Number         0  stubs.o ABSOLUTE
    _printf_longlong_hex                     0x00000000   Number         0  stubs.o ABSOLUTE
    _printf_longlong_oct                     0x00000000   Number         0  stubs.o ABSOLUTE
    _printf_ls                               0x00000000   Number         0  stubs.o ABSOLUTE
    _printf_mbtowc                           0x00000000   Number         0  stubs.o ABSOLUTE
    _printf_n                                0x00000000   Number         0  stubs.o ABSOLUTE
    _printf_o                                0x00000000   Number         0  stubs.o ABSOLUTE
    _printf_p                                0x00000000   Number         0  stubs.o ABSOLUTE
    _printf_percent                          0x00000000   Number         0  stubs.o ABSOLUTE
    _printf_pre_padding                      0x00000000   Number         0  stubs.o ABSOLUTE
    _printf_return_value                     0x00000000   Number         0  stubs.o ABSOLUTE
    _printf_s                                0x00000000   Number         0  stubs.o ABSOLUTE
    _printf_sizespec                         0x00000000   Number         0  stubs.o ABSOLUTE
    _printf_str                              0x00000000   Number         0  stubs.o ABSOLUTE
    _printf_truncate_signed                  0x00000000   Number         0  stubs.o ABSOLUTE
    _printf_truncate_unsigned                0x00000000   Number         0  stubs.o ABSOLUTE
    _printf_u                                0x00000000   Number         0  stubs.o ABSOLUTE
    _printf_wc                               0x00000000   Number         0  stubs.o ABSOLUTE
    _printf_wctomb                           0x00000000   Number         0  stubs.o ABSOLUTE
    _printf_widthprec                        0x00000000   Number         0  stubs.o ABSOLUTE
    _printf_x                                0x00000000   Number         0  stubs.o ABSOLUTE
    __cpp_initialize__aeabi_                  - Undefined Weak Reference
    __cxa_finalize                            - Undefined Weak Reference
    __decompress                              - Undefined Weak Reference
    _clock_init                               - Undefined Weak Reference
    _microlib_exit                            - Undefined Weak Reference
    __main                                   0x000000cd   Thumb Code     0  entry.o(.ARM.Collect$$$$00000000)
    _main_stk                                0x000000cd   Thumb Code     0  entry2.o(.ARM.Collect$$$$00000001)
    _main_scatterload                        0x000000d1   Thumb Code     0  entry5.o(.ARM.Collect$$$$00000004)
    __main_after_scatterload                 0x000000d5   Thumb Code     0  entry5.o(.ARM.Collect$$$$00000004)
    __rt_final_cpp                           0x000000d5   Thumb Code     0  entry10a.o(.ARM.Collect$$$$0000000D)
    __rt_final_exit                          0x000000d5   Thumb Code     0  entry11a.o(.ARM.Collect$$$$0000000F)
    _main_clock                              0x000000d5   Thumb Code     0  entry7b.o(.ARM.Collect$$$$00000008)
    _main_cpp_init                           0x000000d5   Thumb Code     0  entry8b.o(.ARM.Collect$$$$0000000A)
    _main_init                               0x000000d5   Thumb Code    18  rtx_conf_cm.o(.ARM.Collect$$$$000000FF)
    rt_set_PSP                               0x000000f1   Thumb Code     6  hal_cm3.o(.emb_text)
    rt_get_PSP                               0x000000f7   Thumb Code     6  hal_cm3.o(.emb_text)
    os_set_env                               0x000000fd   Thumb Code    24  hal_cm3.o(.emb_text)
    _alloc_box                               0x00000119   Thumb Code    28  hal_cm3.o(.emb_text)
    _free_box                                0x00000139   Thumb Code    28  hal_cm3.o(.emb_text)
    SVC_Handler                              0x00000159   Thumb Code   108  hal_cm3.o(.emb_text)
    PendSV_Handler                           0x000001d1   Thumb Code    56  hal_cm3.o(.emb_text)
    SysTick_Handler                          0x0000020d   Thumb Code     8  hal_cm3.o(.emb_text)
    OS_Tick_Handler                          0x00000215   Thumb Code    12  hal_cm3.o(.emb_text)
    Reset_Handler                            0x00000221   Thumb Code     8  startup_lpc17xx.o(.text)
    NMI_Handler                              0x00000229   Thumb Code     2  startup_lpc17xx.o(.text)
    HardFault_Handler                        0x0000022b   Thumb Code     2  startup_lpc17xx.o(.text)
    MemManage_Handler                        0x0000022d   Thumb Code     2  startup_lpc17xx.o(.text)
    BusFault_Handler                         0x0000022f   Thumb Code     2  startup_lpc17xx.o(.text)
    UsageFault_Handler                       0x00000231   Thumb Code     2  startup_lpc17xx.o(.text)
    DebugMon_Handler                         0x00000235   Thumb Code     2  startup_lpc17xx.o(.text)
    ADC_IRQHandler                           0x0000023b   Thumb Code     0  startup_lpc17xx.o(.text)
    BOD_IRQHandler                           0x0000023b   Thumb Code     0  startup_lpc17xx.o(.text)
    CANActivity_IRQHandler                   0x0000023b   Thumb Code     0  startup_lpc17xx.o(.text)
    CAN_IRQHandler                           0x0000023b   Thumb Code     0  startup_lpc17xx.o(.text)
    DMA_IRQHandler                           0x0000023b   Thumb Code     0  startup_lpc17xx.o(.text)
    EINT0_IRQHandler                         0x0000023b   Thumb Code     0  startup_lpc17xx.o(.text)
    EINT1_IRQHandler                         0x0000023b   Thumb Code     0  startup_lpc17xx.o(.text)
    EINT2_IRQHandler                         0x0000023b   Thumb Code     0  startup_lpc17xx.o(.text)
    EINT3_IRQHandler                         0x0000023b   Thumb Code     0  startup_lpc17xx.o(.text)
    ENET_IRQHandler                          0x0000023b   Thumb Code     0  startup_lpc17xx.o(.text)
    I2C0_IRQHandler                          0x0000023b   Thumb Code     0  startup_lpc17xx.o(.text)
    I2C1_IRQHandler                          0x0000023b   Thumb Code     0  startup_lpc17xx.o(.text)
    I2C2_IRQHandler                          0x0000023b   Thumb Code     0  startup_lpc17xx.o(.text)
    I2S_IRQHandler                           0x0000023b   Thumb Code     0  startup_lpc17xx.o(.text)
    MCPWM_IRQHandler                         0x0000023b   Thumb Code     0  startup_lpc17xx.o(.text)
    PLL0_IRQHandler                          0x0000023b   Thumb Code     0  startup_lpc17xx.o(.text)
    PLL1_IRQHandler                          0x0000023b   Thumb Code     0  startup_lpc17xx.o(.text)
    PWM1_IRQHandler                          0x0000023b   Thumb Code     0  startup_lpc17xx.o(.text)
    QEI_IRQHandler                           0x0000023b   Thumb Code     0  startup_lpc17xx.o(.text)
    RIT_IRQHandler                           0x0000023b   Thumb Code     0  startup_lpc17xx.o(.text)
    RTC_IRQHandler                           0x0000023b   Thumb Code     0  startup_lpc17xx.o(.text)
    SPI_IRQHandler                           0x0000023b   Thumb Code     0  startup_lpc17xx.o(.text)
    SSP0_IRQHandler                          0x0000023b   Thumb Code     0  startup_lpc17xx.o(.text)
    SSP1_IRQHandler                          0x0000023b   Thumb Code     0  startup_lpc17xx.o(.text)
    TIMER0_IRQHandler                        0x0000023b   Thumb Code     0  startup_lpc17xx.o(.text)
    TIMER1_IRQHandler                        0x0000023b   Thumb Code     0  startup_lpc17xx.o(.text)
    TIMER2_IRQHandler                        0x0000023b   Thumb Code     0  startup_lpc17xx.o(.text)
    TIMER3_IRQHandler                        0x0000023b   Thumb Code     0  startup_lpc17xx.o(.text)
    UART2_IRQHandler                         0x0000023b   Thumb Code     0  startup_lpc17xx.o(.text)
    UART3_IRQHandler                         0x0000023b   Thumb Code     0  startup_lpc17xx.o(.text)
    USBActivity_IRQHandler                   0x0000023b   Thumb Code     0  startup_lpc17xx.o(.text)
    USB_IRQHandler                           0x0000023b   Thumb Code     0  startup_lpc17xx.o(.text)
    WDT_IRQHandler                           0x0000023b   Thumb Code     0  startup_lpc17xx.o(.text)
    __aeabi_uldivmod                         0x00000245   Thumb Code    98  uldiv.o(.text)
    __aeabi_memcpy                           0x000002a7   Thumb Code    36  memcpya.o(.text)
    __aeabi_memcpy4                          0x000002a7   Thumb Code     0  memcpya.o(.text)
    __aeabi_memcpy8                          0x000002a7   Thumb Code     0  memcpya.o(.text)
    __aeabi_i2f                              0x000002cb   Thumb Code    18  fflti.o(.text)
    __aeabi_ui2f                             0x000002dd   Thumb Code    10  ffltui.o(.text)
    __aeabi_cfcmpeq                          0x000002e9   Thumb Code     0  cfcmple.o(.text)
    __aeabi_cfcmple                          0x000002e9   Thumb Code    20  cfcmple.o(.text)
    __aeabi_fadd                             0x00000301   Thumb Code   164  fadd.o(.text)
    __aeabi_fsub                             0x000003a5   Thumb Code     6  fadd.o(.text)
    __aeabi_frsub                            0x000003ab   Thumb Code     6  fadd.o(.text)
    __aeabi_fmul                             0x000003b1   Thumb Code   100  fmul.o(.text)
    __aeabi_fdiv                             0x00000415   Thumb Code   124  fdiv.o(.text)
    __RL_RTX_VER                             0x00000482   Number         0  rt_system.o ABSOLUTE
    __aeabi_dadd                             0x00000491   Thumb Code   322  dadd.o(.text)
    __aeabi_dsub                             0x000005d3   Thumb Code     6  dadd.o(.text)
    __aeabi_drsub                            0x000005d9   Thumb Code     6  dadd.o(.text)
    __aeabi_ddiv                             0x000005df   Thumb Code   222  ddiv.o(.text)
    __aeabi_f2d                              0x000006bd   Thumb Code    38  f2d.o(.text)
    __aeabi_cfrcmple                         0x000006e5   Thumb Code    20  cfrcmple.o(.text)
    __aeabi_uidiv                            0x000006f9   Thumb Code     0  uidiv.o(.text)
    __aeabi_uidivmod                         0x000006f9   Thumb Code    44  uidiv.o(.text)
    __aeabi_llsl                             0x00000725   Thumb Code    30  llshl.o(.text)
    _ll_shift_l                              0x00000725   Thumb Code     0  llshl.o(.text)
    __aeabi_llsr                             0x00000743   Thumb Code    32  llushr.o(.text)
    _ll_ushift_r                             0x00000743   Thumb Code     0  llushr.o(.text)
    __aeabi_lasr                             0x00000763   Thumb Code    36  llsshr.o(.text)
    _ll_sshift_r                             0x00000763   Thumb Code     0  llsshr.o(.text)
    __I$use$fp                               0x00000787   Thumb Code     0  iusefp.o(.text)
    _float_round                             0x00000787   Thumb Code    18  fepilogue.o(.text)
    _float_epilogue                          0x00000799   Thumb Code    92  fepilogue.o(.text)
    __ARM_scalbnf                            0x000007f5   Thumb Code    24  fscalb.o(.text)
    scalbnf                                  0x000007f5   Thumb Code     0  fscalb.o(.text)
    _fsqrt                                   0x0000080d   Thumb Code    94  fsqrt.o(.text)
    _double_round                            0x0000086b   Thumb Code    30  depilogue.o(.text)
    _double_epilogue                         0x00000889   Thumb Code   156  depilogue.o(.text)
    __aeabi_dmul                             0x00000925   Thumb Code   228  dmul.o(.text)
    __aeabi_d2ulz                            0x00000a09   Thumb Code    48  dfixul.o(.text)
    __aeabi_cdrcmple                         0x00000a39   Thumb Code    48  cdrcmple.o(.text)
    __scatterload                            0x00000a69   Thumb Code    28  init.o(.text)
    __scatterload_rt2                        0x00000a69   Thumb Code     0  init.o(.text)
    SVC_Count                                0x00000a8c   Data           4  svc_table.o(SVC_TABLE)
    SVC_Table                                0x00000a90   Data           0  svc_table.o(SVC_TABLE)
    Free                                     0x00000ab5   Thumb Code     6  uart.o(i.Free)
    FreeRcv                                  0x00000abd   Thumb Code    28  uart.o(i.FreeRcv)
    FreeSnd                                  0x00000ae1   Thumb Code    28  uart.o(i.FreeSnd)
    LED_clear                                0x00000b05   Thumb Code    26  led.o(i.LED_clear)
    LED_display                              0x00000b29   Thumb Code    38  led.o(i.LED_display)
    LED_set                                  0x00000b51   Thumb Code    26  led.o(i.LED_set)
    LED_setup                                0x00000b75   Thumb Code    34  led.o(i.LED_setup)
    MPU9250_ReadRegs                         0x00000b9d   Thumb Code    50  mpu9250.o(i.MPU9250_ReadRegs)
    MPU9250_WriteReg                         0x00000bcf   Thumb Code    32  mpu9250.o(i.MPU9250_WriteReg)
    MPU9250_calib_mag                        0x00000bf1   Thumb Code   176  mpu9250.o(i.MPU9250_calib_mag)
    MPU9250_calibrate                        0x00000ca9   Thumb Code  1114  mpu9250.o(i.MPU9250_calibrate)
    MPU9250_init                             0x00001105   Thumb Code   116  mpu9250.o(i.MPU9250_init)
    MPU9250_read_acc                         0x00001185   Thumb Code    86  mpu9250.o(i.MPU9250_read_acc)
    MPU9250_read_gyro                        0x000011e9   Thumb Code    86  mpu9250.o(i.MPU9250_read_gyro)
    MPU9250_read_mag                         0x0000124d   Thumb Code   128  mpu9250.o(i.MPU9250_read_mag)
    MPU9250_set_acc_scale                    0x000012dd   Thumb Code   118  mpu9250.o(i.MPU9250_set_acc_scale)
    MPU9250_set_gyro_scale                   0x00001359   Thumb Code   116  mpu9250.o(i.MPU9250_set_gyro_scale)
    MPU9250_whoami                           0x000013e1   Thumb Code    16  mpu9250.o(i.MPU9250_whoami)
    SPI_deselect                             0x000013f1   Thumb Code    10  ece_spi.o(i.SPI_deselect)
    SPI_select                               0x00001401   Thumb Code    10  ece_spi.o(i.SPI_select)
    SPI_setup                                0x00001411   Thumb Code    90  ece_spi.o(i.SPI_setup)
    SPI_xfer                                 0x00001479   Thumb Code    28  ece_spi.o(i.SPI_xfer)
    SystemInit                               0x00001499   Thumb Code   302  system_lpc17xx.o(i.SystemInit)
    UART0_IRQHandler                         0x000015d9   Thumb Code    88  uart.o(i.UART0_IRQHandler)
    UART1_IRQHandler                         0x00001641   Thumb Code    90  uart.o(i.UART1_IRQHandler)
    UARTInit                                 0x000016b1   Thumb Code   176  uart.o(i.UARTInit)
    UARTSendChar                             0x0000176d   Thumb Code    26  uart.o(i.UARTSendChar)
    __0printf                                0x00001791   Thumb Code    22  printfa.o(i.__0printf)
    __1printf                                0x00001791   Thumb Code     0  printfa.o(i.__0printf)
    __2printf                                0x00001791   Thumb Code     0  printfa.o(i.__0printf)
    __c89printf                              0x00001791   Thumb Code     0  printfa.o(i.__0printf)
    printf                                   0x00001791   Thumb Code     0  printfa.o(i.__0printf)
    __ARM_fpclassifyf                        0x000017b1   Thumb Code    38  fpclassifyf.o(i.__ARM_fpclassifyf)
    __mathlib_flt_infnan                     0x000017f1   Thumb Code     6  funder.o(i.__mathlib_flt_infnan)
    __mathlib_flt_infnan2                    0x000017f7   Thumb Code     4  funder.o(i.__mathlib_flt_infnan2)
    __mathlib_flt_invalid                    0x000017fb   Thumb Code     8  funder.o(i.__mathlib_flt_invalid)
    __mathlib_flt_underflow                  0x00001803   Thumb Code    10  funder.o(i.__mathlib_flt_underflow)
    __scatterload_copy                       0x0000180d   Thumb Code    14  handlers.o(i.__scatterload_copy)
    __scatterload_null                       0x0000181b   Thumb Code     2  handlers.o(i.__scatterload_null)
    __scatterload_zeroinit                   0x0000181d   Thumb Code    14  handlers.o(i.__scatterload_zeroinit)
    __set_errno                              0x0000182d   Thumb Code     6  errno.o(i.__set_errno)
    _init_box                                0x000019bd   Thumb Code    70  rt_membox.o(i._init_box)
    asinf                                    0x00002135   Thumb Code   254  asinf.o(i.asinf)
    atan2f                                   0x00002259   Thumb Code   528  atan2f.o(i.atan2f)
    commit_data                              0x000024b5   Thumb Code   112  multi_thread.o(i.commit_data)
    computeAngles                            0x00002541   Thumb Code   244  sensor_fusion.o(i.computeAngles)
    dbg_init                                 0x00002655   Thumb Code    34  hal_cm.o(i.dbg_init)
    dbg_task_notify                          0x00002685   Thumb Code    32  hal_cm.o(i.dbg_task_notify)
    dbg_task_switch                          0x000026a5   Thumb Code    16  hal_cm.o(i.dbg_task_switch)
    fputc                                    0x000026b5   Thumb Code    14  retarget.o(i.fputc)
    getFrequency                             0x000026c5   Thumb Code    62  uart.o(i.getFrequency)
    invSqrt                                  0x0000270d   Thumb Code   108  sensor_fusion.o(i.invSqrt)
    isrMessageGet                            0x0000277d   Thumb Code    42  rt_cmsis.o(i.isrMessageGet)
    isrMessagePut                            0x000027a7   Thumb Code    44  rt_cmsis.o(i.isrMessagePut)
    isr_mbx_receive                          0x000027d5   Thumb Code    86  rt_mailbox.o(i.isr_mbx_receive)
    isr_mbx_send                             0x0000282b   Thumb Code    14  rt_mailbox.o(i.isr_mbx_send)
    main                                     0x00002839   Thumb Code    94  multi_thread.o(i.main)
    osKernelInitialize                       0x0000289d   Thumb Code    30  rt_cmsis.o(i.osKernelInitialize)
    osKernelStart                            0x000028c1   Thumb Code    98  rt_cmsis.o(i.osKernelStart)
    osMessageGet                             0x0000292d   Thumb Code    18  rt_cmsis.o(i.osMessageGet)
    osMutexCreate                            0x00002945   Thumb Code    36  rt_cmsis.o(i.osMutexCreate)
    osMutexRelease                           0x00002971   Thumb Code    18  rt_cmsis.o(i.osMutexRelease)
    osMutexWait                              0x00002989   Thumb Code    18  rt_cmsis.o(i.osMutexWait)
    osThreadCreate                           0x000029a1   Thumb Code    36  rt_cmsis.o(i.osThreadCreate)
    osThreadExit                             0x000029cd   Thumb Code    14  rt_cmsis.o(i.osThreadExit)
    osTimerCall                              0x000029e5   Thumb Code     8  rt_cmsis.o(i.osTimerCall)
    osTimerThread                            0x000029f1   Thumb Code    38  rt_cmsis.o(i.osTimerThread)
    os_error                                 0x00002a1d   Thumb Code    34  rtx_conf_cm.o(i.os_error)
    os_idle_demon                            0x00002a3f   Thumb Code     4  rtx_conf_cm.o(i.os_idle_demon)
    os_tick_init                             0x00002a45   Thumb Code    32  rt_system.o(i.os_tick_init)
    os_tick_irqack                           0x00002a6d   Thumb Code     2  rt_system.o(i.os_tick_irqack)
    pull_data                                0x00002a71   Thumb Code    80  multi_thread.o(i.pull_data)
    push_data                                0x00002ad1   Thumb Code   128  multi_thread.o(i.push_data)
    rt_alloc_box                             0x00002b6d   Thumb Code    26  rt_membox.o(i.rt_alloc_box)
    rt_alloc_mem                             0x00002b87   Thumb Code    62  rt_memory.o(i.rt_alloc_mem)
    rt_block                                 0x00002bc5   Thumb Code    48  rt_task.o(i.rt_block)
    rt_chk_robin                             0x00002bfd   Thumb Code    60  rt_robin.o(i.rt_chk_robin)
    rt_dec_dly                               0x00002c45   Thumb Code   102  rt_list.o(i.rt_dec_dly)
    rt_dispatch                              0x00002cb5   Thumb Code    60  rt_task.o(i.rt_dispatch)
    rt_evt_psh                               0x00002cf9   Thumb Code    76  rt_event.o(i.rt_evt_psh)
    rt_free_box                              0x00002d49   Thumb Code    44  rt_membox.o(i.rt_free_box)
    rt_free_mem                              0x00002d75   Thumb Code    40  rt_memory.o(i.rt_free_mem)
    rt_get_first                             0x00002d9d   Thumb Code    40  rt_list.o(i.rt_get_first)
    rt_init_mem                              0x00002e15   Thumb Code    26  rt_memory.o(i.rt_init_mem)
    rt_init_robin                            0x00002e31   Thumb Code    14  rt_robin.o(i.rt_init_robin)
    rt_init_stack                            0x00002e49   Thumb Code   118  hal_cm.o(i.rt_init_stack)
    rt_mbx_check                             0x00002ec9   Thumb Code     8  rt_mailbox.o(i.rt_mbx_check)
    rt_mbx_init                              0x00002ed1   Thumb Code    26  rt_mailbox.o(i.rt_mbx_init)
    rt_mbx_psh                               0x00002eed   Thumb Code   236  rt_mailbox.o(i.rt_mbx_psh)
    rt_mbx_wait                              0x00002fdd   Thumb Code   174  rt_mailbox.o(i.rt_mbx_wait)
    rt_mut_init                              0x000030d5   Thumb Code    16  rt_mutex.o(i.rt_mut_init)
    rt_mut_release                           0x000030e5   Thumb Code   208  rt_mutex.o(i.rt_mut_release)
    rt_mut_wait                              0x000031bd   Thumb Code   114  rt_mutex.o(i.rt_mut_wait)
    rt_pop_req                               0x00003235   Thumb Code   112  rt_system.o(i.rt_pop_req)
    rt_psh_req                               0x000032b1   Thumb Code    22  rt_system.o(i.rt_psh_req)
    rt_psq_enq                               0x000032d1   Thumb Code    88  rt_list.o(i.rt_psq_enq)
    rt_put_dly                               0x0000332d   Thumb Code    68  rt_list.o(i.rt_put_dly)
    rt_put_prio                              0x00003375   Thumb Code    54  rt_list.o(i.rt_put_prio)
    rt_put_rdy_first                         0x000033ad   Thumb Code    14  rt_list.o(i.rt_put_rdy_first)
    rt_resort_prio                           0x000033c1   Thumb Code    46  rt_list.o(i.rt_resort_prio)
    rt_ret_val                               0x000033f5   Thumb Code     6  hal_cm.o(i.rt_ret_val)
    rt_ret_val2                              0x000033fb   Thumb Code     8  hal_cm.o(i.rt_ret_val2)
    rt_rmv_dly                               0x00003403   Thumb Code    40  rt_list.o(i.rt_rmv_dly)
    rt_rmv_list                              0x0000342d   Thumb Code    44  rt_list.o(i.rt_rmv_list)
    rt_sem_psh                               0x0000345d   Thumb Code    48  rt_semaphore.o(i.rt_sem_psh)
    rt_stk_check                             0x00003491   Thumb Code    28  rt_system.o(i.rt_stk_check)
    rt_switch_req                            0x000034b5   Thumb Code    30  rt_task.o(i.rt_switch_req)
    rt_sys_init                              0x000034dd   Thumb Code   138  rt_task.o(i.rt_sys_init)
    rt_sys_start                             0x000035a9   Thumb Code   110  rt_task.o(i.rt_sys_start)
    rt_systick                               0x00003621   Thumb Code    50  rt_system.o(i.rt_systick)
    rt_tsk_create                            0x000036a9   Thumb Code   118  rt_task.o(i.rt_tsk_create)
    rt_tsk_delete                            0x00003731   Thumb Code   352  rt_task.o(i.rt_tsk_delete)
    rt_tsk_prio                              0x000038ad   Thumb Code   108  rt_task.o(i.rt_tsk_prio)
    rt_tsk_self                              0x00003929   Thumb Code    12  rt_task.o(i.rt_tsk_self)
    sendchar                                 0x00003939   Thumb Code    64  retarget.o(i.sendchar)
    sensor_fusion_begin                      0x0000397d   Thumb Code    20  sensor_fusion.o(i.sensor_fusion_begin)
    sensor_fusion_getPitch                   0x00003995   Thumb Code    24  sensor_fusion.o(i.sensor_fusion_getPitch)
    sensor_fusion_getRoll                    0x000039b9   Thumb Code    24  sensor_fusion.o(i.sensor_fusion_getRoll)
    sensor_fusion_getYaw                     0x000039dd   Thumb Code    32  sensor_fusion.o(i.sensor_fusion_getYaw)
    sensor_fusion_init                       0x00003a0d   Thumb Code    62  sensor_fusion.o(i.sensor_fusion_init)
    sensor_fusion_update                     0x00003a79   Thumb Code  1842  sensor_fusion.o(i.sensor_fusion_update)
    sensor_fusion_updateIMU                  0x000041d9   Thumb Code  1116  sensor_fusion.o(i.sensor_fusion_updateIMU)
    sqrtf                                    0x00004641   Thumb Code    44  sqrtf.o(i.sqrtf)
    svcKernelInitialize                      0x0000466d   Thumb Code    80  rt_cmsis.o(i.svcKernelInitialize)
    svcKernelStart                           0x000046dd   Thumb Code    62  rt_cmsis.o(i.svcKernelStart)
    svcMessageCreate                         0x00004725   Thumb Code    36  rt_cmsis.o(i.svcMessageCreate)
    svcMessageGet                            0x00004749   Thumb Code    58  rt_cmsis.o(i.svcMessageGet)
    svcMutexCreate                           0x00004783   Thumb Code    28  rt_cmsis.o(i.svcMutexCreate)
    svcMutexRelease                          0x0000479f   Thumb Code    34  rt_cmsis.o(i.svcMutexRelease)
    svcMutexWait                             0x000047c1   Thumb Code    58  rt_cmsis.o(i.svcMutexWait)
    svcThreadCreate                          0x000047fd   Thumb Code    96  rt_cmsis.o(i.svcThreadCreate)
    svcThreadGetId                           0x00004869   Thumb Code    22  rt_cmsis.o(i.svcThreadGetId)
    svcThreadTerminate                       0x00004885   Thumb Code    50  rt_cmsis.o(i.svcThreadTerminate)
    svcTimerCall                             0x000048bd   Thumb Code    24  rt_cmsis.o(i.svcTimerCall)
    sysTimerTick                             0x000048d5   Thumb Code    84  rt_cmsis.o(i.sysTimerTick)
    os_mutex_def_mutex1                      0x00004954   Data           4  multi_thread.o(.constdata)
    os_mutex_def_mutex2                      0x00004958   Data           4  multi_thread.o(.constdata)
    os_mutex_def_mutex3                      0x0000495c   Data           4  multi_thread.o(.constdata)
    led_pos                                  0x00004990   Data           8  led.o(.constdata)
    os_maxtaskrun                            0x00004998   Data           2  rtx_conf_cm.o(.constdata)
    os_stackinfo                             0x0000499c   Data           4  rtx_conf_cm.o(.constdata)
    os_rrobin                                0x000049a0   Data           4  rtx_conf_cm.o(.constdata)
    os_tickfreq                              0x000049a4   Data           4  rtx_conf_cm.o(.constdata)
    os_tickus_i                              0x000049a8   Data           2  rtx_conf_cm.o(.constdata)
    os_tickus_f                              0x000049aa   Data           2  rtx_conf_cm.o(.constdata)
    os_trv                                   0x000049ac   Data           4  rtx_conf_cm.o(.constdata)
    os_flags                                 0x000049b0   Data           1  rtx_conf_cm.o(.constdata)
    CMSIS_RTOS_API_Version                   0x000049b4   Data           4  rtx_conf_cm.o(.constdata)
    CMSIS_RTOS_RTX_Version                   0x000049b8   Data           4  rtx_conf_cm.o(.constdata)
    os_clockrate                             0x000049bc   Data           4  rtx_conf_cm.o(.constdata)
    os_timernum                              0x000049c0   Data           4  rtx_conf_cm.o(.constdata)
    mp_tcb_size                              0x000049c4   Data           2  rtx_conf_cm.o(.constdata)
    mp_stk_size                              0x000049c8   Data           4  rtx_conf_cm.o(.constdata)
    os_stack_sz                              0x000049cc   Data           4  rtx_conf_cm.o(.constdata)
    os_fifo_size                             0x000049d0   Data           1  rtx_conf_cm.o(.constdata)
    os_thread_def_osTimerThread              0x000049d4   Data          16  rtx_conf_cm.o(.constdata)
    os_messageQ_def_osTimerMessageQ          0x000049e4   Data           8  rtx_conf_cm.o(.constdata)
    mp_tmr_size                              0x000049ec   Data           2  rtx_conf_cm.o(.constdata)
    os_thread_def_main                       0x000049f0   Data          16  rtx_conf_cm.o(.constdata)
    Region$$Table$$Base                      0x00004a00   Number         0  anon$$obj.o(Region$$Table)
    Region$$Table$$Limit                     0x00004a20   Number         0  anon$$obj.o(Region$$Table)
    MPU9250_temperature                      0x10000000   Data           4  mpu9250.o(.data)
    mag_data_raw                             0x10000004   Data           6  mpu9250.o(.data)
    MPU9250_st_value                         0x1000000a   Data           1  mpu9250.o(.data)
    acc_divider                              0x1000000c   Data           4  mpu9250.o(.data)
    gyro_divider                             0x10000010   Data           4  mpu9250.o(.data)
    uart_init_called                         0x10000014   Data           1  retarget.o(.data)
    __stdout                                 0x10000018   Data           4  retarget.o(.data)
    __stdin                                  0x1000001c   Data           4  retarget.o(.data)
    twoKp                                    0x10000020   Data           4  sensor_fusion.o(.data)
    twoKi                                    0x10000024   Data           4  sensor_fusion.o(.data)
    q0                                       0x10000028   Data           4  sensor_fusion.o(.data)
    q1                                       0x1000002c   Data           4  sensor_fusion.o(.data)
    q2                                       0x10000030   Data           4  sensor_fusion.o(.data)
    q3                                       0x10000034   Data           4  sensor_fusion.o(.data)
    integralFBx                              0x10000038   Data           4  sensor_fusion.o(.data)
    integralFBy                              0x1000003c   Data           4  sensor_fusion.o(.data)
    integralFBz                              0x10000040   Data           4  sensor_fusion.o(.data)
    invSampleFreq                            0x10000044   Data           4  sensor_fusion.o(.data)
    roll                                     0x10000048   Data           4  sensor_fusion.o(.data)
    pitch                                    0x1000004c   Data           4  sensor_fusion.o(.data)
    yaw                                      0x10000050   Data           4  sensor_fusion.o(.data)
    anglesComputed                           0x10000054   Data           1  sensor_fusion.o(.data)
    ITM_RxBuffer                             0x10000058   Data           4  uart.o(.data)
    UART0Status                              0x1000005c   Data           4  uart.o(.data)
    UART1Status                              0x10000060   Data           4  uart.o(.data)
    UART0TxEmpty                             0x10000064   Data           1  uart.o(.data)
    UART1TxEmpty                             0x10000065   Data           1  uart.o(.data)
    UART0Count                               0x10000068   Data           4  uart.o(.data)
    UART1Count                               0x1000006c   Data           4  uart.o(.data)
    RcvLock0                                 0x10000070   Data           1  uart.o(.data)
    SndLock0                                 0x10000071   Data           1  uart.o(.data)
    RcvLock1                                 0x10000072   Data           1  uart.o(.data)
    SndLock1                                 0x10000073   Data           1  uart.o(.data)
    i                                        0x10000074   Data           4  uart.o(.data)
    mutex_id_1                               0x10000078   Data           4  multi_thread.o(.data)
    mutex_id_2                               0x1000007c   Data           4  multi_thread.o(.data)
    mutex_id_3                               0x10000080   Data           4  multi_thread.o(.data)
    osThreadId_osTimerThread                 0x10000084   Data           4  rtx_conf_cm.o(.data)
    osMessageQId_osTimerMessageQ             0x10000088   Data           4  rtx_conf_cm.o(.data)
    os_tmr                                   0x1000008c   Data           4  rtx_conf_cm.o(.data)
    m_tmr                                    0x10000090   Data           4  rtx_conf_cm.o(.data)
    SystemCoreClock                          0x10000094   Data           4  system_lpc17xx.o(.data)
    os_initialized                           0x10000098   Data           1  rt_cmsis.o(.data)
    os_running                               0x10000099   Data           1  rt_cmsis.o(.data)
    os_timer_head                            0x1000009c   Data           4  rt_cmsis.o(.data)
    os_tsk                                   0x100000a0   Data           8  rt_task.o(.data)
    os_tick_irqn                             0x100000ac   Data           4  rt_system.o(.data)
    os_time                                  0x100000b0   Data           4  rt_time.o(.data)
    dbg_msg                                  0x100000b4   Data           1  hal_cm.o(.data)
    os_robin                                 0x100000b8   Data           8  rt_robin.o(.data)
    MPU9250_accel_data                       0x100000c4   Data          12  mpu9250.o(.bss)
    MPU9250_gyro_data                        0x100000d0   Data          12  mpu9250.o(.bss)
    MPU9250_mag_data                         0x100000dc   Data          12  mpu9250.o(.bss)
    calib_data                               0x100000e8   Data          12  mpu9250.o(.bss)
    Magnetometer_ASA                         0x100000f4   Data          12  mpu9250.o(.bss)
    g_bias                                   0x10000100   Data          12  mpu9250.o(.bss)
    a_bias                                   0x1000010c   Data          12  mpu9250.o(.bss)
    UART0Buffer                              0x10000118   Data          64  uart.o(.bss)
    UART1Buffer                              0x10000158   Data          64  uart.o(.bss)
    os_mutex_cb_mutex1                       0x10000198   Data          16  multi_thread.o(.bss)
    os_mutex_cb_mutex2                       0x100001a8   Data          16  multi_thread.o(.bss)
    os_mutex_cb_mutex3                       0x100001b8   Data          16  multi_thread.o(.bss)
    mp_tcb                                   0x100001c8   Data         376  rtx_conf_cm.o(.bss)
    mp_stk                                   0x10000340   Data        3088  rtx_conf_cm.o(.bss)
    os_stack_mem                             0x10000f50   Data         744  rtx_conf_cm.o(.bss)
    os_fifo                                  0x10001238   Data         132  rtx_conf_cm.o(.bss)
    os_active_TCB                            0x100012bc   Data          28  rtx_conf_cm.o(.bss)
    os_messageQ_q_osTimerMessageQ            0x100012d8   Data          32  rtx_conf_cm.o(.bss)
    os_idle_TCB                              0x100012f8   Data          52  rt_task.o(.bss)
    os_rdy                                   0x1000132c   Data          24  rt_list.o(.bss)
    os_dly                                   0x10001344   Data          24  rt_list.o(.bss)
    __initial_sp                             0x10003360   Data           0  startup_lpc17xx.o(STACK)



==============================================================================

Memory Map of the image

  Image Entry point : 0x00000221

  Load Region LR_1 (Base: 0x00000000, Size: 0x00004ae4, Max: 0xffffffff, ABSOLUTE)

    Execution Region ER_RO (Exec base: 0x00000000, Load base: 0x00000000, Size: 0x00004a20, Max: 0xffffffff, ABSOLUTE)

    Exec Addr    Load Addr    Size         Type   Attr      Idx    E Section Name        Object

    0x00000000   0x00000000   0x000000cc   Data   RO          661    RESET               startup_lpc17xx.o
    0x000000cc   0x000000cc   0x00000000   Code   RO         1944  * .ARM.Collect$$$$00000000  mc_w.l(entry.o)
    0x000000cc   0x000000cc   0x00000004   Code   RO         2252    .ARM.Collect$$$$00000001  mc_w.l(entry2.o)
    0x000000d0   0x000000d0   0x00000004   Code   RO         2255    .ARM.Collect$$$$00000004  mc_w.l(entry5.o)
    0x000000d4   0x000000d4   0x00000000   Code   RO         2257    .ARM.Collect$$$$00000008  mc_w.l(entry7b.o)
    0x000000d4   0x000000d4   0x00000000   Code   RO         2259    .ARM.Collect$$$$0000000A  mc_w.l(entry8b.o)
    0x000000d4   0x000000d4   0x00000000   Code   RO         2260    .ARM.Collect$$$$0000000D  mc_w.l(entry10a.o)
    0x000000d4   0x000000d4   0x00000000   Code   RO         2262    .ARM.Collect$$$$0000000F  mc_w.l(entry11a.o)
    0x000000d4   0x000000d4   0x00000018   Code   RO          621    .ARM.Collect$$$$000000FF  rtx_conf_cm.o
    0x000000ec   0x000000ec   0x00000004   Code   RO         2253    .ARM.Collect$$$$00002712  mc_w.l(entry2.o)
    0x000000f0   0x000000f0   0x00000130   Code   RO         1907    .emb_text           RTX_CM3.lib(hal_cm3.o)
    0x00000220   0x00000220   0x00000024   Code   RO          663  * .text               startup_lpc17xx.o
    0x00000244   0x00000244   0x00000062   Code   RO         1947    .text               mc_w.l(uldiv.o)
    0x000002a6   0x000002a6   0x00000024   Code   RO         1949    .text               mc_w.l(memcpya.o)
    0x000002ca   0x000002ca   0x00000012   Code   RO         2224    .text               mf_w.l(fflti.o)
    0x000002dc   0x000002dc   0x0000000a   Code   RO         2226    .text               mf_w.l(ffltui.o)
    0x000002e6   0x000002e6   0x00000002   PAD
    0x000002e8   0x000002e8   0x00000014   Code   RO         2232    .text               mf_w.l(cfcmple.o)
    0x000002fc   0x000002fc   0x00000004   Code   RO          662    .ARM.__at_0x02FC    startup_lpc17xx.o
    0x00000300   0x00000300   0x000000b0   Code   RO         2214    .text               mf_w.l(fadd.o)
    0x000003b0   0x000003b0   0x00000064   Code   RO         2216    .text               mf_w.l(fmul.o)
    0x00000414   0x00000414   0x0000007c   Code   RO         2218    .text               mf_w.l(fdiv.o)
    0x00000490   0x00000490   0x0000014e   Code   RO         2220    .text               mf_w.l(dadd.o)
    0x000005de   0x000005de   0x000000de   Code   RO         2222    .text               mf_w.l(ddiv.o)
    0x000006bc   0x000006bc   0x00000026   Code   RO         2228    .text               mf_w.l(f2d.o)
    0x000006e2   0x000006e2   0x00000002   PAD
    0x000006e4   0x000006e4   0x00000014   Code   RO         2234    .text               mf_w.l(cfrcmple.o)
    0x000006f8   0x000006f8   0x0000002c   Code   RO         2264    .text               mc_w.l(uidiv.o)
    0x00000724   0x00000724   0x0000001e   Code   RO         2266    .text               mc_w.l(llshl.o)
    0x00000742   0x00000742   0x00000020   Code   RO         2268    .text               mc_w.l(llushr.o)
    0x00000762   0x00000762   0x00000024   Code   RO         2270    .text               mc_w.l(llsshr.o)
    0x00000786   0x00000786   0x00000000   Code   RO         2279    .text               mc_w.l(iusefp.o)
    0x00000786   0x00000786   0x0000006e   Code   RO         2280    .text               mf_w.l(fepilogue.o)
    0x000007f4   0x000007f4   0x00000018   Code   RO         2282    .text               mf_w.l(fscalb.o)
    0x0000080c   0x0000080c   0x0000005e   Code   RO         2284    .text               mf_w.l(fsqrt.o)
    0x0000086a   0x0000086a   0x000000ba   Code   RO         2286    .text               mf_w.l(depilogue.o)
    0x00000924   0x00000924   0x000000e4   Code   RO         2288    .text               mf_w.l(dmul.o)
    0x00000a08   0x00000a08   0x00000030   Code   RO         2290    .text               mf_w.l(dfixul.o)
    0x00000a38   0x00000a38   0x00000030   Code   RO         2292    .text               mf_w.l(cdrcmple.o)
    0x00000a68   0x00000a68   0x00000024   Code   RO         2294    .text               mc_w.l(init.o)
    0x00000a8c   0x00000a8c   0x00000004   Code   RO         1917    SVC_TABLE           RTX_CM3.lib(svc_table.o)
    0x00000a90   0x00000a90   0x00000014   Code   RO           90    i.DelayMilliseconds  mpu9250.o
    0x00000aa4   0x00000aa4   0x00000010   Code   RO           91    i.DelayOneMillisecond  mpu9250.o
    0x00000ab4   0x00000ab4   0x00000006   Code   RO          376    i.Free              uart.o
    0x00000aba   0x00000aba   0x00000002   PAD
    0x00000abc   0x00000abc   0x00000024   Code   RO          377    i.FreeRcv           uart.o
    0x00000ae0   0x00000ae0   0x00000024   Code   RO          378    i.FreeSnd           uart.o
    0x00000b04   0x00000b04   0x00000024   Code   RO          549    i.LED_clear         led.o
    0x00000b28   0x00000b28   0x00000026   Code   RO          550    i.LED_display       led.o
    0x00000b4e   0x00000b4e   0x00000002   PAD
    0x00000b50   0x00000b50   0x00000024   Code   RO          551    i.LED_set           led.o
    0x00000b74   0x00000b74   0x00000028   Code   RO          552    i.LED_setup         led.o
    0x00000b9c   0x00000b9c   0x00000032   Code   RO           94    i.MPU9250_ReadRegs  mpu9250.o
    0x00000bce   0x00000bce   0x00000020   Code   RO           95    i.MPU9250_WriteReg  mpu9250.o
    0x00000bee   0x00000bee   0x00000002   PAD
    0x00000bf0   0x00000bf0   0x000000b8   Code   RO           97    i.MPU9250_calib_mag  mpu9250.o
    0x00000ca8   0x00000ca8   0x0000045a   Code   RO           98    i.MPU9250_calibrate  mpu9250.o
    0x00001102   0x00001102   0x00000002   PAD
    0x00001104   0x00001104   0x00000080   Code   RO          100    i.MPU9250_init      mpu9250.o
    0x00001184   0x00001184   0x00000064   Code   RO          101    i.MPU9250_read_acc  mpu9250.o
    0x000011e8   0x000011e8   0x00000064   Code   RO          103    i.MPU9250_read_gyro  mpu9250.o
    0x0000124c   0x0000124c   0x00000090   Code   RO          104    i.MPU9250_read_mag  mpu9250.o
    0x000012dc   0x000012dc   0x0000007c   Code   RO          106    i.MPU9250_set_acc_scale  mpu9250.o
    0x00001358   0x00001358   0x00000088   Code   RO          107    i.MPU9250_set_gyro_scale  mpu9250.o
    0x000013e0   0x000013e0   0x00000010   Code   RO          108    i.MPU9250_whoami    mpu9250.o
    0x000013f0   0x000013f0   0x00000010   Code   RO            4    i.SPI_deselect      ece_spi.o
    0x00001400   0x00001400   0x00000010   Code   RO            7    i.SPI_select        ece_spi.o
    0x00001410   0x00001410   0x00000068   Code   RO            8    i.SPI_setup         ece_spi.o
    0x00001478   0x00001478   0x00000020   Code   RO           10    i.SPI_xfer          ece_spi.o
    0x00001498   0x00001498   0x00000140   Code   RO          673    i.SystemInit        system_lpc17xx.o
    0x000015d8   0x000015d8   0x00000068   Code   RO          382    i.UART0_IRQHandler  uart.o
    0x00001640   0x00001640   0x00000070   Code   RO          383    i.UART1_IRQHandler  uart.o
    0x000016b0   0x000016b0   0x000000bc   Code   RO          384    i.UARTInit          uart.o
    0x0000176c   0x0000176c   0x00000024   Code   RO          388    i.UARTSendChar      uart.o
    0x00001790   0x00001790   0x00000020   Code   RO         2186    i.__0printf         mc_w.l(printfa.o)
    0x000017b0   0x000017b0   0x00000026   Code   RO         2236    i.__ARM_fpclassifyf  m_ws.l(fpclassifyf.o)
    0x000017d6   0x000017d6   0x0000001a   Code   RO          389    i.__NVIC_EnableIRQ  uart.o
    0x000017f0   0x000017f0   0x00000006   Code   RO         2239    i.__mathlib_flt_infnan  m_ws.l(funder.o)
    0x000017f6   0x000017f6   0x00000004   Code   RO         2240    i.__mathlib_flt_infnan2  m_ws.l(funder.o)
    0x000017fa   0x000017fa   0x00000008   Code   RO         2241    i.__mathlib_flt_invalid  m_ws.l(funder.o)
    0x00001802   0x00001802   0x0000000a   Code   RO         2244    i.__mathlib_flt_underflow  m_ws.l(funder.o)
    0x0000180c   0x0000180c   0x0000000e   Code   RO         2298    i.__scatterload_copy  mc_w.l(handlers.o)
    0x0000181a   0x0000181a   0x00000002   Code   RO         2299    i.__scatterload_null  mc_w.l(handlers.o)
    0x0000181c   0x0000181c   0x0000000e   Code   RO         2300    i.__scatterload_zeroinit  mc_w.l(handlers.o)
    0x0000182a   0x0000182a   0x00000002   PAD
    0x0000182c   0x0000182c   0x0000000c   Code   RO         2274    i.__set_errno       mc_w.l(errno.o)
    0x00001838   0x00001838   0x00000184   Code   RO         2193    i._fp_digits        mc_w.l(printfa.o)
    0x000019bc   0x000019bc   0x00000046   Code   RO         1785    i._init_box         RTX_CM3.lib(rt_membox.o)
    0x00001a02   0x00001a02   0x00000002   PAD
    0x00001a04   0x00001a04   0x000006dc   Code   RO         2194    i._printf_core      mc_w.l(printfa.o)
    0x000020e0   0x000020e0   0x00000024   Code   RO         2195    i._printf_post_padding  mc_w.l(printfa.o)
    0x00002104   0x00002104   0x0000002e   Code   RO         2196    i._printf_pre_padding  mc_w.l(printfa.o)
    0x00002132   0x00002132   0x00000002   PAD
    0x00002134   0x00002134   0x00000124   Code   RO         1921    i.asinf             m_ws.l(asinf.o)
    0x00002258   0x00002258   0x0000025c   Code   RO         1929    i.atan2f            m_ws.l(atan2f.o)
    0x000024b4   0x000024b4   0x0000008c   Code   RO          490    i.commit_data       multi_thread.o
    0x00002540   0x00002540   0x00000114   Code   RO          285    i.computeAngles     sensor_fusion.o
    0x00002654   0x00002654   0x00000030   Code   RO         1838    i.dbg_init          RTX_CM3.lib(hal_cm.o)
    0x00002684   0x00002684   0x00000020   Code   RO         1839    i.dbg_task_notify   RTX_CM3.lib(hal_cm.o)
    0x000026a4   0x000026a4   0x00000010   Code   RO         1840    i.dbg_task_switch   RTX_CM3.lib(hal_cm.o)
    0x000026b4   0x000026b4   0x0000000e   Code   RO          225    i.fputc             retarget.o
    0x000026c2   0x000026c2   0x00000002   PAD
    0x000026c4   0x000026c4   0x00000048   Code   RO          390    i.getFrequency      uart.o
    0x0000270c   0x0000270c   0x00000070   Code   RO          286    i.invSqrt           sensor_fusion.o
    0x0000277c   0x0000277c   0x0000002a   Code   RO          715    i.isrMessageGet     RTX_CM3.lib(rt_cmsis.o)
    0x000027a6   0x000027a6   0x0000002c   Code   RO          716    i.isrMessagePut     RTX_CM3.lib(rt_cmsis.o)
    0x000027d2   0x000027d2   0x00000002   PAD
    0x000027d4   0x000027d4   0x00000056   Code   RO         1631    i.isr_mbx_receive   RTX_CM3.lib(rt_mailbox.o)
    0x0000282a   0x0000282a   0x0000000e   Code   RO         1632    i.isr_mbx_send      RTX_CM3.lib(rt_mailbox.o)
    0x00002838   0x00002838   0x00000064   Code   RO          491    i.main              multi_thread.o
    0x0000289c   0x0000289c   0x00000024   Code   RO          720    i.osKernelInitialize  RTX_CM3.lib(rt_cmsis.o)
    0x000028c0   0x000028c0   0x0000006c   Code   RO          722    i.osKernelStart     RTX_CM3.lib(rt_cmsis.o)
    0x0000292c   0x0000292c   0x00000018   Code   RO          731    i.osMessageGet      RTX_CM3.lib(rt_cmsis.o)
    0x00002944   0x00002944   0x0000002c   Code   RO          733    i.osMutexCreate     RTX_CM3.lib(rt_cmsis.o)
    0x00002970   0x00002970   0x00000018   Code   RO          735    i.osMutexRelease    RTX_CM3.lib(rt_cmsis.o)
    0x00002988   0x00002988   0x00000018   Code   RO          736    i.osMutexWait       RTX_CM3.lib(rt_cmsis.o)
    0x000029a0   0x000029a0   0x0000002c   Code   RO          748    i.osThreadCreate    RTX_CM3.lib(rt_cmsis.o)
    0x000029cc   0x000029cc   0x00000018   Code   RO          749    i.osThreadExit      RTX_CM3.lib(rt_cmsis.o)
    0x000029e4   0x000029e4   0x0000000c   Code   RO          755    i.osTimerCall       RTX_CM3.lib(rt_cmsis.o)
    0x000029f0   0x000029f0   0x0000002c   Code   RO          760    i.osTimerThread     RTX_CM3.lib(rt_cmsis.o)
    0x00002a1c   0x00002a1c   0x00000022   Code   RO          622    i.os_error          rtx_conf_cm.o
    0x00002a3e   0x00002a3e   0x00000004   Code   RO          623    i.os_idle_demon     rtx_conf_cm.o
    0x00002a42   0x00002a42   0x00000002   PAD
    0x00002a44   0x00002a44   0x00000028   Code   RO         1419    i.os_tick_init      RTX_CM3.lib(rt_system.o)
    0x00002a6c   0x00002a6c   0x00000002   Code   RO         1420    i.os_tick_irqack    RTX_CM3.lib(rt_system.o)
    0x00002a6e   0x00002a6e   0x00000002   PAD
    0x00002a70   0x00002a70   0x00000060   Code   RO          492    i.pull_data         multi_thread.o
    0x00002ad0   0x00002ad0   0x0000009c   Code   RO          493    i.push_data         multi_thread.o
    0x00002b6c   0x00002b6c   0x0000001a   Code   RO         1786    i.rt_alloc_box      RTX_CM3.lib(rt_membox.o)
    0x00002b86   0x00002b86   0x0000003e   Code   RO         1814    i.rt_alloc_mem      RTX_CM3.lib(rt_memory.o)
    0x00002bc4   0x00002bc4   0x00000038   Code   RO         1334    i.rt_block          RTX_CM3.lib(rt_task.o)
    0x00002bfc   0x00002bfc   0x00000048   Code   RO         1886    i.rt_chk_robin      RTX_CM3.lib(rt_robin.o)
    0x00002c44   0x00002c44   0x00000070   Code   RO         1555    i.rt_dec_dly        RTX_CM3.lib(rt_list.o)
    0x00002cb4   0x00002cb4   0x00000044   Code   RO         1335    i.rt_dispatch       RTX_CM3.lib(rt_task.o)
    0x00002cf8   0x00002cf8   0x00000050   Code   RO         1512    i.rt_evt_psh        RTX_CM3.lib(rt_event.o)
    0x00002d48   0x00002d48   0x0000002c   Code   RO         1787    i.rt_free_box       RTX_CM3.lib(rt_membox.o)
    0x00002d74   0x00002d74   0x00000028   Code   RO         1815    i.rt_free_mem       RTX_CM3.lib(rt_memory.o)
    0x00002d9c   0x00002d9c   0x00000028   Code   RO         1556    i.rt_get_first      RTX_CM3.lib(rt_list.o)
    0x00002dc4   0x00002dc4   0x00000008   Code   RO          765    i.rt_id2obj         RTX_CM3.lib(rt_cmsis.o)
    0x00002dcc   0x00002dcc   0x00000048   Code   RO         1336    i.rt_init_context   RTX_CM3.lib(rt_task.o)
    0x00002e14   0x00002e14   0x0000001a   Code   RO         1816    i.rt_init_mem       RTX_CM3.lib(rt_memory.o)
    0x00002e2e   0x00002e2e   0x00000002   PAD
    0x00002e30   0x00002e30   0x00000018   Code   RO         1887    i.rt_init_robin     RTX_CM3.lib(rt_robin.o)
    0x00002e48   0x00002e48   0x00000080   Code   RO         1841    i.rt_init_stack     RTX_CM3.lib(hal_cm.o)
    0x00002ec8   0x00002ec8   0x00000008   Code   RO         1633    i.rt_mbx_check      RTX_CM3.lib(rt_mailbox.o)
    0x00002ed0   0x00002ed0   0x0000001a   Code   RO         1634    i.rt_mbx_init       RTX_CM3.lib(rt_mailbox.o)
    0x00002eea   0x00002eea   0x00000002   PAD
    0x00002eec   0x00002eec   0x000000f0   Code   RO         1635    i.rt_mbx_psh        RTX_CM3.lib(rt_mailbox.o)
    0x00002fdc   0x00002fdc   0x000000b4   Code   RO         1637    i.rt_mbx_wait       RTX_CM3.lib(rt_mailbox.o)
    0x00003090   0x00003090   0x00000044   Code   RO          766    i.rt_ms2tick        RTX_CM3.lib(rt_cmsis.o)
    0x000030d4   0x000030d4   0x00000010   Code   RO         1755    i.rt_mut_init       RTX_CM3.lib(rt_mutex.o)
    0x000030e4   0x000030e4   0x000000d8   Code   RO         1756    i.rt_mut_release    RTX_CM3.lib(rt_mutex.o)
    0x000031bc   0x000031bc   0x00000078   Code   RO         1757    i.rt_mut_wait       RTX_CM3.lib(rt_mutex.o)
    0x00003234   0x00003234   0x0000007c   Code   RO         1423    i.rt_pop_req        RTX_CM3.lib(rt_system.o)
    0x000032b0   0x000032b0   0x00000020   Code   RO         1424    i.rt_psh_req        RTX_CM3.lib(rt_system.o)
    0x000032d0   0x000032d0   0x0000005c   Code   RO         1558    i.rt_psq_enq        RTX_CM3.lib(rt_list.o)
    0x0000332c   0x0000332c   0x00000048   Code   RO         1559    i.rt_put_dly        RTX_CM3.lib(rt_list.o)
    0x00003374   0x00003374   0x00000036   Code   RO         1560    i.rt_put_prio       RTX_CM3.lib(rt_list.o)
    0x000033aa   0x000033aa   0x00000002   PAD
    0x000033ac   0x000033ac   0x00000014   Code   RO         1561    i.rt_put_rdy_first  RTX_CM3.lib(rt_list.o)
    0x000033c0   0x000033c0   0x00000034   Code   RO         1562    i.rt_resort_prio    RTX_CM3.lib(rt_list.o)
    0x000033f4   0x000033f4   0x00000006   Code   RO         1842    i.rt_ret_val        RTX_CM3.lib(hal_cm.o)
    0x000033fa   0x000033fa   0x00000008   Code   RO         1843    i.rt_ret_val2       RTX_CM3.lib(hal_cm.o)
    0x00003402   0x00003402   0x00000028   Code   RO         1563    i.rt_rmv_dly        RTX_CM3.lib(rt_list.o)
    0x0000342a   0x0000342a   0x00000002   PAD
    0x0000342c   0x0000342c   0x00000030   Code   RO         1564    i.rt_rmv_list       RTX_CM3.lib(rt_list.o)
    0x0000345c   0x0000345c   0x00000034   Code   RO         1682    i.rt_sem_psh        RTX_CM3.lib(rt_semaphore.o)
    0x00003490   0x00003490   0x00000024   Code   RO         1426    i.rt_stk_check      RTX_CM3.lib(rt_system.o)
    0x000034b4   0x000034b4   0x00000028   Code   RO         1337    i.rt_switch_req     RTX_CM3.lib(rt_task.o)
    0x000034dc   0x000034dc   0x000000cc   Code   RO         1338    i.rt_sys_init       RTX_CM3.lib(rt_task.o)
    0x000035a8   0x000035a8   0x00000078   Code   RO         1339    i.rt_sys_start      RTX_CM3.lib(rt_task.o)
    0x00003620   0x00003620   0x00000040   Code   RO         1428    i.rt_systick        RTX_CM3.lib(rt_system.o)
    0x00003660   0x00003660   0x00000012   Code   RO          767    i.rt_tid2ptcb       RTX_CM3.lib(rt_cmsis.o)
    0x00003672   0x00003672   0x00000002   PAD
    0x00003674   0x00003674   0x00000034   Code   RO          768    i.rt_timer_insert   RTX_CM3.lib(rt_cmsis.o)
    0x000036a8   0x000036a8   0x00000088   Code   RO         1340    i.rt_tsk_create     RTX_CM3.lib(rt_task.o)
    0x00003730   0x00003730   0x0000017c   Code   RO         1341    i.rt_tsk_delete     RTX_CM3.lib(rt_task.o)
    0x000038ac   0x000038ac   0x0000007c   Code   RO         1343    i.rt_tsk_prio       RTX_CM3.lib(rt_task.o)
    0x00003928   0x00003928   0x00000010   Code   RO         1344    i.rt_tsk_self       RTX_CM3.lib(rt_task.o)
    0x00003938   0x00003938   0x00000044   Code   RO          227    i.sendchar          retarget.o
    0x0000397c   0x0000397c   0x00000018   Code   RO          287    i.sensor_fusion_begin  sensor_fusion.o
    0x00003994   0x00003994   0x00000024   Code   RO          288    i.sensor_fusion_getPitch  sensor_fusion.o
    0x000039b8   0x000039b8   0x00000024   Code   RO          290    i.sensor_fusion_getRoll  sensor_fusion.o
    0x000039dc   0x000039dc   0x00000030   Code   RO          292    i.sensor_fusion_getYaw  sensor_fusion.o
    0x00003a0c   0x00003a0c   0x0000006c   Code   RO          294    i.sensor_fusion_init  sensor_fusion.o
    0x00003a78   0x00003a78   0x00000760   Code   RO          295    i.sensor_fusion_update  sensor_fusion.o
    0x000041d8   0x000041d8   0x00000468   Code   RO          296    i.sensor_fusion_updateIMU  sensor_fusion.o
    0x00004640   0x00004640   0x0000002c   Code   RO         1937    i.sqrtf             m_ws.l(sqrtf.o)
    0x0000466c   0x0000466c   0x00000070   Code   RO          771    i.svcKernelInitialize  RTX_CM3.lib(rt_cmsis.o)
    0x000046dc   0x000046dc   0x00000048   Code   RO          773    i.svcKernelStart    RTX_CM3.lib(rt_cmsis.o)
    0x00004724   0x00004724   0x00000024   Code   RO          776    i.svcMessageCreate  RTX_CM3.lib(rt_cmsis.o)
    0x00004748   0x00004748   0x0000003a   Code   RO          777    i.svcMessageGet     RTX_CM3.lib(rt_cmsis.o)
    0x00004782   0x00004782   0x0000001c   Code   RO          779    i.svcMutexCreate    RTX_CM3.lib(rt_cmsis.o)
    0x0000479e   0x0000479e   0x00000022   Code   RO          781    i.svcMutexRelease   RTX_CM3.lib(rt_cmsis.o)
    0x000047c0   0x000047c0   0x0000003a   Code   RO          782    i.svcMutexWait      RTX_CM3.lib(rt_cmsis.o)
    0x000047fa   0x000047fa   0x00000002   PAD
    0x000047fc   0x000047fc   0x0000006c   Code   RO          791    i.svcThreadCreate   RTX_CM3.lib(rt_cmsis.o)
    0x00004868   0x00004868   0x0000001c   Code   RO          792    i.svcThreadGetId    RTX_CM3.lib(rt_cmsis.o)
    0x00004884   0x00004884   0x00000038   Code   RO          795    i.svcThreadTerminate  RTX_CM3.lib(rt_cmsis.o)
    0x000048bc   0x000048bc   0x00000018   Code   RO          797    i.svcTimerCall      RTX_CM3.lib(rt_cmsis.o)
    0x000048d4   0x000048d4   0x0000005c   Code   RO          806    i.sysTimerTick      RTX_CM3.lib(rt_cmsis.o)
    0x00004930   0x00004930   0x00000022   Data   RO          110    .constdata          mpu9250.o
    0x00004952   0x00004952   0x00000002   PAD
    0x00004954   0x00004954   0x0000003c   Data   RO          495    .constdata          multi_thread.o
    0x00004990   0x00004990   0x00000008   Data   RO          553    .constdata          led.o
    0x00004998   0x00004998   0x00000068   Data   RO          625    .constdata          rtx_conf_cm.o
    0x00004a00   0x00004a00   0x00000020   Data   RO         2296    Region$$Table       anon$$obj.o


    Execution Region ER_RW (Exec base: 0x10000000, Load base: 0x00004a20, Size: 0x000000c4, Max: 0xffffffff, ABSOLUTE)

    Exec Addr    Load Addr    Size         Type   Attr      Idx    E Section Name        Object

    0x10000000   0x00004a20   0x00000014   Data   RW          111    .data               mpu9250.o
    0x10000014   0x00004a34   0x0000000c   Data   RW          228    .data               retarget.o
    0x10000020   0x00004a40   0x00000035   Data   RW          297    .data               sensor_fusion.o
    0x10000055   0x00004a75   0x00000003   PAD
    0x10000058   0x00004a78   0x00000020   Data   RW          392    .data               uart.o
    0x10000078   0x00004a98   0x0000000c   Data   RW          496    .data               multi_thread.o
    0x10000084   0x00004aa4   0x00000010   Data   RW          626    .data               rtx_conf_cm.o
    0x10000094   0x00004ab4   0x00000004   Data   RW          674    .data               system_lpc17xx.o
    0x10000098   0x00004ab8   0x00000008   Data   RW          809    .data               RTX_CM3.lib(rt_cmsis.o)
    0x100000a0   0x00004ac0   0x00000008   Data   RW         1346    .data               RTX_CM3.lib(rt_task.o)
    0x100000a8   0x00004ac8   0x00000008   Data   RW         1431    .data               RTX_CM3.lib(rt_system.o)
    0x100000b0   0x00004ad0   0x00000004   Data   RW         1725    .data               RTX_CM3.lib(rt_time.o)
    0x100000b4   0x00004ad4   0x00000001   Data   RW         1844    .data               RTX_CM3.lib(hal_cm.o)
    0x100000b5   0x00004ad5   0x00000003   PAD
    0x100000b8   0x00004ad8   0x00000008   Data   RW         1888    .data               RTX_CM3.lib(rt_robin.o)
    0x100000c0   0x00004ae0   0x00000004   Data   RW         2275    .data               mc_w.l(errno.o)


    Execution Region ER_ZI (Exec base: 0x100000c4, Load base: 0x00004ae4, Size: 0x0000329c, Max: 0xffffffff, ABSOLUTE)

    Exec Addr    Load Addr    Size         Type   Attr      Idx    E Section Name        Object

    0x100000c4        -       0x00000054   Zero   RW          109    .bss                mpu9250.o
    0x10000118        -       0x00000080   Zero   RW          391    .bss                uart.o
    0x10000198        -       0x00000030   Zero   RW          494    .bss                multi_thread.o
    0x100001c8        -       0x00001130   Zero   RW          624    .bss                rtx_conf_cm.o
    0x100012f8        -       0x00000034   Zero   RW         1345    .bss                RTX_CM3.lib(rt_task.o)
    0x1000132c        -       0x00000030   Zero   RW         1565    .bss                RTX_CM3.lib(rt_list.o)
    0x1000135c   0x00004ae4   0x00000004   PAD
    0x10001360        -       0x00002000   Zero   RW          659    STACK               startup_lpc17xx.o


==============================================================================

Image component sizes


      Code (inc. data)   RO Data    RW Data    ZI Data      Debug   Object Name

       168         30          0          0          0      22831   ece_spi.o
       150         26          8          0          0       2122   led.o
      2164         90         34         20         84       9538   mpu9250.o
       492         78         60         12         48       7335   multi_thread.o
        82          4          0         12          0       2738   retarget.o
        62          6        104         16       4400       7504   rtx_conf_cm.o
      3656        248          0         53          0       7232   sensor_fusion.o
        40         12        204          0       8192        940   startup_lpc17xx.o
       320         18          0          4          0        755   system_lpc17xx.o
       616         86          0         32        128      32035   uart.o

    ----------------------------------------------------------------------
      7762        598        444        152      12852      93030   Object Totals
         0          0         32          0          0          0   (incl. Generated)
        12          0          2          3          0          0   (incl. Padding)

    ----------------------------------------------------------------------

      Code (inc. data)   RO Data    RW Data    ZI Data      Debug   Library Member Name

       238         24          0          1          0       3312   hal_cm.o
       304         36          0          0          0        768   hal_cm3.o
      1322        158          0          8          0      35597   rt_cmsis.o
        80          4          0          0          0        661   rt_event.o
       530         34          0          0         48       8253   rt_list.o
       554         10          0          0          0       3949   rt_mailbox.o
       140          0          0          0          0       1925   rt_membox.o
       128          0          0          0          0       2307   rt_memory.o
       352         14          0          0          0       2105   rt_mutex.o
        96         22          0          8          0       1158   rt_robin.o
        52          4          0          0          0        573   rt_semaphore.o
       298         52          0          8          0       6223   rt_system.o
      1216        174          0          8         52       9649   rt_task.o
         0          0          0          4          0        214   rt_time.o
         4          4          0          0          0        208   svc_table.o
       292         38          0          0          0        120   asinf.o
       604         76          0          0          0        116   atan2f.o
        38          0          0          0          0         68   fpclassifyf.o
        28          0          0          0          0        272   funder.o
        44          0          0          0          0         80   sqrtf.o
         0          0          0          0          0          0   entry.o
         0          0          0          0          0          0   entry10a.o
         0          0          0          0          0          0   entry11a.o
         8          4          0          0          0          0   entry2.o
         4          0          0          0          0          0   entry5.o
         0          0          0          0          0          0   entry7b.o
         0          0          0          0          0          0   entry8b.o
        12          6          0          4          0         68   errno.o
        30          0          0          0          0          0   handlers.o
        36          8          0          0          0         68   init.o
         0          0          0          0          0          0   iusefp.o
        30          0          0          0          0         68   llshl.o
        36          0          0          0          0         68   llsshr.o
        32          0          0          0          0         68   llushr.o
        36          0          0          0          0         68   memcpya.o
      2258         90          0          0          0        452   printfa.o
        44          0          0          0          0         80   uidiv.o
        98          0          0          0          0         92   uldiv.o
        48          0          0          0          0         68   cdrcmple.o
        20          0          0          0          0         68   cfcmple.o
        20          0          0          0          0         68   cfrcmple.o
       334          0          0          0          0        148   dadd.o
       222          0          0          0          0        100   ddiv.o
       186          0          0          0          0        176   depilogue.o
        48          0          0          0          0         68   dfixul.o
       228          0          0          0          0         96   dmul.o
        38          0          0          0          0         68   f2d.o
       176          0          0          0          0        140   fadd.o
       124          0          0          0          0         88   fdiv.o
       110          0          0          0          0        168   fepilogue.o
        18          0          0          0          0         68   fflti.o
        10          0          0          0          0         68   ffltui.o
       100          0          0          0          0         76   fmul.o
        24          0          0          0          0         68   fscalb.o
        94          0          0          0          0         96   fsqrt.o

    ----------------------------------------------------------------------
     10770        758          0         44        104      80222   Library Totals
        26          0          0          3          4          0   (incl. Padding)

    ----------------------------------------------------------------------

      Code (inc. data)   RO Data    RW Data    ZI Data      Debug   Library Name

      5314        536          0         37        100      76902   RTX_CM3.lib
      1006        114          0          0          0        656   m_ws.l
      2624        108          0          4          0       1032   mc_w.l
      1800          0          0          0          0       1632   mf_w.l

    ----------------------------------------------------------------------
     10770        758          0         44        104      80222   Library Totals

    ----------------------------------------------------------------------

==============================================================================


      Code (inc. data)   RO Data    RW Data    ZI Data      Debug   

     18532       1356        444        196      12956     165188   Grand Totals
     18532       1356        444        196      12956     165188   ELF Image Totals
     18532       1356        444        196          0          0   ROM Totals

==============================================================================

    Total RO  Size (Code + RO Data)                18976 (  18.53kB)
    Total RW  Size (RW Data + ZI Data)             13152 (  12.84kB)
    Total ROM Size (Code + RO Data + RW Data)      19172 (  18.72kB)

==============================================================================

