Component: ARM Compiler 5.06 update 5 (build 528) Tool: armlink [4d35e2]

==============================================================================

Section Cross References

    glcd_spi_lpc1700.o(i.GLCD_Bargraph) refers to glcd_spi_lpc1700.o(i.GLCD_SetWindow) for GLCD_SetWindow
    glcd_spi_lpc1700.o(i.GLCD_Bargraph) refers to glcd_spi_lpc1700.o(i.wr_cmd) for wr_cmd
    glcd_spi_lpc1700.o(i.GLCD_Bargraph) refers to glcd_spi_lpc1700.o(i.wr_dat_start) for wr_dat_start
    glcd_spi_lpc1700.o(i.GLCD_Bargraph) refers to glcd_spi_lpc1700.o(i.wr_dat_only) for wr_dat_only
    glcd_spi_lpc1700.o(i.GLCD_Bargraph) refers to glcd_spi_lpc1700.o(i.wr_dat_stop) for wr_dat_stop
    glcd_spi_lpc1700.o(i.GLCD_Bargraph) refers to glcd_spi_lpc1700.o(.data) for Color
    glcd_spi_lpc1700.o(i.GLCD_Bitmap) refers to glcd_spi_lpc1700.o(i.GLCD_SetWindow) for GLCD_SetWindow
    glcd_spi_lpc1700.o(i.GLCD_Bitmap) refers to glcd_spi_lpc1700.o(i.wr_cmd) for wr_cmd
    glcd_spi_lpc1700.o(i.GLCD_Bitmap) refers to glcd_spi_lpc1700.o(i.wr_dat_start) for wr_dat_start
    glcd_spi_lpc1700.o(i.GLCD_Bitmap) refers to glcd_spi_lpc1700.o(i.wr_dat_only) for wr_dat_only
    glcd_spi_lpc1700.o(i.GLCD_Bitmap) refers to glcd_spi_lpc1700.o(i.wr_dat_stop) for wr_dat_stop
    glcd_spi_lpc1700.o(i.GLCD_Clear) refers to glcd_spi_lpc1700.o(i.GLCD_WindowMax) for GLCD_WindowMax
    glcd_spi_lpc1700.o(i.GLCD_Clear) refers to glcd_spi_lpc1700.o(i.wr_cmd) for wr_cmd
    glcd_spi_lpc1700.o(i.GLCD_Clear) refers to glcd_spi_lpc1700.o(i.wr_dat_start) for wr_dat_start
    glcd_spi_lpc1700.o(i.GLCD_Clear) refers to glcd_spi_lpc1700.o(i.wr_dat_only) for wr_dat_only
    glcd_spi_lpc1700.o(i.GLCD_Clear) refers to glcd_spi_lpc1700.o(i.wr_dat_stop) for wr_dat_stop
    glcd_spi_lpc1700.o(i.GLCD_ClearLn) refers to glcd_spi_lpc1700.o(i.GLCD_WindowMax) for GLCD_WindowMax
    glcd_spi_lpc1700.o(i.GLCD_ClearLn) refers to glcd_spi_lpc1700.o(i.GLCD_DisplayString) for GLCD_DisplayString
    glcd_spi_lpc1700.o(i.GLCD_DisplayChar) refers to glcd_spi_lpc1700.o(i.GLCD_DrawChar) for GLCD_DrawChar
    glcd_spi_lpc1700.o(i.GLCD_DisplayChar) refers to glcd_spi_lpc1700.o(.constdata) for Font_6x8_h
    glcd_spi_lpc1700.o(i.GLCD_DisplayString) refers to glcd_spi_lpc1700.o(i.GLCD_DisplayChar) for GLCD_DisplayChar
    glcd_spi_lpc1700.o(i.GLCD_DrawChar) refers to glcd_spi_lpc1700.o(i.GLCD_SetWindow) for GLCD_SetWindow
    glcd_spi_lpc1700.o(i.GLCD_DrawChar) refers to glcd_spi_lpc1700.o(i.wr_cmd) for wr_cmd
    glcd_spi_lpc1700.o(i.GLCD_DrawChar) refers to glcd_spi_lpc1700.o(i.wr_dat_start) for wr_dat_start
    glcd_spi_lpc1700.o(i.GLCD_DrawChar) refers to glcd_spi_lpc1700.o(i.wr_dat_only) for wr_dat_only
    glcd_spi_lpc1700.o(i.GLCD_DrawChar) refers to glcd_spi_lpc1700.o(i.wr_dat_stop) for wr_dat_stop
    glcd_spi_lpc1700.o(i.GLCD_DrawChar) refers to glcd_spi_lpc1700.o(.data) for Color
    glcd_spi_lpc1700.o(i.GLCD_Init) refers to glcd_spi_lpc1700.o(i.rd_id_man) for rd_id_man
    glcd_spi_lpc1700.o(i.GLCD_Init) refers to glcd_spi_lpc1700.o(i.rd_reg) for rd_reg
    glcd_spi_lpc1700.o(i.GLCD_Init) refers to glcd_spi_lpc1700.o(i.wr_reg) for wr_reg
    glcd_spi_lpc1700.o(i.GLCD_Init) refers to glcd_spi_lpc1700.o(i.delay) for delay
    glcd_spi_lpc1700.o(i.GLCD_Init) refers to glcd_spi_lpc1700.o(.data) for Himax
    glcd_spi_lpc1700.o(i.GLCD_PutPixel) refers to glcd_spi_lpc1700.o(i.wr_reg) for wr_reg
    glcd_spi_lpc1700.o(i.GLCD_PutPixel) refers to glcd_spi_lpc1700.o(i.wr_cmd) for wr_cmd
    glcd_spi_lpc1700.o(i.GLCD_PutPixel) refers to glcd_spi_lpc1700.o(i.wr_dat) for wr_dat
    glcd_spi_lpc1700.o(i.GLCD_PutPixel) refers to glcd_spi_lpc1700.o(.data) for Himax
    glcd_spi_lpc1700.o(i.GLCD_SetBackColor) refers to glcd_spi_lpc1700.o(.data) for Color
    glcd_spi_lpc1700.o(i.GLCD_SetTextColor) refers to glcd_spi_lpc1700.o(.data) for Color
    glcd_spi_lpc1700.o(i.GLCD_SetWindow) refers to glcd_spi_lpc1700.o(i.wr_reg) for wr_reg
    glcd_spi_lpc1700.o(i.GLCD_SetWindow) refers to glcd_spi_lpc1700.o(.data) for Himax
    glcd_spi_lpc1700.o(i.GLCD_WindowMax) refers to glcd_spi_lpc1700.o(i.GLCD_SetWindow) for GLCD_SetWindow
    glcd_spi_lpc1700.o(i.GLCD_WrCmd) refers to glcd_spi_lpc1700.o(i.wr_cmd) for wr_cmd
    glcd_spi_lpc1700.o(i.GLCD_WrReg) refers to glcd_spi_lpc1700.o(i.wr_reg) for wr_reg
    glcd_spi_lpc1700.o(i.rd_id_man) refers to glcd_spi_lpc1700.o(i.spi_tran_man) for spi_tran_man
    glcd_spi_lpc1700.o(i.rd_reg) refers to glcd_spi_lpc1700.o(i.wr_cmd) for wr_cmd
    glcd_spi_lpc1700.o(i.rd_reg) refers to glcd_spi_lpc1700.o(i.spi_tran) for spi_tran
    glcd_spi_lpc1700.o(i.spi_tran_man) refers to glcd_spi_lpc1700.o(i.delay) for delay
    glcd_spi_lpc1700.o(i.wr_cmd) refers to glcd_spi_lpc1700.o(i.spi_tran) for spi_tran
    glcd_spi_lpc1700.o(i.wr_dat) refers to glcd_spi_lpc1700.o(i.spi_tran) for spi_tran
    glcd_spi_lpc1700.o(i.wr_dat_only) refers to glcd_spi_lpc1700.o(i.spi_tran) for spi_tran
    glcd_spi_lpc1700.o(i.wr_dat_start) refers to glcd_spi_lpc1700.o(i.spi_tran) for spi_tran
[...]
    printfa.o(i.__0vsnprintf) refers to printfa.o(i._snputc) for _snputc
    printfa.o(i.__0vsprintf) refers (Special) to iusefp.o(.text) for __I$use$fp
    printfa.o(i.__0vsprintf) refers to printfa.o(i._printf_core) for _printf_core
    printfa.o(i.__0vsprintf) refers to printfa.o(i._sputc) for _sputc
    printfa.o(i._fp_digits) refers (Special) to iusefp.o(.text) for __I$use$fp
    printfa.o(i._fp_digits) refers to dmul.o(.text) for __aeabi_dmul
    printfa.o(i._fp_digits) refers to ddiv.o(.text) for __aeabi_ddiv
    printfa.o(i._fp_digits) refers to cdrcmple.o(.text) for __aeabi_cdrcmple
    printfa.o(i._fp_digits) refers to dadd.o(.text) for __aeabi_dadd
    printfa.o(i._fp_digits) refers to dfixul.o(.text) for __aeabi_d2ulz
    printfa.o(i._fp_digits) refers to uldiv.o(.text) for __aeabi_uldivmod
    printfa.o(i._printf_core) refers (Special) to iusefp.o(.text) for __I$use$fp
    printfa.o(i._printf_core) refers to printfa.o(i._printf_pre_padding) for _printf_pre_padding
    printfa.o(i._printf_core) refers to uldiv.o(.text) for __aeabi_uldivmod
    printfa.o(i._printf_core) refers to printfa.o(i._printf_post_padding) for _printf_post_padding
    printfa.o(i._printf_core) refers to printfa.o(i._fp_digits) for _fp_digits
    printfa.o(i._printf_core) refers to uidiv.o(.text) for __aeabi_uidivmod
    printfa.o(i._printf_post_padding) refers (Special) to iusefp.o(.text) for __I$use$fp
    printfa.o(i._printf_pre_padding) refers (Special) to iusefp.o(.text) for __I$use$fp
    printfa.o(i._snputc) refers (Special) to iusefp.o(.text) for __I$use$fp
    printfa.o(i._sputc) refers (Special) to iusefp.o(.text) for __I$use$fp
    malloc.o(i.free) refers to mvars.o(.data) for __microlib_freelist
    malloc.o(i.malloc) refers to mvars.o(.data) for __microlib_freelist_initialised
    malloc.o(i.malloc) refers to mvars.o(.data) for __microlib_freelist
    malloc.o(i.malloc) refers to startup_lpc17xx.o(HEAP) for __heap_base
    mallocr.o(i.__free$realloc) refers to mvars.o(.data) for __microlib_freelist
    mallocr.o(i.__malloc$realloc) refers to mallocr.o(i.internal_alloc) for internal_alloc
    mallocr.o(i.__malloc$realloc) refers to mvars.o(.data) for __microlib_freelist_initialised
    mallocr.o(i.__malloc$realloc) refers to startup_lpc17xx.o(HEAP) for __heap_base
    mallocr.o(i.__malloc$realloc) refers to mvars.o(.data) for __microlib_freelist
    mallocr.o(i.internal_alloc) refers to memcpya.o(.text) for __aeabi_memcpy
    mallocr.o(i.internal_alloc) refers to mvars.o(.data) for __microlib_freelist
    mallocr.o(i.realloc) refers to mallocr.o(i.__free$realloc) for __free$realloc
    mallocr.o(i.realloc) refers to mallocr.o(i.internal_alloc) for internal_alloc
    mallocr.o(i.realloc) refers to mallocr.o(i.__malloc$realloc) for __malloc$realloc
    mallocr.o(i.realloc) refers to mvars.o(.data) for __microlib_freelist
    malloca.o(i.__aligned_malloc) refers to mvars.o(.data) for __microlib_freelist_initialised
    malloca.o(i.__aligned_malloc) refers to mvars.o(.data) for __microlib_freelist
    malloca.o(i.__aligned_malloc) refers to startup_lpc17xx.o(HEAP) for __heap_base
    malloca.o(i.__free$memalign) refers to mvars.o(.data) for __microlib_freelist
    malloca.o(i.__malloc$memalign) refers to malloca.o(i.__aligned_malloc) for __aligned_malloc
    mallocra.o(i.__aligned_malloc$realloc) refers to mallocra.o(i.internal_alloc) for internal_alloc
    mallocra.o(i.__aligned_malloc$realloc) refers to mvars.o(.data) for __microlib_freelist_initialised
    mallocra.o(i.__aligned_malloc$realloc) refers to startup_lpc17xx.o(HEAP) for __heap_base
    mallocra.o(i.__aligned_malloc$realloc) refers to mvars.o(.data) for __microlib_freelist
    mallocra.o(i.__free$realloc$memalign) refers to mvars.o(.data) for __microlib_freelist
    mallocra.o(i.__malloc$realloc$memalign) refers to mallocra.o(i.__aligned_malloc$realloc) for __aligned_malloc$realloc
    mallocra.o(i.__realloc$memalign) refers to mallocra.o(i.__free$realloc$memalign) for __free$realloc$memalign
    mallocra.o(i.__realloc$memalign) refers to mallocra.o(i.internal_alloc) for internal_alloc
    mallocra.o(i.__realloc$memalign) refers to mallocra.o(i.__malloc$realloc$memalign) for __malloc$realloc$memalign
    mallocra.o(i.__realloc$memalign) refers to mvars.o(.data) for __microlib_freelist
    mallocra.o(i.internal_alloc) refers to memcpya.o(.text) for __aeabi_memcpy
    mallocra.o(i.internal_alloc) refers to mvars.o(.data) for __microlib_freelist
    entry2.o(.ARM.Collect$$$$00000001) refers to entry2.o(.ARM.Collect$$$$00002712) for __lit__00000000
    entry2.o(.ARM.Collect$$$$00002712) refers to startup_lpc17xx.o(STACK) for __initial_sp
    entry2.o(__vectab_stack_and_reset_area) refers to startup_lpc17xx.o(STACK) for __initial_sp
    entry2.o(__vectab_stack_and_reset_area) refers to entry.o(.ARM.Collect$$$$00000000) for __main
    entry5.o(.ARM.Collect$$$$00000004) refers to init.o(.text) for __scatterload
    dadd.o(.text) refers to llshl.o(.text) for __aeabi_llsl
    dadd.o(.text) refers to llsshr.o(.text) for __aeabi_lasr
    dadd.o(.text) refers to depilogue.o(.text) for _double_epilogue
    dmul.o(.text) refers to depilogue.o(.text) for _double_epilogue
    ddiv.o(.text) refers to depilogue.o(.text) for _double_round
    dfixul.o(.text) refers to llushr.o(.text) for __aeabi_llsr
    dfixul.o(.text) refers to llshl.o(.text) for __aeabi_llsl
    init.o(.text) refers to entry5.o(.ARM.Collect$$$$00000004) for __main_after_scatterload
    depilogue.o(.text) refers to llshl.o(.text) for __aeabi_llsl
    depilogue.o(.text) refers to llushr.o(.text) for __aeabi_llsr


==============================================================================

Removing Unused input sections from the image.

    Removing glcd_spi_lpc1700.o(.rev16_text), (4 bytes).
    Removing glcd_spi_lpc1700.o(.revsh_text), (4 bytes).
    Removing glcd_spi_lpc1700.o(.rrx_text), (6 bytes).
    Removing glcd_spi_lpc1700.o(i.GLCD_Bargraph), (104 bytes).
    Removing glcd_spi_lpc1700.o(i.GLCD_Bitmap), (82 bytes).
    Removing glcd_spi_lpc1700.o(i.GLCD_ClearLn), (94 bytes).
    Removing glcd_spi_lpc1700.o(i.GLCD_DisplayChar), (92 bytes).
    Removing glcd_spi_lpc1700.o(i.GLCD_DisplayString), (40 bytes).
    Removing glcd_spi_lpc1700.o(i.GLCD_DrawChar), (156 bytes).
    Removing glcd_spi_lpc1700.o(i.GLCD_ScrollVertical), (2 bytes).
    Removing glcd_spi_lpc1700.o(i.GLCD_WrCmd), (12 bytes).
    Removing glcd_spi_lpc1700.o(i.GLCD_WrReg), (16 bytes).
    Removing glcd_spi_lpc1700.o(.constdata), (6272 bytes).
    Removing lfsr113.o(i.lfsr113), (144 bytes).
    Removing lfsr113.o(.data), (16 bytes).
    Removing random.o(i.next_event), (20 bytes).
    Removing random.o(.data), (1024 bytes).
    Removing retarget.o(i._sys_exit), (4 bytes).
    Removing retarget.o(i._ttywrch), (12 bytes).
    Removing retarget.o(i.ferror), (8 bytes).
    Removing retarget.o(i.fgetc), (20 bytes).
    Removing retarget.o(i.getkey), (36 bytes).
    Removing uart.o(.rev16_text), (4 bytes).
    Removing uart.o(.revsh_text), (4 bytes).
    Removing uart.o(.rrx_text), (6 bytes).
    Removing uart.o(i.Lock), (28 bytes).
    Removing uart.o(i.LockRcv), (36 bytes).
    Removing uart.o(i.LockSnd), (36 bytes).
    Removing uart.o(i.UARTReceiveChar), (36 bytes).
    Removing uart.o(i.UARTRecieve), (160 bytes).
    Removing uart.o(i.UARTSend), (132 bytes).
    Removing main.o(.rev16_text), (4 bytes).
    Removing main.o(.revsh_text), (4 bytes).
    Removing main.o(.rrx_text), (6 bytes).
    Removing system_lpc17xx.o(.rev16_text), (4 bytes).
    Removing system_lpc17xx.o(.revsh_text), (4 bytes).
    Removing system_lpc17xx.o(.rrx_text), (6 bytes).
    Removing system_lpc17xx.o(i.SystemCoreClockUpdate), (424 bytes).
    Removing rt_cmsis.o(.rev16_text), (4 bytes).
    Removing rt_cmsis.o(.revsh_text), (4 bytes).
    Removing rt_cmsis.o(.rrx_text), (6 bytes).
    Removing rt_cmsis.o(i.isrSemaphoreRelease), (40 bytes).
    Removing rt_cmsis.o(i.isrSignalSet), (36 bytes).
    Removing rt_cmsis.o(i.osKernelRunning), (36 bytes).
    Removing rt_cmsis.o(i.osKernelSysTick), (24 bytes).
    Removing rt_cmsis.o(i.osMailAlloc), (28 bytes).
    Removing rt_cmsis.o(i.osMailCAlloc), (48 bytes).
    Removing rt_cmsis.o(i.osMailCreate), (44 bytes).
    Removing rt_cmsis.o(i.osMailFree), (28 bytes).
    Removing rt_cmsis.o(i.osMailGet), (22 bytes).
    Removing rt_cmsis.o(i.osMailPut), (20 bytes).
    Removing rt_cmsis.o(i.osMessageCreate), (44 bytes).
    Removing rt_cmsis.o(i.osMessagePut), (24 bytes).
    Removing rt_cmsis.o(i.osMutexCreate), (44 bytes).
    Removing rt_cmsis.o(i.osMutexDelete), (24 bytes).
    Removing rt_cmsis.o(i.osMutexRelease), (24 bytes).
    Removing rt_cmsis.o(i.osMutexWait), (24 bytes).
    Removing rt_cmsis.o(i.osPoolAlloc), (32 bytes).
    Removing rt_cmsis.o(i.osPoolCAlloc), (52 bytes).
    Removing rt_cmsis.o(i.osPoolCreate), (44 bytes).
    Removing rt_cmsis.o(i.osPoolFree), (32 bytes).
    Removing rt_cmsis.o(i.osSemaphoreCreate), (44 bytes).
    Removing rt_cmsis.o(i.osSemaphoreDelete), (24 bytes).
    Removing rt_cmsis.o(i.osSemaphoreRelease), (24 bytes).
    Removing rt_cmsis.o(i.osSemaphoreWait), (24 bytes).
    Removing rt_cmsis.o(i.osSignalClear), (24 bytes).
    Removing rt_cmsis.o(i.osSignalSet), (24 bytes).
    Removing rt_cmsis.o(i.osSignalWait), (24 bytes).
    Removing rt_cmsis.o(i.osThreadGetPriority), (24 bytes).
    Removing rt_cmsis.o(i.osThreadSetPriority), (24 bytes).
    Removing rt_cmsis.o(i.osTimerCreate), (44 bytes).
    Removing rt_cmsis.o(i.osTimerDelete), (24 bytes).
    Removing rt_cmsis.o(i.osTimerStart), (24 bytes).
    Removing rt_cmsis.o(i.osTimerStop), (24 bytes).
    Removing rt_cmsis.o(i.osWait), (4 bytes).
    Removing rt_cmsis.o(i.os_resume), (12 bytes).
    Removing rt_cmsis.o(i.os_suspend), (12 bytes).
    Removing rt_cmsis.o(i.rt_clr_box), (24 bytes).
    Removing rt_cmsis.o(i.rt_timer_remove), (60 bytes).
    Removing rt_cmsis.o(i.svcKernelRunning), (12 bytes).
    Removing rt_cmsis.o(i.svcKernelSysTick), (56 bytes).
    Removing rt_cmsis.o(i.svcMailCreate), (66 bytes).
    Removing rt_cmsis.o(i.svcMessagePut), (54 bytes).
    Removing rt_cmsis.o(i.svcMutexCreate), (28 bytes).
    Removing rt_cmsis.o(i.svcMutexDelete), (26 bytes).
    Removing rt_cmsis.o(i.svcMutexRelease), (34 bytes).
    Removing rt_cmsis.o(i.svcMutexWait), (58 bytes).
    Removing rt_cmsis.o(i.svcPoolCreate), (40 bytes).
    Removing rt_cmsis.o(i.svcSemaphoreCreate), (36 bytes).
    Removing rt_cmsis.o(i.svcSemaphoreDelete), (26 bytes).
    Removing rt_cmsis.o(i.svcSemaphoreRelease), (40 bytes).
    Removing rt_cmsis.o(i.svcSemaphoreWait), (50 bytes).
    Removing rt_cmsis.o(i.svcSignalClear), (36 bytes).
    Removing rt_cmsis.o(i.svcSignalSet), (36 bytes).
    Removing rt_cmsis.o(i.svcSignalWait), (84 bytes).
    Removing rt_cmsis.o(i.svcThreadGetPriority), (18 bytes).
    Removing rt_cmsis.o(i.svcThreadSetPriority), (46 bytes).
    Removing rt_cmsis.o(i.svcTimerCreate), (56 bytes).
    Removing rt_cmsis.o(i.svcTimerDelete), (40 bytes).
    Removing rt_cmsis.o(i.svcTimerStart), (100 bytes).
    Removing rt_cmsis.o(i.svcTimerStop), (36 bytes).
    Removing rt_cmsis.o(i.sysMailAlloc), (88 bytes).
    Removing rt_cmsis.o(i.sysMailFree), (96 bytes).
    Removing rt_cmsis.o(i.sysPoolAlloc), (10 bytes).
    Removing rt_cmsis.o(i.sysPoolFree), (20 bytes).
    Removing rt_cmsis.o(i.sysUserTimerUpdate), (48 bytes).
    Removing rt_cmsis.o(i.sysUserTimerWakeupTime), (20 bytes).
    Removing rt_system.o(.emb_text), (0 bytes).
    Removing rt_system.o(i.os_tick_ovf), (16 bytes).
    Removing rt_system.o(i.os_tick_val), (20 bytes).
    Removing rt_system.o(i.rt_resume), (136 bytes).
    Removing rt_system.o(i.rt_suspend), (36 bytes).
    Removing rt_system.o(i.rt_tsk_lock), (80 bytes).
    Removing rt_system.o(i.rt_tsk_unlock), (80 bytes).
    Removing rt_event.o(i.isr_evt_set), (40 bytes).
    Removing rt_event.o(i.rt_evt_clr), (28 bytes).
    Removing rt_event.o(i.rt_evt_get), (12 bytes).
    Removing rt_event.o(i.rt_evt_set), (92 bytes).
    Removing rt_event.o(i.rt_evt_wait), (60 bytes).
    Removing rt_mailbox.o(i.rt_mbx_send), (152 bytes).
    Removing rt_semaphore.o(i.isr_sem_send), (16 bytes).
    Removing rt_semaphore.o(i.rt_sem_delete), (92 bytes).
    Removing rt_semaphore.o(i.rt_sem_init), (12 bytes).
    Removing rt_semaphore.o(i.rt_sem_send), (42 bytes).
    Removing rt_semaphore.o(i.rt_sem_wait), (64 bytes).
    Removing rt_time.o(i.rt_itv_set), (24 bytes).
    Removing rt_time.o(i.rt_itv_wait), (40 bytes).
    Removing rt_time.o(i.rt_time_get), (12 bytes).
    Removing rt_mutex.o(i.rt_mut_delete), (176 bytes).
    Removing rt_mutex.o(i.rt_mut_init), (16 bytes).
    Removing rt_mutex.o(i.rt_mut_release), (216 bytes).
    Removing rt_mutex.o(i.rt_mut_wait), (120 bytes).
    Removing rt_membox.o(i._calloc_box), (30 bytes).
    Removing dadd.o(.text), (334 bytes).
    Removing dmul.o(.text), (228 bytes).
    Removing ddiv.o(.text), (222 bytes).
    Removing dfixul.o(.text), (48 bytes).
    Removing cdrcmple.o(.text), (48 bytes).
    Removing depilogue.o(.text), (186 bytes).

139 unused section(s) (total 14148 bytes) removed from the image.

==============================================================================

Image Symbol Table

    Local Symbols

    Symbol Name                              Value     Ov Type        Size  Object(Section)

    RESET                                    0x00000000   Section      204  startup_lpc17xx.o(RESET)
    ../clib/../cmprslib/zerorunl.c           0x00000000   Number         0  __dczerorl.o ABSOLUTE
    ../clib/microlib/division.c              0x00000000   Number         0  uidiv.o ABSOLUTE
    ../clib/microlib/division.c              0x00000000   Number         0  uldiv.o ABSOLUTE
    ../clib/microlib/init/entry.s            0x00000000   Number         0  entry10a.o ABSOLUTE
    ../clib/microlib/init/entry.s            0x00000000   Number         0  entry8b.o ABSOLUTE
    ../clib/microlib/init/entry.s            0x00000000   Number         0  entry7b.o ABSOLUTE
    ../clib/microlib/init/entry.s            0x00000000   Number         0  entry7a.o ABSOLUTE
    ../clib/microlib/init/entry.s            0x00000000   Number         0  entry10b.o ABSOLUTE
    ../clib/microlib/init/entry.s            0x00000000   Number         0  entry5.o ABSOLUTE
    ../clib/microlib/init/entry.s            0x00000000   Number         0  entry2.o ABSOLUTE
    ../clib/microlib/init/entry.s            0x00000000   Number         0  entry.o ABSOLUTE
    ../clib/microlib/init/entry.s            0x00000000   Number         0  entry8a.o ABSOLUTE
    ../clib/microlib/init/entry.s            0x00000000   Number         0  entry11b.o ABSOLUTE
    ../clib/microlib/init/entry.s            0x00000000   Number         0  entry11a.o ABSOLUTE
    ../clib/microlib/longlong.c              0x00000000   Number         0  llushr.o ABSOLUTE
    ../clib/microlib/longlong.c              0x00000000   Number         0  llshl.o ABSOLUTE
    ../clib/microlib/longlong.c              0x00000000   Number         0  llsshr.o ABSOLUTE
    ../clib/microlib/malloc/malloc.c         0x00000000   Number         0  mallocra.o ABSOLUTE
    ../clib/microlib/malloc/malloc.c         0x00000000   Number         0  malloca.o ABSOLUTE
    ../clib/microlib/malloc/malloc.c         0x00000000   Number         0  mallocr.o ABSOLUTE
    ../clib/microlib/malloc/malloc.c         0x00000000   Number         0  malloc.o ABSOLUTE
    ../clib/microlib/malloc/mvars.c          0x00000000   Number         0  mvars.o ABSOLUTE
    ../clib/microlib/printf/printf.c         0x00000000   Number         0  printf5.o ABSOLUTE
    ../clib/microlib/printf/printf.c         0x00000000   Number         0  printf4.o ABSOLUTE
    ../clib/microlib/printf/printf.c         0x00000000   Number         0  printf3.o ABSOLUTE
    ../clib/microlib/printf/printf.c         0x00000000   Number         0  printf2.o ABSOLUTE
    ../clib/microlib/printf/printf.c         0x00000000   Number         0  printf1.o ABSOLUTE
    ../clib/microlib/printf/printf.c         0x00000000   Number         0  printf0.o ABSOLUTE
    ../clib/microlib/printf/printf.c         0x00000000   Number         0  printf8.o ABSOLUTE
    ../clib/microlib/printf/printf.c         0x00000000   Number         0  printfb.o ABSOLUTE
    ../clib/microlib/printf/printf.c         0x00000000   Number         0  printfa.o ABSOLUTE
    ../clib/microlib/printf/printf.c         0x00000000   Number         0  printf7.o ABSOLUTE
    ../clib/microlib/printf/printf.c         0x00000000   Number         0  printf6.o ABSOLUTE
    ../clib/microlib/printf/stubs.s          0x00000000   Number         0  stubs.o ABSOLUTE
    ../clib/microlib/stdlib/rand.c           0x00000000   Number         0  rand.o ABSOLUTE
    ../clib/microlib/string/memcpy.c         0x00000000   Number         0  memcpya.o ABSOLUTE
    ../clib/microlib/string/memcpy.c         0x00000000   Number         0  memcpyb.o ABSOLUTE
    ../clib/microlib/stubs.s                 0x00000000   Number         0  iusefp.o ABSOLUTE
    ../fplib/microlib/fpadd.c                0x00000000   Number         0  dadd.o ABSOLUTE
    ../fplib/microlib/fpdiv.c                0x00000000   Number         0  ddiv.o ABSOLUTE
    ../fplib/microlib/fpepilogue.c           0x00000000   Number         0  depilogue.o ABSOLUTE
    ../fplib/microlib/fpfix.c                0x00000000   Number         0  dfixul.o ABSOLUTE
    ../fplib/microlib/fpmul.c                0x00000000   Number         0  dmul.o ABSOLUTE
    ..\HAL_CM.c                              0x00000000   Number         0  hal_cm.o ABSOLUTE
    ..\\rt_CMSIS.c                           0x00000000   Number         0  rt_cmsis.o ABSOLUTE
    ..\\rt_System.c                          0x00000000   Number         0  rt_system.o ABSOLUTE
    ..\rt_CMSIS.c                            0x00000000   Number         0  rt_cmsis.o ABSOLUTE
    ..\rt_Event.c                            0x00000000   Number         0  rt_event.o ABSOLUTE
    ..\rt_List.c                             0x00000000   Number         0  rt_list.o ABSOLUTE
    ..\rt_Mailbox.c                          0x00000000   Number         0  rt_mailbox.o ABSOLUTE
    ..\rt_MemBox.c                           0x00000000   Number         0  rt_membox.o ABSOLUTE
    ..\rt_Memory.c                           0x00000000   Number         0  rt_memory.o ABSOLUTE
    ..\rt_Mutex.c                            0x00000000   Number         0  rt_mutex.o ABSOLUTE
    ..\rt_Robin.c                            0x00000000   Number         0  rt_robin.o ABSOLUTE
    ..\rt_Semaphore.c                        0x00000000   Number         0  rt_semaphore.o ABSOLUTE
    ..\rt_System.c                           0x00000000   Number         0  rt_system.o ABSOLUTE
    ..\rt_Task.c                             0x00000000   Number         0  rt_task.o ABSOLUTE
    ..\rt_Time.c                             0x00000000   Number         0  rt_time.o ABSOLUTE
    GLCD_SPI_LPC1700.c                       0x00000000   Number         0  glcd_spi_lpc1700.o ABSOLUTE
    GLCD_SPI_LPC1700.c                       0x00000000   Number         0  glcd_spi_lpc1700.o ABSOLUTE
    HAL_CM3.c                                0x00000000   Number         0  hal_cm3.o ABSOLUTE
    HAL_CM3.c                                0x00000000   Number         0  hal_cm3.o ABSOLUTE
    RTE\CMSIS\RTX_Conf_CM.c                  0x00000000   Number         0  rtx_conf_cm.o ABSOLUTE
    RTE\Device\LPC1768\startup_LPC17xx.s     0x00000000   Number         0  startup_lpc17xx.o ABSOLUTE
    RTE\Device\LPC1768\system_LPC17xx.c      0x00000000   Number         0  system_lpc17xx.o ABSOLUTE
    RTE\\Device\\LPC1768\\system_LPC17xx.c   0x00000000   Number         0  system_lpc17xx.o ABSOLUTE
    Retarget.c                               0x00000000   Number         0  retarget.o ABSOLUTE
    SVC_Table.s                              0x00000000   Number         0  svc_table.o ABSOLUTE
    cdrcmple.s                               0x00000000   Number         0  cdrcmple.o ABSOLUTE
    dc.s                                     0x00000000   Number         0  dc.o ABSOLUTE
    handlers.s                               0x00000000   Number         0  handlers.o ABSOLUTE
    init.s                                   0x00000000   Number         0  init.o ABSOLUTE
    lfsr113.c                                0x00000000   Number         0  lfsr113.o ABSOLUTE
    main.c                                   0x00000000   Number         0  main.o ABSOLUTE
    main.c                                   0x00000000   Number         0  main.o ABSOLUTE
    random.c                                 0x00000000   Number         0  random.o ABSOLUTE
    uart.c                                   0x00000000   Number         0  uart.o ABSOLUTE
    uart.c                                   0x00000000   Number         0  uart.o ABSOLUTE
    .ARM.Collect$$$$00000000                 0x000000cc   Section        0  entry.o(.ARM.Collect$$$$00000000)
    .ARM.Collect$$$$00000001                 0x000000cc   Section        4  entry2.o(.ARM.Collect$$$$00000001)
    .ARM.Collect$$$$00000004                 0x000000d0   Section        4  entry5.o(.ARM.Collect$$$$00000004)
    .ARM.Collect$$$$00000008                 0x000000d4   Section        0  entry7b.o(.ARM.Collect$$$$00000008)
    .ARM.Collect$$$$0000000A                 0x000000d4   Section        0  entry8b.o(.ARM.Collect$$$$0000000A)
    .ARM.Collect$$$$0000000D                 0x000000d4   Section        0  entry10a.o(.ARM.Collect$$$$0000000D)
    .ARM.Collect$$$$0000000F                 0x000000d4   Section        0  entry11a.o(.ARM.Collect$$$$0000000F)
    .ARM.Collect$$$$000000FF                 0x000000d4   Section        0  rtx_conf_cm.o(.ARM.Collect$$$$000000FF)
    .ARM.Collect$$$$00002712                 0x000000ec   Section        4  entry2.o(.ARM.Collect$$$$00002712)
    __lit__00000000                          0x000000ec   Data           4  entry2.o(.ARM.Collect$$$$00002712)
    .emb_text                                0x000000f0   Section      304  hal_cm3.o(.emb_text)
    .text                                    0x00000220   Section       36  startup_lpc17xx.o(.text)
    .text                                    0x00000244   Section        0  rand.o(.text)
    .text                                    0x00000268   Section        0  uidiv.o(.text)
    .text                                    0x00000294   Section       36  init.o(.text)
    .text                                    0x000002b8   Section        0  __dczerorl.o(.text)
    SVC_TABLE                                0x000002f4   Section        4  svc_table.o(SVC_TABLE)
    i.__scatterload_null                     0x000002f8   Section        2  handlers.o(i.__scatterload_null)
    i.os_tick_irqack                         0x000002fa   Section        0  rt_system.o(i.os_tick_irqack)
    .ARM.__at_0x02FC                         0x000002fc   Section        4  startup_lpc17xx.o(.ARM.__at_0x02FC)
    i.Free                                   0x00000300   Section        0  uart.o(i.Free)
    i.FreeRcv                                0x00000308   Section        0  uart.o(i.FreeRcv)
    i.FreeSnd                                0x0000032c   Section        0  uart.o(i.FreeSnd)
    i.GLCD_Clear                             0x00000350   Section        0  glcd_spi_lpc1700.o(i.GLCD_Clear)
    i.GLCD_Init                              0x0000037c   Section        0  glcd_spi_lpc1700.o(i.GLCD_Init)
    i.GLCD_PutPixel                          0x00000964   Section        0  glcd_spi_lpc1700.o(i.GLCD_PutPixel)
    i.GLCD_SetBackColor                      0x000009e4   Section        0  glcd_spi_lpc1700.o(i.GLCD_SetBackColor)
    i.GLCD_SetTextColor                      0x000009f0   Section        0  glcd_spi_lpc1700.o(i.GLCD_SetTextColor)
    i.GLCD_SetWindow                         0x000009fc   Section        0  glcd_spi_lpc1700.o(i.GLCD_SetWindow)
    i.GLCD_WindowMax                         0x00000aa8   Section        0  glcd_spi_lpc1700.o(i.GLCD_WindowMax)
    i.SystemInit                             0x00000abc   Section        0  system_lpc17xx.o(i.SystemInit)
    i.UART0_IRQHandler                       0x00000bfc   Section        0  uart.o(i.UART0_IRQHandler)
    i.UART1_IRQHandler                       0x00000c64   Section        0  uart.o(i.UART1_IRQHandler)
    i.UARTInit                               0x00000cd4   Section        0  uart.o(i.UARTInit)
    i.UARTSendChar                           0x00000d90   Section        0  uart.o(i.UARTSendChar)
    i.__0printf$1                            0x00000db4   Section        0  printf1.o(i.__0printf$1)
    i.__NVIC_EnableIRQ                       0x00000dd4   Section        0  uart.o(i.__NVIC_EnableIRQ)
    __NVIC_EnableIRQ                         0x00000dd5   Thumb Code    26  uart.o(i.__NVIC_EnableIRQ)
    i.__scatterload_copy                     0x00000dee   Section       14  handlers.o(i.__scatterload_copy)
    i.__scatterload_zeroinit                 0x00000dfc   Section       14  handlers.o(i.__scatterload_zeroinit)
    i._init_box                              0x00000e0a   Section        0  rt_membox.o(i._init_box)
    i._printf_core                           0x00000e50   Section        0  printf1.o(i._printf_core)
    _printf_core                             0x00000e51   Thumb Code   336  printf1.o(i._printf_core)
    i.bombs                                  0x00000fa4   Section        0  main.o(i.bombs)
    i.dbg_init                               0x00001060   Section        0  hal_cm.o(i.dbg_init)
    i.dbg_task_notify                        0x00001090   Section        0  hal_cm.o(i.dbg_task_notify)
    i.dbg_task_switch                        0x000010b0   Section        0  hal_cm.o(i.dbg_task_switch)
    i.delay                                  0x000010c0   Section        0  glcd_spi_lpc1700.o(i.delay)
    delay                                    0x000010c1   Thumb Code    14  glcd_spi_lpc1700.o(i.delay)
    i.delay_ms                               0x000010ce   Section        0  main.o(i.delay_ms)
    i.displayMap                             0x000010e8   Section        0  main.o(i.displayMap)
    i.fputc                                  0x00001176   Section        0  retarget.o(i.fputc)
    i.getFrequency                           0x00001184   Section        0  uart.o(i.getFrequency)
    i.isrMessageGet                          0x000011cc   Section        0  rt_cmsis.o(i.isrMessageGet)
    i.isrMessagePut                          0x000011f6   Section        0  rt_cmsis.o(i.isrMessagePut)
    i.isr_mbx_receive                        0x00001224   Section        0  rt_mailbox.o(i.isr_mbx_receive)
    i.isr_mbx_send                           0x0000127a   Section        0  rt_mailbox.o(i.isr_mbx_send)
    i.joystick                               0x00001288   Section        0  main.o(i.joystick)
    i.main                                   0x00001528   Section        0  main.o(i.main)
    i.malloc                                 0x00001650   Section        0  malloc.o(i.malloc)
    i.monitor                                0x000016bc   Section        0  main.o(i.monitor)
    i.osDelay                                0x000016e0   Section        0  rt_cmsis.o(i.osDelay)
    i.osKernelInitialize                     0x000016f8   Section        0  rt_cmsis.o(i.osKernelInitialize)
    i.osKernelStart                          0x0000171c   Section        0  rt_cmsis.o(i.osKernelStart)
    i.osMessageGet                           0x00001788   Section        0  rt_cmsis.o(i.osMessageGet)
    i.osThreadCreate                         0x000017a0   Section        0  rt_cmsis.o(i.osThreadCreate)
    i.osThreadExit                           0x000017cc   Section        0  rt_cmsis.o(i.osThreadExit)
    i.osThreadGetId                          0x000017e4   Section        0  rt_cmsis.o(i.osThreadGetId)
    i.osThreadTerminate                      0x000017fc   Section        0  rt_cmsis.o(i.osThreadTerminate)
    i.osThreadYield                          0x00001814   Section        0  rt_cmsis.o(i.osThreadYield)
    i.osTimerCall                            0x0000182c   Section        0  rt_cmsis.o(i.osTimerCall)
    i.osTimerThread                          0x00001838   Section        0  rt_cmsis.o(i.osTimerThread)
    i.os_error                               0x00001864   Section        0  rtx_conf_cm.o(i.os_error)
    i.os_idle_demon                          0x00001886   Section        0  rtx_conf_cm.o(i.os_idle_demon)
    i.os_tick_init                           0x0000188c   Section        0  rt_system.o(i.os_tick_init)
    i.putPix                                 0x000018b4   Section        0  main.o(i.putPix)
    i.rd_id_man                              0x000018dc   Section        0  glcd_spi_lpc1700.o(i.rd_id_man)
    rd_id_man                                0x000018dd   Thumb Code   132  glcd_spi_lpc1700.o(i.rd_id_man)
    i.rd_reg                                 0x00001968   Section        0  glcd_spi_lpc1700.o(i.rd_reg)
    rd_reg                                   0x00001969   Thumb Code    66  glcd_spi_lpc1700.o(i.rd_reg)
    i.rt_alloc_box                           0x000019b0   Section        0  rt_membox.o(i.rt_alloc_box)
    i.rt_alloc_mem                           0x000019ca   Section        0  rt_memory.o(i.rt_alloc_mem)
    i.rt_block                               0x00001a08   Section        0  rt_task.o(i.rt_block)
    i.rt_chk_robin                           0x00001a40   Section        0  rt_robin.o(i.rt_chk_robin)
    i.rt_dec_dly                             0x00001a88   Section        0  rt_list.o(i.rt_dec_dly)
    i.rt_dispatch                            0x00001af8   Section        0  rt_task.o(i.rt_dispatch)
    i.rt_dly_wait                            0x00001b3c   Section        0  rt_time.o(i.rt_dly_wait)
    i.rt_evt_psh                             0x00001b44   Section        0  rt_event.o(i.rt_evt_psh)
    i.rt_free_box                            0x00001b94   Section        0  rt_membox.o(i.rt_free_box)
    i.rt_free_mem                            0x00001bc0   Section        0  rt_memory.o(i.rt_free_mem)
    i.rt_get_first                           0x00001be8   Section        0  rt_list.o(i.rt_get_first)
    i.rt_get_same_rdy_prio                   0x00001c10   Section        0  rt_list.o(i.rt_get_same_rdy_prio)
    i.rt_id2obj                              0x00001c34   Section        0  rt_cmsis.o(i.rt_id2obj)
    rt_id2obj                                0x00001c35   Thumb Code     8  rt_cmsis.o(i.rt_id2obj)
    i.rt_init_context                        0x00001c3c   Section        0  rt_task.o(i.rt_init_context)
    rt_init_context                          0x00001c3d   Thumb Code    66  rt_task.o(i.rt_init_context)
    i.rt_init_mem                            0x00001c84   Section        0  rt_memory.o(i.rt_init_mem)
    i.rt_init_robin                          0x00001ca0   Section        0  rt_robin.o(i.rt_init_robin)
    i.rt_init_stack                          0x00001cb8   Section        0  hal_cm.o(i.rt_init_stack)
    i.rt_mbx_check                           0x00001d38   Section        0  rt_mailbox.o(i.rt_mbx_check)
    i.rt_mbx_init                            0x00001d40   Section        0  rt_mailbox.o(i.rt_mbx_init)
    i.rt_mbx_psh                             0x00001d5c   Section        0  rt_mailbox.o(i.rt_mbx_psh)
    i.rt_mbx_wait                            0x00001e4c   Section        0  rt_mailbox.o(i.rt_mbx_wait)
    i.rt_ms2tick                             0x00001f00   Section        0  rt_cmsis.o(i.rt_ms2tick)
    rt_ms2tick                               0x00001f01   Thumb Code    58  rt_cmsis.o(i.rt_ms2tick)
    i.rt_pop_req                             0x00001f44   Section        0  rt_system.o(i.rt_pop_req)
    i.rt_psh_req                             0x00001fc0   Section        0  rt_system.o(i.rt_psh_req)
    i.rt_psq_enq                             0x00001fe0   Section        0  rt_list.o(i.rt_psq_enq)
    i.rt_put_dly                             0x0000203c   Section        0  rt_list.o(i.rt_put_dly)
    i.rt_put_prio                            0x00002084   Section        0  rt_list.o(i.rt_put_prio)
    i.rt_put_rdy_first                       0x000020bc   Section        0  rt_list.o(i.rt_put_rdy_first)
    i.rt_resort_prio                         0x000020d0   Section        0  rt_list.o(i.rt_resort_prio)
    i.rt_ret_val                             0x00002104   Section        0  hal_cm.o(i.rt_ret_val)
    i.rt_ret_val2                            0x0000210a   Section        0  hal_cm.o(i.rt_ret_val2)
    i.rt_rmv_dly                             0x00002112   Section        0  rt_list.o(i.rt_rmv_dly)
    i.rt_rmv_list                            0x0000213c   Section        0  rt_list.o(i.rt_rmv_list)
    i.rt_sem_psh                             0x0000216c   Section        0  rt_semaphore.o(i.rt_sem_psh)
    i.rt_stk_check                           0x000021a0   Section        0  rt_system.o(i.rt_stk_check)
    i.rt_switch_req                          0x000021c4   Section        0  rt_task.o(i.rt_switch_req)
    i.rt_sys_init                            0x000021ec   Section        0  rt_task.o(i.rt_sys_init)
    i.rt_sys_start                           0x000022b8   Section        0  rt_task.o(i.rt_sys_start)
    i.rt_systick                             0x00002330   Section        0  rt_system.o(i.rt_systick)
    i.rt_tid2ptcb                            0x00002370   Section        0  rt_cmsis.o(i.rt_tid2ptcb)
    rt_tid2ptcb                              0x00002371   Thumb Code    18  rt_cmsis.o(i.rt_tid2ptcb)
    i.rt_timer_insert                        0x00002384   Section        0  rt_cmsis.o(i.rt_timer_insert)
    rt_timer_insert                          0x00002385   Thumb Code    48  rt_cmsis.o(i.rt_timer_insert)
    i.rt_tsk_create                          0x000023b8   Section        0  rt_task.o(i.rt_tsk_create)
    i.rt_tsk_delete                          0x00002440   Section        0  rt_task.o(i.rt_tsk_delete)
    i.rt_tsk_pass                            0x000025bc   Section        0  rt_task.o(i.rt_tsk_pass)
    i.rt_tsk_prio                            0x000025ec   Section        0  rt_task.o(i.rt_tsk_prio)
    i.rt_tsk_self                            0x00002668   Section        0  rt_task.o(i.rt_tsk_self)
    i.sendchar                               0x00002678   Section        0  retarget.o(i.sendchar)
    i.spi_tran                               0x000026bc   Section        0  glcd_spi_lpc1700.o(i.spi_tran)
    spi_tran                                 0x000026bd   Thumb Code    28  glcd_spi_lpc1700.o(i.spi_tran)
    i.spi_tran_man                           0x000026dc   Section        0  glcd_spi_lpc1700.o(i.spi_tran_man)
    spi_tran_man                             0x000026dd   Thumb Code   124  glcd_spi_lpc1700.o(i.spi_tran_man)
    i.svcDelay                               0x0000275c   Section        0  rt_cmsis.o(i.svcDelay)
    i.svcKernelInitialize                    0x00002770   Section        0  rt_cmsis.o(i.svcKernelInitialize)
    i.svcKernelStart                         0x000027e0   Section        0  rt_cmsis.o(i.svcKernelStart)
    i.svcMessageCreate                       0x00002828   Section        0  rt_cmsis.o(i.svcMessageCreate)
    i.svcMessageGet                          0x0000284c   Section        0  rt_cmsis.o(i.svcMessageGet)
    i.svcThreadCreate                        0x00002888   Section        0  rt_cmsis.o(i.svcThreadCreate)
    i.svcThreadGetId                         0x000028f4   Section        0  rt_cmsis.o(i.svcThreadGetId)
    i.svcThreadTerminate                     0x00002910   Section        0  rt_cmsis.o(i.svcThreadTerminate)
    i.svcThreadYield                         0x00002948   Section        0  rt_cmsis.o(i.svcThreadYield)
    i.svcTimerCall                           0x00002952   Section        0  rt_cmsis.o(i.svcTimerCall)
    i.sysTimerTick                           0x0000296c   Section        0  rt_cmsis.o(i.sysTimerTick)
    i.wr_cmd                                 0x000029c8   Section        0  glcd_spi_lpc1700.o(i.wr_cmd)
    wr_cmd                                   0x000029c9   Thumb Code    36  glcd_spi_lpc1700.o(i.wr_cmd)
    i.wr_dat                                 0x000029f0   Section        0  glcd_spi_lpc1700.o(i.wr_dat)
    wr_dat                                   0x000029f1   Thumb Code    36  glcd_spi_lpc1700.o(i.wr_dat)
    i.wr_dat_only                            0x00002a18   Section        0  glcd_spi_lpc1700.o(i.wr_dat_only)
    wr_dat_only                              0x00002a19   Thumb Code    18  glcd_spi_lpc1700.o(i.wr_dat_only)
    i.wr_dat_start                           0x00002a2c   Section        0  glcd_spi_lpc1700.o(i.wr_dat_start)
    wr_dat_start                             0x00002a2d   Thumb Code    16  glcd_spi_lpc1700.o(i.wr_dat_start)
    i.wr_dat_stop                            0x00002a40   Section        0  glcd_spi_lpc1700.o(i.wr_dat_stop)
    wr_dat_stop                              0x00002a41   Thumb Code     8  glcd_spi_lpc1700.o(i.wr_dat_stop)
    i.wr_reg                                 0x00002a4c   Section        0  glcd_spi_lpc1700.o(i.wr_reg)
    wr_reg                                   0x00002a4d   Thumb Code    20  glcd_spi_lpc1700.o(i.wr_reg)
    .constdata                               0x00002a60   Section       48  main.o(.constdata)
    .constdata                               0x00002a90   Section      104  rtx_conf_cm.o(.constdata)
    __tagsym$$used                           0x00002aac   Number         0  rtx_conf_cm.o(.constdata)
    __tagsym$$used                           0x00002ab0   Number         0  rtx_conf_cm.o(.constdata)
    __tagsym$$used                           0x00002ab4   Number         0  rtx_conf_cm.o(.constdata)
    __tagsym$$used                           0x00002ab8   Number         0  rtx_conf_cm.o(.constdata)
    .data                                    0x10000000   Section        5  glcd_spi_lpc1700.o(.data)
    Color                                    0x10000000   Data           4  glcd_spi_lpc1700.o(.data)
    Himax                                    0x10000004   Data           1  glcd_spi_lpc1700.o(.data)
    .data                                    0x10000008   Section       12  retarget.o(.data)
    .data                                    0x10000014   Section       32  uart.o(.data)
    .data                                    0x10000034   Section      788  main.o(.data)
    .data                                    0x10000348   Section       16  rtx_conf_cm.o(.data)
    .data                                    0x10000358   Section        4  system_lpc17xx.o(.data)
    .data                                    0x1000035c   Section        8  rt_cmsis.o(.data)
    .data                                    0x10000364   Section        8  rt_task.o(.data)
    .data                                    0x1000036c   Section        8  rt_system.o(.data)
    os_lock                                  0x1000036c   Data           1  rt_system.o(.data)
    os_psh_flag                              0x1000036d   Data           1  rt_system.o(.data)
    pend_flags                               0x1000036e   Data           1  rt_system.o(.data)
    .data                                    0x10000374   Section        4  rt_time.o(.data)
    .data                                    0x10000378   Section        1  hal_cm.o(.data)
    .data                                    0x1000037c   Section        8  rt_robin.o(.data)
    .data                                    0x10000384   Section        4  rand.o(.data)
    _rand_state                              0x10000384   Data           4  rand.o(.data)
    .data                                    0x10000388   Section        4  mvars.o(.data)
    .data                                    0x1000038c   Section        4  mvars.o(.data)
    .bss                                     0x10000390   Section      128  uart.o(.bss)
    .bss                                     0x10000410   Section     4400  rtx_conf_cm.o(.bss)
    .bss                                     0x10001540   Section       52  rt_task.o(.bss)
    .bss                                     0x10001574   Section       48  rt_list.o(.bss)
    HEAP                                     0x100015a8   Section     8192  startup_lpc17xx.o(HEAP)
    STACK                                    0x100035a8   Section     8192  startup_lpc17xx.o(STACK)

    Global Symbols

    Symbol Name                              Value     Ov Type        Size  Object(Section)

    BuildAttributes$$THM_ISAv4$P$D$K$B$S$PE$A:L22UL41UL21$X:L11$S22US41US21$IEEE1$IW$USESV6$~STKCKD$USESV7$~SHL$OSPACE$ROPI$EBA8$MICROLIB$REQ8$PRES8$EABIv2 0x00000000   Number         0  anon$$obj.o ABSOLUTE
    __ARM_use_no_argv                        0x00000000   Number         0  main.o ABSOLUTE
    __Vectors                                0x00000000   Data           4  startup_lpc17xx.o(RESET)
    _printf_a                                0x00000000   Number         0  stubs.o ABSOLUTE
    _printf_c                                0x00000000   Number         0  stubs.o ABSOLUTE
    _printf_charcount                        0x00000000   Number         0  stubs.o ABSOLUTE
    _printf_d                                0x00000000   Number         0  stubs.o ABSOLUTE
    _printf_e                                0x00000000   Number         0  stubs.o ABSOLUTE
    _printf_f                                0x00000000   Number         0  stubs.o ABSOLUTE
    _printf_flags                            0x00000000   Number         0  stubs.o ABSOLUTE
    _printf_fp_dec                           0x00000000   Number         0  stubs.o ABSOLUTE
    _printf_fp_hex                           0x00000000   Number         0  stubs.o ABSOLUTE
    _printf_g                                0x00000000   Number         0  stubs.o ABSOLUTE
    _printf_i                                0x00000000   Number         0  stubs.o ABSOLUTE
    _printf_int_dec                          0x00000000   Number         0  stubs.o ABSOLUTE
    _printf_l                                0x00000000   Number         0  stubs.o ABSOLUTE
    _printf_lc                               0x00000000   Number         0  stubs.o ABSOLUTE
    _printf_ll                               0x00000000   Number         0  stubs.o ABSOLUTE
    _printf_lld                              0x00000000   Number         0  stubs.o ABSOLUTE
    _printf_lli                              0x00000000   Number         0  stubs.o ABSOLUTE
    _printf_llo                              0x00000000   Number         0  stubs.o ABSOLUTE
    _printf_llu                              0x00000000   Number         0  stubs.o ABSOLUTE
    _printf_llx                              0x00000000   Number         0  stubs.o ABSOLUTE
    _printf_longlong_dec                     0x00000000   Number         0  stubs.o ABSOLUTE
    _printf_longlong_hex                     0x00000000   Number         0  stubs.o ABSOLUTE
    _printf_longlong_oct                     0x00000000   Number         0  stubs.o ABSOLUTE
    _printf_ls                               0x00000000   Number         0  stubs.o ABSOLUTE
    _printf_mbtowc                           0x00000000   Number         0  stubs.o ABSOLUTE
    _printf_n                                0x00000000   Number         0  stubs.o ABSOLUTE
    _printf_o                                0x00000000   Number         0  stubs.o ABSOLUTE
    _printf_p                                0x00000000   Number         0  stubs.o ABSOLUTE
    _printf_percent                          0x00000000   Number         0  stubs.o ABSOLUTE
    _printf_pre_padding                      0x00000000   Number         0  stubs.o ABSOLUTE
    _printf_return_value                     0x00000000   Number         0  stubs.o ABSOLUTE
    _printf_s                                0x00000000   Number         0  stubs.o ABSOLUTE
    _printf_sizespec                         0x00000000   Number         0  stubs.o ABSOLUTE
    _printf_str                              0x00000000   Number         0  stubs.o ABSOLUTE
    _printf_truncate_signed                  0x00000000   Number         0  stubs.o ABSOLUTE
    _printf_truncate_unsigned                0x00000000   Number         0  stubs.o ABSOLUTE
    _printf_u                                0x00000000   Number         0  stubs.o ABSOLUTE
    _printf_wc                               0x00000000   Number         0  stubs.o ABSOLUTE
    _printf_wctomb                           0x00000000   Number         0  stubs.o ABSOLUTE
    _printf_widthprec                        0x00000000   Number         0  stubs.o ABSOLUTE
    _printf_x                                0x00000000   Number         0  stubs.o ABSOLUTE
    __cpp_initialize__aeabi_                  - Undefined Weak Reference
    __cxa_finalize                            - Undefined Weak Reference
    _clock_init                               - Undefined Weak Reference
    _microlib_exit                            - Undefined Weak Reference
    __main                                   0x000000cd   Thumb Code     0  entry.o(.ARM.Collect$$$$00000000)
    _main_stk                                0x000000cd   Thumb Code     0  entry2.o(.ARM.Collect$$$$00000001)
    _main_scatterload                        0x000000d1   Thumb Code     0  entry5.o(.ARM.Collect$$$$00000004)
    __main_after_scatterload                 0x000000d5   Thumb Code     0  entry5.o(.ARM.Collect$$$$00000004)
    __rt_final_cpp                           0x000000d5   Thumb Code     0  entry10a.o(.ARM.Collect$$$$0000000D)
    __rt_final_exit                          0x000000d5   Thumb Code     0  entry11a.o(.ARM.Collect$$$$0000000F)
    _main_clock                              0x000000d5   Thumb Code     0  entry7b.o(.ARM.Collect$$$$00000008)
    _main_cpp_init                           0x000000d5   Thumb Code     0  entry8b.o(.ARM.Collect$$$$0000000A)
    _main_init                               0x000000d5   Thumb Code    18  rtx_conf_cm.o(.ARM.Collect$$$$000000FF)
    rt_set_PSP                               0x000000f1   Thumb Code     6  hal_cm3.o(.emb_text)
    rt_get_PSP                               0x000000f7   Thumb Code     6  hal_cm3.o(.emb_text)
    os_set_env                               0x000000fd   Thumb Code    24  hal_cm3.o(.emb_text)
    _alloc_box                               0x00000119   Thumb Code    28  hal_cm3.o(.emb_text)
    _free_box                                0x00000139   Thumb Code    28  hal_cm3.o(.emb_text)
    SVC_Handler                              0x00000159   Thumb Code   108  hal_cm3.o(.emb_text)
    PendSV_Handler                           0x000001d1   Thumb Code    56  hal_cm3.o(.emb_text)
    SysTick_Handler                          0x0000020d   Thumb Code     8  hal_cm3.o(.emb_text)
    OS_Tick_Handler                          0x00000215   Thumb Code    12  hal_cm3.o(.emb_text)
    Reset_Handler                            0x00000221   Thumb Code     8  startup_lpc17xx.o(.text)
    NMI_Handler                              0x00000229   Thumb Code     2  startup_lpc17xx.o(.text)
    HardFault_Handler                        0x0000022b   Thumb Code     2  startup_lpc17xx.o(.text)
    MemManage_Handler                        0x0000022d   Thumb Code     2  startup_lpc17xx.o(.text)
    BusFault_Handler                         0x0000022f   Thumb Code     2  startup_lpc17xx.o(.text)
    UsageFault_Handler                       0x00000231   Thumb Code     2  startup_lpc17xx.o(.text)
    DebugMon_Handler                         0x00000235   Thumb Code     2  startup_lpc17xx.o(.text)
    ADC_IRQHandler                           0x0000023b   Thumb Code     0  startup_lpc17xx.o(.text)
    BOD_IRQHandler                           0x0000023b   Thumb Code     0  startup_lpc17xx.o(.text)
    CANActivity_IRQHandler                   0x0000023b   Thumb Code     0  startup_lpc17xx.o(.text)
    CAN_IRQHandler                           0x0000023b   Thumb Code     0  startup_lpc17xx.o(.text)
    DMA_IRQHandler                           0x0000023b   Thumb Code     0  startup_lpc17xx.o(.text)
    EINT0_IRQHandler                         0x0000023b   Thumb Code     0  startup_lpc17xx.o(.text)
    EINT1_IRQHandler                         0x0000023b   Thumb Code     0  startup_lpc17xx.o(.text)
    EINT2_IRQHandler                         0x0000023b   Thumb Code     0  startup_lpc17xx.o(.text)
    EINT3_IRQHandler                         0x0000023b   Thumb Code     0  startup_lpc17xx.o(.text)
    ENET_IRQHandler                          0x0000023b   Thumb Code     0  startup_lpc17xx.o(.text)
    I2C0_IRQHandler                          0x0000023b   Thumb Code     0  startup_lpc17xx.o(.text)
    I2C1_IRQHandler                          0x0000023b   Thumb Code     0  startup_lpc17xx.o(.text)
    I2C2_IRQHandler                          0x0000023b   Thumb Code     0  startup_lpc17xx.o(.text)
    I2S_IRQHandler                           0x0000023b   Thumb Code     0  startup_lpc17xx.o(.text)
    MCPWM_IRQHandler                         0x0000023b   Thumb Code     0  startup_lpc17xx.o(.text)
    PLL0_IRQHandler                          0x0000023b   Thumb Code     0  startup_lpc17xx.o(.text)
    PLL1_IRQHandler                          0x0000023b   Thumb Code     0  startup_lpc17xx.o(.text)
    PWM1_IRQHandler                          0x0000023b   Thumb Code     0  startup_lpc17xx.o(.text)
    QEI_IRQHandler                           0x0000023b   Thumb Code     0  startup_lpc17xx.o(.text)
    RIT_IRQHandler                           0x0000023b   Thumb Code     0  startup_lpc17xx.o(.text)
    RTC_IRQHandler                           0x0000023b   Thumb Code     0  startup_lpc17xx.o(.text)
    SPI_IRQHandler                           0x0000023b   Thumb Code     0  startup_lpc17xx.o(.text)
    SSP0_IRQHandler                          0x0000023b   Thumb Code     0  startup_lpc17xx.o(.text)
    SSP1_IRQHandler                          0x0000023b   Thumb Code     0  startup_lpc17xx.o(.text)
    TIMER0_IRQHandler                        0x0000023b   Thumb Code     0  startup_lpc17xx.o(.text)
    TIMER1_IRQHandler                        0x0000023b   Thumb Code     0  startup_lpc17xx.o(.text)
    TIMER2_IRQHandler                        0x0000023b   Thumb Code     0  startup_lpc17xx.o(.text)
    TIMER3_IRQHandler                        0x0000023b   Thumb Code     0  startup_lpc17xx.o(.text)
    UART2_IRQHandler                         0x0000023b   Thumb Code     0  startup_lpc17xx.o(.text)
    UART3_IRQHandler                         0x0000023b   Thumb Code     0  startup_lpc17xx.o(.text)
    USBActivity_IRQHandler                   0x0000023b   Thumb Code     0  startup_lpc17xx.o(.text)
    USB_IRQHandler                           0x0000023b   Thumb Code     0  startup_lpc17xx.o(.text)
    WDT_IRQHandler                           0x0000023b   Thumb Code     0  startup_lpc17xx.o(.text)
    rand                                     0x00000245   Thumb Code    20  rand.o(.text)
    srand                                    0x00000259   Thumb Code     6  rand.o(.text)
    __aeabi_uidiv                            0x00000269   Thumb Code     0  uidiv.o(.text)
    __aeabi_uidivmod                         0x00000269   Thumb Code    44  uidiv.o(.text)
    __scatterload                            0x00000295   Thumb Code    28  init.o(.text)
    __scatterload_rt2                        0x00000295   Thumb Code     0  init.o(.text)
    __decompress                             0x000002b9   Thumb Code     0  __dczerorl.o(.text)
    __decompress0                            0x000002b9   Thumb Code    58  __dczerorl.o(.text)
    SVC_Count                                0x000002f4   Data           4  svc_table.o(SVC_TABLE)
    SVC_Table                                0x000002f8   Data           0  svc_table.o(SVC_TABLE)
    __scatterload_null                       0x000002f9   Thumb Code     2  handlers.o(i.__scatterload_null)
    os_tick_irqack                           0x000002fb   Thumb Code     2  rt_system.o(i.os_tick_irqack)
    Free                                     0x00000301   Thumb Code     6  uart.o(i.Free)
    FreeRcv                                  0x00000309   Thumb Code    28  uart.o(i.FreeRcv)
    FreeSnd                                  0x0000032d   Thumb Code    28  uart.o(i.FreeSnd)
    GLCD_Clear                               0x00000351   Thumb Code    42  glcd_spi_lpc1700.o(i.GLCD_Clear)
    GLCD_Init                                0x0000037d   Thumb Code  1506  glcd_spi_lpc1700.o(i.GLCD_Init)
    __RL_RTX_VER                             0x00000482   Number         0  rt_system.o ABSOLUTE
    GLCD_PutPixel                            0x00000965   Thumb Code   118  glcd_spi_lpc1700.o(i.GLCD_PutPixel)
    GLCD_SetBackColor                        0x000009e5   Thumb Code     6  glcd_spi_lpc1700.o(i.GLCD_SetBackColor)
    GLCD_SetTextColor                        0x000009f1   Thumb Code     6  glcd_spi_lpc1700.o(i.GLCD_SetTextColor)
    GLCD_SetWindow                           0x000009fd   Thumb Code   168  glcd_spi_lpc1700.o(i.GLCD_SetWindow)
    GLCD_WindowMax                           0x00000aa9   Thumb Code    18  glcd_spi_lpc1700.o(i.GLCD_WindowMax)
    SystemInit                               0x00000abd   Thumb Code   302  system_lpc17xx.o(i.SystemInit)
    UART0_IRQHandler                         0x00000bfd   Thumb Code    88  uart.o(i.UART0_IRQHandler)
    UART1_IRQHandler                         0x00000c65   Thumb Code    90  uart.o(i.UART1_IRQHandler)
    UARTInit                                 0x00000cd5   Thumb Code   176  uart.o(i.UARTInit)
    UARTSendChar                             0x00000d91   Thumb Code    26  uart.o(i.UARTSendChar)
    __0printf$1                              0x00000db5   Thumb Code    22  printf1.o(i.__0printf$1)
    __1printf$1                              0x00000db5   Thumb Code     0  printf1.o(i.__0printf$1)
    __2printf                                0x00000db5   Thumb Code     0  printf1.o(i.__0printf$1)
    __scatterload_copy                       0x00000def   Thumb Code    14  handlers.o(i.__scatterload_copy)
    __scatterload_zeroinit                   0x00000dfd   Thumb Code    14  handlers.o(i.__scatterload_zeroinit)
    _init_box                                0x00000e0b   Thumb Code    70  rt_membox.o(i._init_box)
    bombs                                    0x00000fa5   Thumb Code   182  main.o(i.bombs)
    dbg_init                                 0x00001061   Thumb Code    34  hal_cm.o(i.dbg_init)
    dbg_task_notify                          0x00001091   Thumb Code    32  hal_cm.o(i.dbg_task_notify)
    dbg_task_switch                          0x000010b1   Thumb Code    16  hal_cm.o(i.dbg_task_switch)
    delay_ms                                 0x000010cf   Thumb Code    26  main.o(i.delay_ms)
    displayMap                               0x000010e9   Thumb Code   142  main.o(i.displayMap)
    fputc                                    0x00001177   Thumb Code    14  retarget.o(i.fputc)
    getFrequency                             0x00001185   Thumb Code    62  uart.o(i.getFrequency)
    isrMessageGet                            0x000011cd   Thumb Code    42  rt_cmsis.o(i.isrMessageGet)
    isrMessagePut                            0x000011f7   Thumb Code    44  rt_cmsis.o(i.isrMessagePut)
    isr_mbx_receive                          0x00001225   Thumb Code    86  rt_mailbox.o(i.isr_mbx_receive)
    isr_mbx_send                             0x0000127b   Thumb Code    14  rt_mailbox.o(i.isr_mbx_send)
    joystick                                 0x00001289   Thumb Code   590  main.o(i.joystick)
    main                                     0x00001529   Thumb Code   266  main.o(i.main)
    malloc                                   0x00001651   Thumb Code    92  malloc.o(i.malloc)
    monitor                                  0x000016bd   Thumb Code    30  main.o(i.monitor)
    osDelay                                  0x000016e1   Thumb Code    18  rt_cmsis.o(i.osDelay)
    osKernelInitialize                       0x000016f9   Thumb Code    30  rt_cmsis.o(i.osKernelInitialize)
    osKernelStart                            0x0000171d   Thumb Code    98  rt_cmsis.o(i.osKernelStart)
    osMessageGet                             0x00001789   Thumb Code    18  rt_cmsis.o(i.osMessageGet)
    osThreadCreate                           0x000017a1   Thumb Code    36  rt_cmsis.o(i.osThreadCreate)
    osThreadExit                             0x000017cd   Thumb Code    14  rt_cmsis.o(i.osThreadExit)
    osThreadGetId                            0x000017e5   Thumb Code    18  rt_cmsis.o(i.osThreadGetId)
    osThreadTerminate                        0x000017fd   Thumb Code    18  rt_cmsis.o(i.osThreadTerminate)
    osThreadYield                            0x00001815   Thumb Code    18  rt_cmsis.o(i.osThreadYield)
    osTimerCall                              0x0000182d   Thumb Code     8  rt_cmsis.o(i.osTimerCall)
    osTimerThread                            0x00001839   Thumb Code    38  rt_cmsis.o(i.osTimerThread)
    os_error                                 0x00001865   Thumb Code    34  rtx_conf_cm.o(i.os_error)
    os_idle_demon                            0x00001887   Thumb Code     4  rtx_conf_cm.o(i.os_idle_demon)
    os_tick_init                             0x0000188d   Thumb Code    32  rt_system.o(i.os_tick_init)
    putPix                                   0x000018b5   Thumb Code    40  main.o(i.putPix)
    rt_alloc_box                             0x000019b1   Thumb Code    26  rt_membox.o(i.rt_alloc_box)
    rt_alloc_mem                             0x000019cb   Thumb Code    62  rt_memory.o(i.rt_alloc_mem)
    rt_block                                 0x00001a09   Thumb Code    48  rt_task.o(i.rt_block)
    rt_chk_robin                             0x00001a41   Thumb Code    60  rt_robin.o(i.rt_chk_robin)
    rt_dec_dly                               0x00001a89   Thumb Code   102  rt_list.o(i.rt_dec_dly)
    rt_dispatch                              0x00001af9   Thumb Code    60  rt_task.o(i.rt_dispatch)
    rt_dly_wait                              0x00001b3d   Thumb Code     6  rt_time.o(i.rt_dly_wait)
    rt_evt_psh                               0x00001b45   Thumb Code    76  rt_event.o(i.rt_evt_psh)
    rt_free_box                              0x00001b95   Thumb Code    44  rt_membox.o(i.rt_free_box)
    rt_free_mem                              0x00001bc1   Thumb Code    40  rt_memory.o(i.rt_free_mem)
    rt_get_first                             0x00001be9   Thumb Code    40  rt_list.o(i.rt_get_first)
    rt_get_same_rdy_prio                     0x00001c11   Thumb Code    26  rt_list.o(i.rt_get_same_rdy_prio)
    rt_init_mem                              0x00001c85   Thumb Code    26  rt_memory.o(i.rt_init_mem)
    rt_init_robin                            0x00001ca1   Thumb Code    14  rt_robin.o(i.rt_init_robin)
    rt_init_stack                            0x00001cb9   Thumb Code   118  hal_cm.o(i.rt_init_stack)
    rt_mbx_check                             0x00001d39   Thumb Code     8  rt_mailbox.o(i.rt_mbx_check)
    rt_mbx_init                              0x00001d41   Thumb Code    26  rt_mailbox.o(i.rt_mbx_init)
    rt_mbx_psh                               0x00001d5d   Thumb Code   236  rt_mailbox.o(i.rt_mbx_psh)
    rt_mbx_wait                              0x00001e4d   Thumb Code   174  rt_mailbox.o(i.rt_mbx_wait)
    rt_pop_req                               0x00001f45   Thumb Code   112  rt_system.o(i.rt_pop_req)
    rt_psh_req                               0x00001fc1   Thumb Code    22  rt_system.o(i.rt_psh_req)
    rt_psq_enq                               0x00001fe1   Thumb Code    88  rt_list.o(i.rt_psq_enq)
    rt_put_dly                               0x0000203d   Thumb Code    68  rt_list.o(i.rt_put_dly)
    rt_put_prio                              0x00002085   Thumb Code    54  rt_list.o(i.rt_put_prio)
    rt_put_rdy_first                         0x000020bd   Thumb Code    14  rt_list.o(i.rt_put_rdy_first)
    rt_resort_prio                           0x000020d1   Thumb Code    46  rt_list.o(i.rt_resort_prio)
    rt_ret_val                               0x00002105   Thumb Code     6  hal_cm.o(i.rt_ret_val)
    rt_ret_val2                              0x0000210b   Thumb Code     8  hal_cm.o(i.rt_ret_val2)
    rt_rmv_dly                               0x00002113   Thumb Code    40  rt_list.o(i.rt_rmv_dly)
    rt_rmv_list                              0x0000213d   Thumb Code    44  rt_list.o(i.rt_rmv_list)
    rt_sem_psh                               0x0000216d   Thumb Code    48  rt_semaphore.o(i.rt_sem_psh)
    rt_stk_check                             0x000021a1   Thumb Code    28  rt_system.o(i.rt_stk_check)
    rt_switch_req                            0x000021c5   Thumb Code    30  rt_task.o(i.rt_switch_req)
    rt_sys_init                              0x000021ed   Thumb Code   138  rt_task.o(i.rt_sys_init)
    rt_sys_start                             0x000022b9   Thumb Code   110  rt_task.o(i.rt_sys_start)
    rt_systick                               0x00002331   Thumb Code    50  rt_system.o(i.rt_systick)
    rt_tsk_create                            0x000023b9   Thumb Code   118  rt_task.o(i.rt_tsk_create)
    rt_tsk_delete                            0x00002441   Thumb Code   352  rt_task.o(i.rt_tsk_delete)
    rt_tsk_pass                              0x000025bd   Thumb Code    38  rt_task.o(i.rt_tsk_pass)
    rt_tsk_prio                              0x000025ed   Thumb Code   108  rt_task.o(i.rt_tsk_prio)
    rt_tsk_self                              0x00002669   Thumb Code    12  rt_task.o(i.rt_tsk_self)
    sendchar                                 0x00002679   Thumb Code    64  retarget.o(i.sendchar)
    svcDelay                                 0x0000275d   Thumb Code    18  rt_cmsis.o(i.svcDelay)
    svcKernelInitialize                      0x00002771   Thumb Code    80  rt_cmsis.o(i.svcKernelInitialize)
    svcKernelStart                           0x000027e1   Thumb Code    62  rt_cmsis.o(i.svcKernelStart)
    svcMessageCreate                         0x00002829   Thumb Code    36  rt_cmsis.o(i.svcMessageCreate)
    svcMessageGet                            0x0000284d   Thumb Code    58  rt_cmsis.o(i.svcMessageGet)
    svcThreadCreate                          0x00002889   Thumb Code    96  rt_cmsis.o(i.svcThreadCreate)
    svcThreadGetId                           0x000028f5   Thumb Code    22  rt_cmsis.o(i.svcThreadGetId)
    svcThreadTerminate                       0x00002911   Thumb Code    50  rt_cmsis.o(i.svcThreadTerminate)
    svcThreadYield                           0x00002949   Thumb Code    10  rt_cmsis.o(i.svcThreadYield)
    svcTimerCall                             0x00002953   Thumb Code    24  rt_cmsis.o(i.svcTimerCall)
    sysTimerTick                             0x0000296d   Thumb Code    84  rt_cmsis.o(i.sysTimerTick)
    os_maxtaskrun                            0x00002a90   Data           2  rtx_conf_cm.o(.constdata)
    os_stackinfo                             0x00002a94   Data           4  rtx_conf_cm.o(.constdata)
    os_rrobin                                0x00002a98   Data           4  rtx_conf_cm.o(.constdata)
    os_tickfreq                              0x00002a9c   Data           4  rtx_conf_cm.o(.constdata)
    os_tickus_i                              0x00002aa0   Data           2  rtx_conf_cm.o(.constdata)
    os_tickus_f                              0x00002aa2   Data           2  rtx_conf_cm.o(.constdata)
    os_trv                                   0x00002aa4   Data           4  rtx_conf_cm.o(.constdata)
    os_flags                                 0x00002aa8   Data           1  rtx_conf_cm.o(.constdata)
    CMSIS_RTOS_API_Version                   0x00002aac   Data           4  rtx_conf_cm.o(.constdata)
    CMSIS_RTOS_RTX_Version                   0x00002ab0   Data           4  rtx_conf_cm.o(.constdata)
    os_clockrate                             0x00002ab4   Data           4  rtx_conf_cm.o(.constdata)
    os_timernum                              0x00002ab8   Data           4  rtx_conf_cm.o(.constdata)
    mp_tcb_size                              0x00002abc   Data           2  rtx_conf_cm.o(.constdata)
    mp_stk_size                              0x00002ac0   Data           4  rtx_conf_cm.o(.constdata)
    os_stack_sz                              0x00002ac4   Data           4  rtx_conf_cm.o(.constdata)
    os_fifo_size                             0x00002ac8   Data           1  rtx_conf_cm.o(.constdata)
    os_thread_def_osTimerThread              0x00002acc   Data          16  rtx_conf_cm.o(.constdata)
    os_messageQ_def_osTimerMessageQ          0x00002adc   Data           8  rtx_conf_cm.o(.constdata)
    mp_tmr_size                              0x00002ae4   Data           2  rtx_conf_cm.o(.constdata)
    os_thread_def_main                       0x00002ae8   Data          16  rtx_conf_cm.o(.constdata)
    Region$$Table$$Base                      0x00002af8   Number         0  anon$$obj.o(Region$$Table)
    Region$$Table$$Limit                     0x00002b18   Number         0  anon$$obj.o(Region$$Table)
    uart_init_called                         0x10000008   Data           1  retarget.o(.data)
    __stdout                                 0x1000000c   Data           4  retarget.o(.data)
    __stdin                                  0x10000010   Data           4  retarget.o(.data)
    ITM_RxBuffer                             0x10000014   Data           4  uart.o(.data)
    UART0Status                              0x10000018   Data           4  uart.o(.data)
    UART1Status                              0x1000001c   Data           4  uart.o(.data)
    UART0TxEmpty                             0x10000020   Data           1  uart.o(.data)
    UART1TxEmpty                             0x10000021   Data           1  uart.o(.data)
    UART0Count                               0x10000024   Data           4  uart.o(.data)
    UART1Count                               0x10000028   Data           4  uart.o(.data)
    RcvLock0                                 0x1000002c   Data           1  uart.o(.data)
    SndLock0                                 0x1000002d   Data           1  uart.o(.data)
    RcvLock1                                 0x1000002e   Data           1  uart.o(.data)
    SndLock1                                 0x1000002f   Data           1  uart.o(.data)
    i                                        0x10000030   Data           4  uart.o(.data)
    map                                      0x10000034   Data         768  main.o(.data)
    pos_x                                    0x10000334   Data           4  main.o(.data)
    pos_y                                    0x10000338   Data           4  main.o(.data)
    count                                    0x1000033c   Data           4  main.o(.data)
    s1                                       0x10000340   Data           4  main.o(.data)
    s2                                       0x10000344   Data           4  main.o(.data)
    osThreadId_osTimerThread                 0x10000348   Data           4  rtx_conf_cm.o(.data)
    osMessageQId_osTimerMessageQ             0x1000034c   Data           4  rtx_conf_cm.o(.data)
    os_tmr                                   0x10000350   Data           4  rtx_conf_cm.o(.data)
    m_tmr                                    0x10000354   Data           4  rtx_conf_cm.o(.data)
    SystemCoreClock                          0x10000358   Data           4  system_lpc17xx.o(.data)
    os_initialized                           0x1000035c   Data           1  rt_cmsis.o(.data)
    os_running                               0x1000035d   Data           1  rt_cmsis.o(.data)
    os_timer_head                            0x10000360   Data           4  rt_cmsis.o(.data)
    os_tsk                                   0x10000364   Data           8  rt_task.o(.data)
    os_tick_irqn                             0x10000370   Data           4  rt_system.o(.data)
    os_time                                  0x10000374   Data           4  rt_time.o(.data)
    dbg_msg                                  0x10000378   Data           1  hal_cm.o(.data)
    os_robin                                 0x1000037c   Data           8  rt_robin.o(.data)
    __microlib_freelist                      0x10000388   Data           4  mvars.o(.data)
    __microlib_freelist_initialised          0x1000038c   Data           4  mvars.o(.data)
    UART0Buffer                              0x10000390   Data          64  uart.o(.bss)
    UART1Buffer                              0x100003d0   Data          64  uart.o(.bss)
    mp_tcb                                   0x10000410   Data         376  rtx_conf_cm.o(.bss)
    mp_stk                                   0x10000588   Data        3088  rtx_conf_cm.o(.bss)
    os_stack_mem                             0x10001198   Data         744  rtx_conf_cm.o(.bss)
    os_fifo                                  0x10001480   Data         132  rtx_conf_cm.o(.bss)
    os_active_TCB                            0x10001504   Data          28  rtx_conf_cm.o(.bss)
    os_messageQ_q_osTimerMessageQ            0x10001520   Data          32  rtx_conf_cm.o(.bss)
    os_idle_TCB                              0x10001540   Data          52  rt_task.o(.bss)
    os_rdy                                   0x10001574   Data          24  rt_list.o(.bss)
    os_dly                                   0x1000158c   Data          24  rt_list.o(.bss)
    __heap_base                              0x100015a8   Data           0  startup_lpc17xx.o(HEAP)
    __heap_limit                             0x100035a8   Data           0  startup_lpc17xx.o(HEAP)
    __initial_sp                             0x100055a8   Data           0  startup_lpc17xx.o(STACK)



==============================================================================

Memory Map of the image

  Image Entry point : 0x00000221

  Load Region LR_1 (Base: 0x00000000, Size: 0x00002ea8, Max: 0xffffffff, ABSOLUTE, COMPRESSED[0x00002b34])

    Execution Region ER_RO (Exec base: 0x00000000, Load base: 0x00000000, Size: 0x00002b18, Max: 0xffffffff, ABSOLUTE)

    Exec Addr    Load Addr    Size         Type   Attr      Idx    E Section Name        Object

    0x00000000   0x00000000   0x000000cc   Data   RO          545    RESET               startup_lpc17xx.o
    0x000000cc   0x000000cc   0x00000000   Code   RO         1804  * .ARM.Collect$$$$00000000  mc_w.l(entry.o)
    0x000000cc   0x000000cc   0x00000004   Code   RO         2101    .ARM.Collect$$$$00000001  mc_w.l(entry2.o)
    0x000000d0   0x000000d0   0x00000004   Code   RO         2104    .ARM.Collect$$$$00000004  mc_w.l(entry5.o)
    0x000000d4   0x000000d4   0x00000000   Code   RO         2106    .ARM.Collect$$$$00000008  mc_w.l(entry7b.o)
    0x000000d4   0x000000d4   0x00000000   Code   RO         2108    .ARM.Collect$$$$0000000A  mc_w.l(entry8b.o)
    0x000000d4   0x000000d4   0x00000000   Code   RO         2109    .ARM.Collect$$$$0000000D  mc_w.l(entry10a.o)
    0x000000d4   0x000000d4   0x00000000   Code   RO         2111    .ARM.Collect$$$$0000000F  mc_w.l(entry11a.o)
    0x000000d4   0x000000d4   0x00000018   Code   RO          508    .ARM.Collect$$$$000000FF  rtx_conf_cm.o
    0x000000ec   0x000000ec   0x00000004   Code   RO         2102    .ARM.Collect$$$$00002712  mc_w.l(entry2.o)
    0x000000f0   0x000000f0   0x00000130   Code   RO         1791    .emb_text           RTX_CM3.lib(hal_cm3.o)
    0x00000220   0x00000220   0x00000024   Code   RO          547  * .text               startup_lpc17xx.o
    0x00000244   0x00000244   0x00000024   Code   RO         1809    .text               mc_w.l(rand.o)
    0x00000268   0x00000268   0x0000002c   Code   RO         2113    .text               mc_w.l(uidiv.o)
    0x00000294   0x00000294   0x00000024   Code   RO         2136    .text               mc_w.l(init.o)
    0x000002b8   0x000002b8   0x0000003a   Code   RO         2150    .text               mc_w.l(__dczerorl.o)
    0x000002f2   0x000002f2   0x00000002   PAD
    0x000002f4   0x000002f4   0x00000004   Code   RO         1801    SVC_TABLE           RTX_CM3.lib(svc_table.o)
    0x000002f8   0x000002f8   0x00000002   Code   RO         2145    i.__scatterload_null  mc_w.l(handlers.o)
    0x000002fa   0x000002fa   0x00000002   Code   RO         1304    i.os_tick_irqack    RTX_CM3.lib(rt_system.o)
    0x000002fc   0x000002fc   0x00000004   Code   RO          546    .ARM.__at_0x02FC    startup_lpc17xx.o
    0x00000300   0x00000300   0x00000006   Code   RO          313    i.Free              uart.o
    0x00000306   0x00000306   0x00000002   PAD
    0x00000308   0x00000308   0x00000024   Code   RO          314    i.FreeRcv           uart.o
    0x0000032c   0x0000032c   0x00000024   Code   RO          315    i.FreeSnd           uart.o
    0x00000350   0x00000350   0x0000002a   Code   RO            6    i.GLCD_Clear        glcd_spi_lpc1700.o
    0x0000037a   0x0000037a   0x00000002   PAD
    0x0000037c   0x0000037c   0x000005e8   Code   RO           11    i.GLCD_Init         glcd_spi_lpc1700.o
    0x00000964   0x00000964   0x00000080   Code   RO           12    i.GLCD_PutPixel     glcd_spi_lpc1700.o
    0x000009e4   0x000009e4   0x0000000c   Code   RO           14    i.GLCD_SetBackColor  glcd_spi_lpc1700.o
    0x000009f0   0x000009f0   0x0000000c   Code   RO           15    i.GLCD_SetTextColor  glcd_spi_lpc1700.o
    0x000009fc   0x000009fc   0x000000ac   Code   RO           16    i.GLCD_SetWindow    glcd_spi_lpc1700.o
    0x00000aa8   0x00000aa8   0x00000012   Code   RO           17    i.GLCD_WindowMax    glcd_spi_lpc1700.o
    0x00000aba   0x00000aba   0x00000002   PAD
    0x00000abc   0x00000abc   0x00000140   Code   RO          557    i.SystemInit        system_lpc17xx.o
    0x00000bfc   0x00000bfc   0x00000068   Code   RO          319    i.UART0_IRQHandler  uart.o
    0x00000c64   0x00000c64   0x00000070   Code   RO          320    i.UART1_IRQHandler  uart.o
    0x00000cd4   0x00000cd4   0x000000bc   Code   RO          321    i.UARTInit          uart.o
    0x00000d90   0x00000d90   0x00000024   Code   RO          325    i.UARTSendChar      uart.o
    0x00000db4   0x00000db4   0x00000020   Code   RO         1857    i.__0printf$1       mc_w.l(printf1.o)
    0x00000dd4   0x00000dd4   0x0000001a   Code   RO          326    i.__NVIC_EnableIRQ  uart.o
    0x00000dee   0x00000dee   0x0000000e   Code   RO         2144    i.__scatterload_copy  mc_w.l(handlers.o)
    0x00000dfc   0x00000dfc   0x0000000e   Code   RO         2146    i.__scatterload_zeroinit  mc_w.l(handlers.o)
    0x00000e0a   0x00000e0a   0x00000046   Code   RO         1669    i._init_box         RTX_CM3.lib(rt_membox.o)
    0x00000e50   0x00000e50   0x00000154   Code   RO         1864    i._printf_core      mc_w.l(printf1.o)
    0x00000fa4   0x00000fa4   0x000000bc   Code   RO          427    i.bombs             main.o
    0x00001060   0x00001060   0x00000030   Code   RO         1722    i.dbg_init          RTX_CM3.lib(hal_cm.o)
    0x00001090   0x00001090   0x00000020   Code   RO         1723    i.dbg_task_notify   RTX_CM3.lib(hal_cm.o)
    0x000010b0   0x000010b0   0x00000010   Code   RO         1724    i.dbg_task_switch   RTX_CM3.lib(hal_cm.o)
    0x000010c0   0x000010c0   0x0000000e   Code   RO           20    i.delay             glcd_spi_lpc1700.o
    0x000010ce   0x000010ce   0x0000001a   Code   RO          428    i.delay_ms          main.o
    0x000010e8   0x000010e8   0x0000008e   Code   RO          429    i.displayMap        main.o
    0x00001176   0x00001176   0x0000000e   Code   RO          250    i.fputc             retarget.o
    0x00001184   0x00001184   0x00000048   Code   RO          327    i.getFrequency      uart.o
    0x000011cc   0x000011cc   0x0000002a   Code   RO          599    i.isrMessageGet     RTX_CM3.lib(rt_cmsis.o)
    0x000011f6   0x000011f6   0x0000002c   Code   RO          600    i.isrMessagePut     RTX_CM3.lib(rt_cmsis.o)
    0x00001222   0x00001222   0x00000002   PAD
    0x00001224   0x00001224   0x00000056   Code   RO         1515    i.isr_mbx_receive   RTX_CM3.lib(rt_mailbox.o)
    0x0000127a   0x0000127a   0x0000000e   Code   RO         1516    i.isr_mbx_send      RTX_CM3.lib(rt_mailbox.o)
    0x00001288   0x00001288   0x000002a0   Code   RO          430    i.joystick          main.o
    0x00001528   0x00001528   0x00000128   Code   RO          431    i.main              main.o
    0x00001650   0x00001650   0x0000006c   Code   RO         2074    i.malloc            mc_w.l(malloc.o)
    0x000016bc   0x000016bc   0x00000024   Code   RO          432    i.monitor           main.o
    0x000016e0   0x000016e0   0x00000018   Code   RO          603    i.osDelay           RTX_CM3.lib(rt_cmsis.o)
    0x000016f8   0x000016f8   0x00000024   Code   RO          604    i.osKernelInitialize  RTX_CM3.lib(rt_cmsis.o)
    0x0000171c   0x0000171c   0x0000006c   Code   RO          606    i.osKernelStart     RTX_CM3.lib(rt_cmsis.o)
    0x00001788   0x00001788   0x00000018   Code   RO          615    i.osMessageGet      RTX_CM3.lib(rt_cmsis.o)
    0x000017a0   0x000017a0   0x0000002c   Code   RO          632    i.osThreadCreate    RTX_CM3.lib(rt_cmsis.o)
    0x000017cc   0x000017cc   0x00000018   Code   RO          633    i.osThreadExit      RTX_CM3.lib(rt_cmsis.o)
    0x000017e4   0x000017e4   0x00000018   Code   RO          634    i.osThreadGetId     RTX_CM3.lib(rt_cmsis.o)
    0x000017fc   0x000017fc   0x00000018   Code   RO          637    i.osThreadTerminate  RTX_CM3.lib(rt_cmsis.o)
    0x00001814   0x00001814   0x00000018   Code   RO          638    i.osThreadYield     RTX_CM3.lib(rt_cmsis.o)
    0x0000182c   0x0000182c   0x0000000c   Code   RO          639    i.osTimerCall       RTX_CM3.lib(rt_cmsis.o)
    0x00001838   0x00001838   0x0000002c   Code   RO          644    i.osTimerThread     RTX_CM3.lib(rt_cmsis.o)
    0x00001864   0x00001864   0x00000022   Code   RO          509    i.os_error          rtx_conf_cm.o
    0x00001886   0x00001886   0x00000004   Code   RO          510    i.os_idle_demon     rtx_conf_cm.o
    0x0000188a   0x0000188a   0x00000002   PAD
    0x0000188c   0x0000188c   0x00000028   Code   RO         1303    i.os_tick_init      RTX_CM3.lib(rt_system.o)
    0x000018b4   0x000018b4   0x00000028   Code   RO          433    i.putPix            main.o
    0x000018dc   0x000018dc   0x0000008c   Code   RO           21    i.rd_id_man         glcd_spi_lpc1700.o
    0x00001968   0x00001968   0x00000048   Code   RO           22    i.rd_reg            glcd_spi_lpc1700.o
    0x000019b0   0x000019b0   0x0000001a   Code   RO         1670    i.rt_alloc_box      RTX_CM3.lib(rt_membox.o)
    0x000019ca   0x000019ca   0x0000003e   Code   RO         1698    i.rt_alloc_mem      RTX_CM3.lib(rt_memory.o)
    0x00001a08   0x00001a08   0x00000038   Code   RO         1218    i.rt_block          RTX_CM3.lib(rt_task.o)
    0x00001a40   0x00001a40   0x00000048   Code   RO         1770    i.rt_chk_robin      RTX_CM3.lib(rt_robin.o)
    0x00001a88   0x00001a88   0x00000070   Code   RO         1439    i.rt_dec_dly        RTX_CM3.lib(rt_list.o)
    0x00001af8   0x00001af8   0x00000044   Code   RO         1219    i.rt_dispatch       RTX_CM3.lib(rt_task.o)
    0x00001b3c   0x00001b3c   0x00000006   Code   RO         1605    i.rt_dly_wait       RTX_CM3.lib(rt_time.o)
    0x00001b42   0x00001b42   0x00000002   PAD
    0x00001b44   0x00001b44   0x00000050   Code   RO         1396    i.rt_evt_psh        RTX_CM3.lib(rt_event.o)
    0x00001b94   0x00001b94   0x0000002c   Code   RO         1671    i.rt_free_box       RTX_CM3.lib(rt_membox.o)
    0x00001bc0   0x00001bc0   0x00000028   Code   RO         1699    i.rt_free_mem       RTX_CM3.lib(rt_memory.o)
    0x00001be8   0x00001be8   0x00000028   Code   RO         1440    i.rt_get_first      RTX_CM3.lib(rt_list.o)
    0x00001c10   0x00001c10   0x00000024   Code   RO         1441    i.rt_get_same_rdy_prio  RTX_CM3.lib(rt_list.o)
    0x00001c34   0x00001c34   0x00000008   Code   RO          649    i.rt_id2obj         RTX_CM3.lib(rt_cmsis.o)
    0x00001c3c   0x00001c3c   0x00000048   Code   RO         1220    i.rt_init_context   RTX_CM3.lib(rt_task.o)
    0x00001c84   0x00001c84   0x0000001a   Code   RO         1700    i.rt_init_mem       RTX_CM3.lib(rt_memory.o)
    0x00001c9e   0x00001c9e   0x00000002   PAD
    0x00001ca0   0x00001ca0   0x00000018   Code   RO         1771    i.rt_init_robin     RTX_CM3.lib(rt_robin.o)
    0x00001cb8   0x00001cb8   0x00000080   Code   RO         1725    i.rt_init_stack     RTX_CM3.lib(hal_cm.o)
    0x00001d38   0x00001d38   0x00000008   Code   RO         1517    i.rt_mbx_check      RTX_CM3.lib(rt_mailbox.o)
    0x00001d40   0x00001d40   0x0000001a   Code   RO         1518    i.rt_mbx_init       RTX_CM3.lib(rt_mailbox.o)
    0x00001d5a   0x00001d5a   0x00000002   PAD
    0x00001d5c   0x00001d5c   0x000000f0   Code   RO         1519    i.rt_mbx_psh        RTX_CM3.lib(rt_mailbox.o)
    0x00001e4c   0x00001e4c   0x000000b4   Code   RO         1521    i.rt_mbx_wait       RTX_CM3.lib(rt_mailbox.o)
    0x00001f00   0x00001f00   0x00000044   Code   RO          650    i.rt_ms2tick        RTX_CM3.lib(rt_cmsis.o)
    0x00001f44   0x00001f44   0x0000007c   Code   RO         1307    i.rt_pop_req        RTX_CM3.lib(rt_system.o)
    0x00001fc0   0x00001fc0   0x00000020   Code   RO         1308    i.rt_psh_req        RTX_CM3.lib(rt_system.o)
    0x00001fe0   0x00001fe0   0x0000005c   Code   RO         1442    i.rt_psq_enq        RTX_CM3.lib(rt_list.o)
    0x0000203c   0x0000203c   0x00000048   Code   RO         1443    i.rt_put_dly        RTX_CM3.lib(rt_list.o)
    0x00002084   0x00002084   0x00000036   Code   RO         1444    i.rt_put_prio       RTX_CM3.lib(rt_list.o)
    0x000020ba   0x000020ba   0x00000002   PAD
    0x000020bc   0x000020bc   0x00000014   Code   RO         1445    i.rt_put_rdy_first  RTX_CM3.lib(rt_list.o)
    0x000020d0   0x000020d0   0x00000034   Code   RO         1446    i.rt_resort_prio    RTX_CM3.lib(rt_list.o)
    0x00002104   0x00002104   0x00000006   Code   RO         1726    i.rt_ret_val        RTX_CM3.lib(hal_cm.o)
    0x0000210a   0x0000210a   0x00000008   Code   RO         1727    i.rt_ret_val2       RTX_CM3.lib(hal_cm.o)
    0x00002112   0x00002112   0x00000028   Code   RO         1447    i.rt_rmv_dly        RTX_CM3.lib(rt_list.o)
    0x0000213a   0x0000213a   0x00000002   PAD
    0x0000213c   0x0000213c   0x00000030   Code   RO         1448    i.rt_rmv_list       RTX_CM3.lib(rt_list.o)
    0x0000216c   0x0000216c   0x00000034   Code   RO         1566    i.rt_sem_psh        RTX_CM3.lib(rt_semaphore.o)
    0x000021a0   0x000021a0   0x00000024   Code   RO         1310    i.rt_stk_check      RTX_CM3.lib(rt_system.o)
    0x000021c4   0x000021c4   0x00000028   Code   RO         1221    i.rt_switch_req     RTX_CM3.lib(rt_task.o)
    0x000021ec   0x000021ec   0x000000cc   Code   RO         1222    i.rt_sys_init       RTX_CM3.lib(rt_task.o)
    0x000022b8   0x000022b8   0x00000078   Code   RO         1223    i.rt_sys_start      RTX_CM3.lib(rt_task.o)
    0x00002330   0x00002330   0x00000040   Code   RO         1312    i.rt_systick        RTX_CM3.lib(rt_system.o)
    0x00002370   0x00002370   0x00000012   Code   RO          651    i.rt_tid2ptcb       RTX_CM3.lib(rt_cmsis.o)
    0x00002382   0x00002382   0x00000002   PAD
    0x00002384   0x00002384   0x00000034   Code   RO          652    i.rt_timer_insert   RTX_CM3.lib(rt_cmsis.o)
    0x000023b8   0x000023b8   0x00000088   Code   RO         1224    i.rt_tsk_create     RTX_CM3.lib(rt_task.o)
    0x00002440   0x00002440   0x0000017c   Code   RO         1225    i.rt_tsk_delete     RTX_CM3.lib(rt_task.o)
    0x000025bc   0x000025bc   0x00000030   Code   RO         1226    i.rt_tsk_pass       RTX_CM3.lib(rt_task.o)
    0x000025ec   0x000025ec   0x0000007c   Code   RO         1227    i.rt_tsk_prio       RTX_CM3.lib(rt_task.o)
    0x00002668   0x00002668   0x00000010   Code   RO         1228    i.rt_tsk_self       RTX_CM3.lib(rt_task.o)
    0x00002678   0x00002678   0x00000044   Code   RO          252    i.sendchar          retarget.o
    0x000026bc   0x000026bc   0x00000020   Code   RO           23    i.spi_tran          glcd_spi_lpc1700.o
    0x000026dc   0x000026dc   0x00000080   Code   RO           24    i.spi_tran_man      glcd_spi_lpc1700.o
    0x0000275c   0x0000275c   0x00000012   Code   RO          654    i.svcDelay          RTX_CM3.lib(rt_cmsis.o)
    0x0000276e   0x0000276e   0x00000002   PAD
    0x00002770   0x00002770   0x00000070   Code   RO          655    i.svcKernelInitialize  RTX_CM3.lib(rt_cmsis.o)
    0x000027e0   0x000027e0   0x00000048   Code   RO          657    i.svcKernelStart    RTX_CM3.lib(rt_cmsis.o)
    0x00002828   0x00002828   0x00000024   Code   RO          660    i.svcMessageCreate  RTX_CM3.lib(rt_cmsis.o)
    0x0000284c   0x0000284c   0x0000003a   Code   RO          661    i.svcMessageGet     RTX_CM3.lib(rt_cmsis.o)
    0x00002886   0x00002886   0x00000002   PAD
    0x00002888   0x00002888   0x0000006c   Code   RO          675    i.svcThreadCreate   RTX_CM3.lib(rt_cmsis.o)
    0x000028f4   0x000028f4   0x0000001c   Code   RO          676    i.svcThreadGetId    RTX_CM3.lib(rt_cmsis.o)
    0x00002910   0x00002910   0x00000038   Code   RO          679    i.svcThreadTerminate  RTX_CM3.lib(rt_cmsis.o)
    0x00002948   0x00002948   0x0000000a   Code   RO          680    i.svcThreadYield    RTX_CM3.lib(rt_cmsis.o)
    0x00002952   0x00002952   0x00000018   Code   RO          681    i.svcTimerCall      RTX_CM3.lib(rt_cmsis.o)
    0x0000296a   0x0000296a   0x00000002   PAD
    0x0000296c   0x0000296c   0x0000005c   Code   RO          690    i.sysTimerTick      RTX_CM3.lib(rt_cmsis.o)
    0x000029c8   0x000029c8   0x00000028   Code   RO           25    i.wr_cmd            glcd_spi_lpc1700.o
    0x000029f0   0x000029f0   0x00000028   Code   RO           26    i.wr_dat            glcd_spi_lpc1700.o
    0x00002a18   0x00002a18   0x00000012   Code   RO           27    i.wr_dat_only       glcd_spi_lpc1700.o
    0x00002a2a   0x00002a2a   0x00000002   PAD
    0x00002a2c   0x00002a2c   0x00000014   Code   RO           28    i.wr_dat_start      glcd_spi_lpc1700.o
    0x00002a40   0x00002a40   0x0000000c   Code   RO           29    i.wr_dat_stop       glcd_spi_lpc1700.o
    0x00002a4c   0x00002a4c   0x00000014   Code   RO           30    i.wr_reg            glcd_spi_lpc1700.o
    0x00002a60   0x00002a60   0x00000030   Data   RO          434    .constdata          main.o
    0x00002a90   0x00002a90   0x00000068   Data   RO          512    .constdata          rtx_conf_cm.o
    0x00002af8   0x00002af8   0x00000020   Data   RO         2142    Region$$Table       anon$$obj.o


    Execution Region ER_RW (Exec base: 0x10000000, Load base: 0x00002b18, Size: 0x00000390, Max: 0xffffffff, ABSOLUTE, COMPRESSED[0x0000001c])

    Exec Addr    Load Addr    Size         Type   Attr      Idx    E Section Name        Object

    0x10000000   COMPRESSED   0x00000005   Data   RW           32    .data               glcd_spi_lpc1700.o
    0x10000005   COMPRESSED   0x00000003   PAD
    0x10000008   COMPRESSED   0x0000000c   Data   RW          253    .data               retarget.o
    0x10000014   COMPRESSED   0x00000020   Data   RW          329    .data               uart.o
    0x10000034   COMPRESSED   0x00000314   Data   RW          435    .data               main.o
    0x10000348   COMPRESSED   0x00000010   Data   RW          513    .data               rtx_conf_cm.o
    0x10000358   COMPRESSED   0x00000004   Data   RW          558    .data               system_lpc17xx.o
    0x1000035c   COMPRESSED   0x00000008   Data   RW          693    .data               RTX_CM3.lib(rt_cmsis.o)
    0x10000364   COMPRESSED   0x00000008   Data   RW         1230    .data               RTX_CM3.lib(rt_task.o)
    0x1000036c   COMPRESSED   0x00000008   Data   RW         1315    .data               RTX_CM3.lib(rt_system.o)
    0x10000374   COMPRESSED   0x00000004   Data   RW         1609    .data               RTX_CM3.lib(rt_time.o)
    0x10000378   COMPRESSED   0x00000001   Data   RW         1728    .data               RTX_CM3.lib(hal_cm.o)
    0x10000379   COMPRESSED   0x00000003   PAD
    0x1000037c   COMPRESSED   0x00000008   Data   RW         1772    .data               RTX_CM3.lib(rt_robin.o)
    0x10000384   COMPRESSED   0x00000004   Data   RW         1810    .data               mc_w.l(rand.o)
    0x10000388   COMPRESSED   0x00000004   Data   RW         2123    .data               mc_w.l(mvars.o)
    0x1000038c   COMPRESSED   0x00000004   Data   RW         2124    .data               mc_w.l(mvars.o)


    Execution Region ER_ZI (Exec base: 0x10000390, Load base: 0x00002b34, Size: 0x00005218, Max: 0xffffffff, ABSOLUTE)

    Exec Addr    Load Addr    Size         Type   Attr      Idx    E Section Name        Object

    0x10000390        -       0x00000080   Zero   RW          328    .bss                uart.o
    0x10000410        -       0x00001130   Zero   RW          511    .bss                rtx_conf_cm.o
    0x10001540        -       0x00000034   Zero   RW         1229    .bss                RTX_CM3.lib(rt_task.o)
    0x10001574        -       0x00000030   Zero   RW         1449    .bss                RTX_CM3.lib(rt_list.o)
    0x100015a4   0x00002b34   0x00000004   PAD
    0x100015a8        -       0x00002000   Zero   RW          544    HEAP                startup_lpc17xx.o
    0x100035a8        -       0x00002000   Zero   RW          543    STACK               startup_lpc17xx.o


==============================================================================

Image component sizes


      Code (inc. data)   RO Data    RW Data    ZI Data      Debug   Object Name

      2432         90          0          5          0      32661   glcd_spi_lpc1700.o
      1400        124         48        788          0       9293   main.o
        82          4          0         12          0       2806   retarget.o
        62          6        104         16       4400       7568   rtx_conf_cm.o
        40         12        204          0      16384        972   startup_lpc17xx.o
       320         18          0          4          0        787   system_lpc17xx.o
       616         86          0         32        128      32203   uart.o

    ----------------------------------------------------------------------
      4962        340        388        860      20912      86290   Object Totals
         0          0         32          0          0          0   (incl. Generated)
        10          0          0          3          0          0   (incl. Padding)

    ----------------------------------------------------------------------

      Code (inc. data)   RO Data    RW Data    ZI Data      Debug   Library Member Name

       238         24          0          1          0       3312   hal_cm.o
       304         36          0          0          0        768   hal_cm3.o
      1234        162          0          8          0      35143   rt_cmsis.o
        80          4          0          0          0        661   rt_event.o
       566         44          0          0         48       8792   rt_list.o
       554         10          0          0          0       3949   rt_mailbox.o
       140          0          0          0          0       1925   rt_membox.o
       128          0          0          0          0       2307   rt_memory.o
        96         22          0          8          0       1158   rt_robin.o
        52          4          0          0          0        573   rt_semaphore.o
       298         52          0          8          0       6223   rt_system.o
      1264        184          0          8         52      10147   rt_task.o
         6          0          0          4          0        652   rt_time.o
         4          4          0          0          0        208   svc_table.o
        58          0          0          0          0          0   __dczerorl.o
         0          0          0          0          0          0   entry.o
         0          0          0          0          0          0   entry10a.o
         0          0          0          0          0          0   entry11a.o
         8          4          0          0          0          0   entry2.o
         4          0          0          0          0          0   entry5.o
         0          0          0          0          0          0   entry7b.o
         0          0          0          0          0          0   entry8b.o
        30          0          0          0          0          0   handlers.o
        36          8          0          0          0         68   init.o
       108         16          0          0          0         84   malloc.o
         0          0          0          8          0          0   mvars.o
       372         14          0          0          0        184   printf1.o
        36         10          0          4          0        136   rand.o
        44          0          0          0          0         80   uidiv.o

    ----------------------------------------------------------------------
      5682        598          0         52        104      76370   Library Totals
        22          0          0          3          4          0   (incl. Padding)

    ----------------------------------------------------------------------

      Code (inc. data)   RO Data    RW Data    ZI Data      Debug   Library Name

      4964        546          0         37        100      75818   RTX_CM3.lib
       696         52          0         12          0        552   mc_w.l

    ----------------------------------------------------------------------
      5682        598          0         52        104      76370   Library Totals

    ----------------------------------------------------------------------

==============================================================================


      Code (inc. data)   RO Data    RW Data    ZI Data      Debug   

     10644        938        388        912      21016     156860   Grand Totals
     10644        938        388         28      21016     156860   ELF Image Totals (compressed)
     10644        938        388         28          0          0   ROM Totals

==============================================================================

    Total RO  Size (Code + RO Data)                11032 (  10.77kB)
    Total RW  Size (RW Data + ZI Data)             21928 (  21.41kB)
    Total ROM Size (Code + RO Data + RW Data)      11060 (  10.80kB)

==============================================================================

